Archive member included to satisfy reference by file (symbol)

/tmp/arduino/sketches/55F37313A031E5E7A53B5A5F0CE85818/../../cores/arduino_samd_nano_33_iot_9d4f17967e2821b4176c24606b1aa8f8/core.a(SERCOM.cpp.o)
                              /tmp/arduino/sketches/55F37313A031E5E7A53B5A5F0CE85818/core/variant.cpp.o (SERCOM::SERCOM(Sercom*))
/tmp/arduino/sketches/55F37313A031E5E7A53B5A5F0CE85818/../../cores/arduino_samd_nano_33_iot_9d4f17967e2821b4176c24606b1aa8f8/core.a(CDC.cpp.o)
                              /tmp/arduino/sketches/55F37313A031E5E7A53B5A5F0CE85818/sketch/sketch_jan12a.ino.cpp.o (Serial_::begin(unsigned long))
/tmp/arduino/sketches/55F37313A031E5E7A53B5A5F0CE85818/../../cores/arduino_samd_nano_33_iot_9d4f17967e2821b4176c24606b1aa8f8/core.a(USBCore.cpp.o)
                              /tmp/arduino/sketches/55F37313A031E5E7A53B5A5F0CE85818/../../cores/arduino_samd_nano_33_iot_9d4f17967e2821b4176c24606b1aa8f8/core.a(CDC.cpp.o) (usbd)
/tmp/arduino/sketches/55F37313A031E5E7A53B5A5F0CE85818/../../cores/arduino_samd_nano_33_iot_9d4f17967e2821b4176c24606b1aa8f8/core.a(Uart.cpp.o)
                              /tmp/arduino/sketches/55F37313A031E5E7A53B5A5F0CE85818/core/variant.cpp.o (Uart::Uart(SERCOM*, unsigned char, unsigned char, SercomRXPad, SercomUartTXPad, unsigned char, unsigned char))
/tmp/arduino/sketches/55F37313A031E5E7A53B5A5F0CE85818/../../cores/arduino_samd_nano_33_iot_9d4f17967e2821b4176c24606b1aa8f8/core.a(PluggableUSB.cpp.o)
                              /tmp/arduino/sketches/55F37313A031E5E7A53B5A5F0CE85818/../../cores/arduino_samd_nano_33_iot_9d4f17967e2821b4176c24606b1aa8f8/core.a(USBCore.cpp.o) (arduino::PluggableUSB_::getInterface(unsigned char*))
/tmp/arduino/sketches/55F37313A031E5E7A53B5A5F0CE85818/../../cores/arduino_samd_nano_33_iot_9d4f17967e2821b4176c24606b1aa8f8/core.a(Print.cpp.o)
                              /tmp/arduino/sketches/55F37313A031E5E7A53B5A5F0CE85818/../../cores/arduino_samd_nano_33_iot_9d4f17967e2821b4176c24606b1aa8f8/core.a(Uart.cpp.o) (arduino::Print::write(unsigned char const*, unsigned int))
/tmp/arduino/sketches/55F37313A031E5E7A53B5A5F0CE85818/../../cores/arduino_samd_nano_33_iot_9d4f17967e2821b4176c24606b1aa8f8/core.a(cortex_handlers.c.o)
                              (Reset_Handler)
/tmp/arduino/sketches/55F37313A031E5E7A53B5A5F0CE85818/../../cores/arduino_samd_nano_33_iot_9d4f17967e2821b4176c24606b1aa8f8/core.a(delay.c.o)
                              /tmp/arduino/sketches/55F37313A031E5E7A53B5A5F0CE85818/../../cores/arduino_samd_nano_33_iot_9d4f17967e2821b4176c24606b1aa8f8/core.a(CDC.cpp.o) (millis)
/tmp/arduino/sketches/55F37313A031E5E7A53B5A5F0CE85818/../../cores/arduino_samd_nano_33_iot_9d4f17967e2821b4176c24606b1aa8f8/core.a(hooks.c.o)
                              /tmp/arduino/sketches/55F37313A031E5E7A53B5A5F0CE85818/../../cores/arduino_samd_nano_33_iot_9d4f17967e2821b4176c24606b1aa8f8/core.a(delay.c.o) (yield)
/tmp/arduino/sketches/55F37313A031E5E7A53B5A5F0CE85818/../../cores/arduino_samd_nano_33_iot_9d4f17967e2821b4176c24606b1aa8f8/core.a(main.cpp.o)
                              /home/alireza/.arduino15/packages/arduino/tools/arm-none-eabi-gcc/7-2017q4/bin/../lib/gcc/arm-none-eabi/7.2.1/../../../../arm-none-eabi/lib/thumb/v6-m/crt0.o (main)
/tmp/arduino/sketches/55F37313A031E5E7A53B5A5F0CE85818/../../cores/arduino_samd_nano_33_iot_9d4f17967e2821b4176c24606b1aa8f8/core.a(new.cpp.o)
                              /tmp/arduino/sketches/55F37313A031E5E7A53B5A5F0CE85818/../../cores/arduino_samd_nano_33_iot_9d4f17967e2821b4176c24606b1aa8f8/core.a(USBCore.cpp.o) (operator new(unsigned int))
/tmp/arduino/sketches/55F37313A031E5E7A53B5A5F0CE85818/../../cores/arduino_samd_nano_33_iot_9d4f17967e2821b4176c24606b1aa8f8/core.a(startup.c.o)
                              /tmp/arduino/sketches/55F37313A031E5E7A53B5A5F0CE85818/../../cores/arduino_samd_nano_33_iot_9d4f17967e2821b4176c24606b1aa8f8/core.a(cortex_handlers.c.o) (SystemInit)
/tmp/arduino/sketches/55F37313A031E5E7A53B5A5F0CE85818/../../cores/arduino_samd_nano_33_iot_9d4f17967e2821b4176c24606b1aa8f8/core.a(wiring.c.o)
                              /tmp/arduino/sketches/55F37313A031E5E7A53B5A5F0CE85818/../../cores/arduino_samd_nano_33_iot_9d4f17967e2821b4176c24606b1aa8f8/core.a(main.cpp.o) (init)
/tmp/arduino/sketches/55F37313A031E5E7A53B5A5F0CE85818/../../cores/arduino_samd_nano_33_iot_9d4f17967e2821b4176c24606b1aa8f8/core.a(wiring_analog.c.o)
                              /tmp/arduino/sketches/55F37313A031E5E7A53B5A5F0CE85818/../../cores/arduino_samd_nano_33_iot_9d4f17967e2821b4176c24606b1aa8f8/core.a(wiring.c.o) (analogReference)
/tmp/arduino/sketches/55F37313A031E5E7A53B5A5F0CE85818/../../cores/arduino_samd_nano_33_iot_9d4f17967e2821b4176c24606b1aa8f8/core.a(wiring_digital.c.o)
                              /tmp/arduino/sketches/55F37313A031E5E7A53B5A5F0CE85818/core/variant.cpp.o (pinMode)
[...]
Memory Configuration

Name             Origin             Length             Attributes
FLASH            0x0000000000002000 0x000000000003e000 xr
RAM              0x0000000020000000 0x0000000000008000 xrw
*default*        0x0000000000000000 0xffffffffffffffff

Linker script and memory map

LOAD /home/alireza/.arduino15/packages/arduino/tools/arm-none-eabi-gcc/7-2017q4/bin/../lib/gcc/arm-none-eabi/7.2.1/thumb/v6-m/crti.o
LOAD /home/alireza/.arduino15/packages/arduino/tools/arm-none-eabi-gcc/7-2017q4/bin/../lib/gcc/arm-none-eabi/7.2.1/thumb/v6-m/crtbegin.o
LOAD /home/alireza/.arduino15/packages/arduino/tools/arm-none-eabi-gcc/7-2017q4/bin/../lib/gcc/arm-none-eabi/7.2.1/../../../../arm-none-eabi/lib/thumb/v6-m/crt0.o
LOAD /tmp/arduino/sketches/55F37313A031E5E7A53B5A5F0CE85818/sketch/sketch_jan12a.ino.cpp.o
LOAD /tmp/arduino/sketches/55F37313A031E5E7A53B5A5F0CE85818/core/variant.cpp.o
START GROUP
LOAD /home/alireza/.arduino15/packages/arduino/tools/CMSIS/4.5.0/CMSIS/Lib/GCC//libarm_cortexM0l_math.a
LOAD /tmp/arduino/sketches/55F37313A031E5E7A53B5A5F0CE85818/../../cores/arduino_samd_nano_33_iot_9d4f17967e2821b4176c24606b1aa8f8/core.a
END GROUP
LOAD /home/alireza/.arduino15/packages/arduino/tools/arm-none-eabi-gcc/7-2017q4/bin/../lib/gcc/arm-none-eabi/7.2.1/../../../../arm-none-eabi/lib/thumb/v6-m/libstdc++_nano.a
LOAD /home/alireza/.arduino15/packages/arduino/tools/arm-none-eabi-gcc/7-2017q4/bin/../lib/gcc/arm-none-eabi/7.2.1/../../../../arm-none-eabi/lib/thumb/v6-m/libm.a
START GROUP
LOAD /home/alireza/.arduino15/packages/arduino/tools/arm-none-eabi-gcc/7-2017q4/bin/../lib/gcc/arm-none-eabi/7.2.1/thumb/v6-m/libgcc.a
LOAD /home/alireza/.arduino15/packages/arduino/tools/arm-none-eabi-gcc/7-2017q4/bin/../lib/gcc/arm-none-eabi/7.2.1/../../../../arm-none-eabi/lib/thumb/v6-m/libc_nano.a
END GROUP
START GROUP
LOAD /home/alireza/.arduino15/packages/arduino/tools/arm-none-eabi-gcc/7-2017q4/bin/../lib/gcc/arm-none-eabi/7.2.1/thumb/v6-m/libgcc.a
LOAD /home/alireza/.arduino15/packages/arduino/tools/arm-none-eabi-gcc/7-2017q4/bin/../lib/gcc/arm-none-eabi/7.2.1/../../../../arm-none-eabi/lib/thumb/v6-m/libc_nano.a
LOAD /home/alireza/.arduino15/packages/arduino/tools/arm-none-eabi-gcc/7-2017q4/bin/../lib/gcc/arm-none-eabi/7.2.1/../../../../arm-none-eabi/lib/thumb/v6-m/libnosys.a
END GROUP
START GROUP
LOAD /home/alireza/.arduino15/packages/arduino/tools/arm-none-eabi-gcc/7-2017q4/bin/../lib/gcc/arm-none-eabi/7.2.1/thumb/v6-m/libgcc.a
LOAD /home/alireza/.arduino15/packages/arduino/tools/arm-none-eabi-gcc/7-2017q4/bin/../lib/gcc/arm-none-eabi/7.2.1/../../../../arm-none-eabi/lib/thumb/v6-m/libc_nano.a
LOAD /home/alireza/.arduino15/packages/arduino/tools/arm-none-eabi-gcc/7-2017q4/bin/../lib/gcc/arm-none-eabi/7.2.1/../../../../arm-none-eabi/lib/thumb/v6-m/libnosys.a
END GROUP
LOAD /home/alireza/.arduino15/packages/arduino/tools/arm-none-eabi-gcc/7-2017q4/bin/../lib/gcc/arm-none-eabi/7.2.1/thumb/v6-m/crtend.o
LOAD /home/alireza/.arduino15/packages/arduino/tools/arm-none-eabi-gcc/7-2017q4/bin/../lib/gcc/arm-none-eabi/7.2.1/thumb/v6-m/crtn.o

.text           0x0000000000002000     0x2c08
                0x0000000000002000                __text_start__ = .
 *(.sketch_boot)
                0x0000000000002000                . = ALIGN (0x2000)
 *(.isr_vector)
 .isr_vector    0x0000000000002000       0xb4 /tmp/arduino/sketches/55F37313A031E5E7A53B5A5F0CE85818/../../cores/arduino_samd_nano_33_iot_9d4f17967e2821b4176c24606b1aa8f8/core.a(cortex_handlers.c.o)
                0x0000000000002000                exception_table
 *(.text*)
 .text          0x00000000000020b4       0x48 /home/alireza/.arduino15/packages/arduino/tools/arm-none-eabi-gcc/7-2017q4/bin/../lib/gcc/arm-none-eabi/7.2.1/thumb/v6-m/crtbegin.o
 .text.loop     0x00000000000020fc        0x2 /tmp/arduino/sketches/55F37313A031E5E7A53B5A5F0CE85818/sketch/sketch_jan12a.ino.cpp.o
                0x00000000000020fc                loop
 *fill*         0x00000000000020fe        0x2 
 .text.setup    0x0000000000002100       0x14 /tmp/arduino/sketches/55F37313A031E5E7A53B5A5F0CE85818/sketch/sketch_jan12a.ino.cpp.o
                0x0000000000002100                setup
 .text.initVariant
                0x0000000000002114       0x24 /tmp/arduino/sketches/55F37313A031E5E7A53B5A5F0CE85818/core/variant.cpp.o
                0x0000000000002114                initVariant
 .text.SERCOM5_Handler
                0x0000000000002138       0x10 /tmp/arduino/sketches/55F37313A031E5E7A53B5A5F0CE85818/core/variant.cpp.o
                0x0000000000002138                SERCOM5_Handler
 .text.SERCOM3_Handler
                0x0000000000002148       0x10 /tmp/arduino/sketches/55F37313A031E5E7A53B5A5F0CE85818/core/variant.cpp.o
                0x0000000000002148                SERCOM3_Handler
 .text.SERCOM2_Handler
                0x0000000000002158       0x10 /tmp/arduino/sketches/55F37313A031E5E7A53B5A5F0CE85818/core/variant.cpp.o
                0x0000000000002158                SERCOM2_Handler
 .text.startup._GLOBAL__sub_I_g_APinDescription
                0x0000000000002168       0xbc /tmp/arduino/sketches/55F37313A031E5E7A53B5A5F0CE85818/core/variant.cpp.o
 .text._ZN6SERCOMC2EP6Sercom
                0x0000000000002224        0x8 /tmp/arduino/sketches/55F37313A031E5E7A53B5A5F0CE85818/../../cores/arduino_samd_nano_33_iot_9d4f17967e2821b4176c24606b1aa8f8/core.a(SERCOM.cpp.o)
                0x0000000000002224                SERCOM::SERCOM(Sercom*)
                0x0000000000002224                SERCOM::SERCOM(Sercom*)
 .text._ZN6SERCOM9initFrameE18SercomUartCharSize15SercomDataOrder16SercomParityMode19SercomNumberStopBit
                0x000000000000222c       0x3a /tmp/arduino/sketches/55F37313A031E5E7A53B5A5F0CE85818/../../cores/arduino_samd_nano_33_iot_9d4f17967e2821b4176c24606b1aa8f8/core.a(SERCOM.cpp.o)
                0x000000000000222c                SERCOM::initFrame(SercomUartCharSize, SercomDataOrder, SercomParityMode, SercomNumberStopBit)
 .text._ZN6SERCOM8initPadsE15SercomUartTXPad11SercomRXPad
                0x0000000000002266       0x26 /tmp/arduino/sketches/55F37313A031E5E7A53B5A5F0CE85818/../../cores/arduino_samd_nano_33_iot_9d4f17967e2821b4176c24606b1aa8f8/core.a(SERCOM.cpp.o)
                0x0000000000002266                SERCOM::initPads(SercomUartTXPad, SercomRXPad)
 .text._ZN6SERCOM9resetUARTEv
                0x000000000000228c       0x1a /tmp/arduino/sketches/55F37313A031E5E7A53B5A5F0CE85818/../../cores/arduino_samd_nano_33_iot_9d4f17967e2821b4176c24606b1aa8f8/core.a(SERCOM.cpp.o)
                0x000000000000228c                SERCOM::resetUART()
 .text._ZN6SERCOM10enableUARTEv
                0x00000000000022a6       0x14 /tmp/arduino/sketches/55F37313A031E5E7A53B5A5F0CE85818/../../cores/arduino_samd_nano_33_iot_9d4f17967e2821b4176c24606b1aa8f8/core.a(SERCOM.cpp.o)
                0x00000000000022a6                SERCOM::enableUART()
 .text._ZN6SERCOM9flushUARTEv
                0x00000000000022ba       0x14 /tmp/arduino/sketches/55F37313A031E5E7A53B5A5F0CE85818/../../cores/arduino_samd_nano_33_iot_9d4f17967e2821b4176c24606b1aa8f8/core.a(SERCOM.cpp.o)
                0x00000000000022ba                SERCOM::flushUART()
 .text._ZN6SERCOM15clearStatusUARTEv
                0x00000000000022ce        0x8 /tmp/arduino/sketches/55F37313A031E5E7A53B5A5F0CE85818/../../cores/arduino_samd_nano_33_iot_9d4f17967e2821b4176c24606b1aa8f8/core.a(SERCOM.cpp.o)
                0x00000000000022ce                SERCOM::clearStatusUART()
 .text._ZN6SERCOM17availableDataUARTEv
                0x00000000000022d6        0xa /tmp/arduino/sketches/55F37313A031E5E7A53B5A5F0CE85818/../../cores/arduino_samd_nano_33_iot_9d4f17967e2821b4176c24606b1aa8f8/core.a(SERCOM.cpp.o)
                0x00000000000022d6                SERCOM::availableDataUART()
 .text._ZN6SERCOM11isUARTErrorEv
                0x00000000000022e0        0x8 /tmp/arduino/sketches/55F37313A031E5E7A53B5A5F0CE85818/../../cores/arduino_samd_nano_33_iot_9d4f17967e2821b4176c24606b1aa8f8/core.a(SERCOM.cpp.o)
                0x00000000000022e0                SERCOM::isUARTError()
 .text._ZN6SERCOM20acknowledgeUARTErrorEv
                0x00000000000022e8        0xe /tmp/arduino/sketches/55F37313A031E5E7A53B5A5F0CE85818/../../cores/arduino_samd_nano_33_iot_9d4f17967e2821b4176c24606b1aa8f8/core.a(SERCOM.cpp.o)
                0x00000000000022e8                SERCOM::acknowledgeUARTError()
 .text._ZN6SERCOM16isFrameErrorUARTEv
                0x00000000000022f6        0xa /tmp/arduino/sketches/55F37313A031E5E7A53B5A5F0CE85818/../../cores/arduino_samd_nano_33_iot_9d4f17967e2821b4176c24606b1aa8f8/core.a(SERCOM.cpp.o)
                0x00000000000022f6                SERCOM::isFrameErrorUART()
 .text._ZN6SERCOM19clearFrameErrorUARTEv
                0x0000000000002300        0xc /tmp/arduino/sketches/55F37313A031E5E7A53B5A5F0CE85818/../../cores/arduino_samd_nano_33_iot_9d4f17967e2821b4176c24606b1aa8f8/core.a(SERCOM.cpp.o)
                0x0000000000002300                SERCOM::clearFrameErrorUART()
 .text._ZN6SERCOM23isDataRegisterEmptyUARTEv
                0x000000000000230c        0xa /tmp/arduino/sketches/55F37313A031E5E7A53B5A5F0CE85818/../../cores/arduino_samd_nano_33_iot_9d4f17967e2821b4176c24606b1aa8f8/core.a(SERCOM.cpp.o)
                0x000000000000230c                SERCOM::isDataRegisterEmptyUART()
 .text._ZN6SERCOM12readDataUARTEv
                0x0000000000002316        0x8 /tmp/arduino/sketches/55F37313A031E5E7A53B5A5F0CE85818/../../cores/arduino_samd_nano_33_iot_9d4f17967e2821b4176c24606b1aa8f8/core.a(SERCOM.cpp.o)
                0x0000000000002316                SERCOM::readDataUART()
 .text._ZN6SERCOM13writeDataUARTEh
                0x000000000000231e       0x14 /tmp/arduino/sketches/55F37313A031E5E7A53B5A5F0CE85818/../../cores/arduino_samd_nano_33_iot_9d4f17967e2821b4176c24606b1aa8f8/core.a(SERCOM.cpp.o)
                0x000000000000231e                SERCOM::writeDataUART(unsigned char)
 .text._ZN6SERCOM36enableDataRegisterEmptyInterruptUARTEv
                0x0000000000002332        0x8 /tmp/arduino/sketches/55F37313A031E5E7A53B5A5F0CE85818/../../cores/arduino_samd_nano_33_iot_9d4f17967e2821b4176c24606b1aa8f8/core.a(SERCOM.cpp.o)
                0x0000000000002332                SERCOM::enableDataRegisterEmptyInterruptUART()
 .text._ZN6SERCOM37disableDataRegisterEmptyInterruptUARTEv
                0x000000000000233a        0x8 /tmp/arduino/sketches/55F37313A031E5E7A53B5A5F0CE85818/../../cores/arduino_samd_nano_33_iot_9d4f17967e2821b4176c24606b1aa8f8/core.a(SERCOM.cpp.o)
                0x000000000000233a                SERCOM::disableDataRegisterEmptyInterruptUART()
 *fill*         0x0000000000002342        0x2 
 .text._ZN6SERCOM13initClockNVICEv
                0x0000000000002344       0xa8 /tmp/arduino/sketches/55F37313A031E5E7A53B5A5F0CE85818/../../cores/arduino_samd_nano_33_iot_9d4f17967e2821b4176c24606b1aa8f8/core.a(SERCOM.cpp.o)
                0x0000000000002344                SERCOM::initClockNVIC()
 .text._ZN6SERCOM8initUARTE14SercomUartMode20SercomUartSampleRatem
                0x00000000000023ec       0x6c /tmp/arduino/sketches/55F37313A031E5E7A53B5A5F0CE85818/../../cores/arduino_samd_nano_33_iot_9d4f17967e2821b4176c24606b1aa8f8/core.a(SERCOM.cpp.o)
                0x00000000000023ec                SERCOM::initUART(SercomUartMode, SercomUartSampleRate, unsigned long)
 .text._ZN7Serial_13getDescriptorERN7arduino8USBSetupE
                0x0000000000002458        0x4 /tmp/arduino/sketches/55F37313A031E5E7A53B5A5F0CE85818/../../cores/arduino_samd_nano_33_iot_9d4f17967e2821b4176c24606b1aa8f8/core.a(CDC.cpp.o)
                0x0000000000002458                Serial_::getDescriptor(arduino::USBSetup&)
 .text._ZL5utox8mPc
                0x000000000000245c       0x24 /tmp/arduino/sketches/55F37313A031E5E7A53B5A5F0CE85818/../../cores/arduino_samd_nano_33_iot_9d4f17967e2821b4176c24606b1aa8f8/core.a(CDC.cpp.o)
 .text._ZN7Serial_12getShortNameEPc
                0x0000000000002480       0x44 /tmp/arduino/sketches/55F37313A031E5E7A53B5A5F0CE85818/../../cores/arduino_samd_nano_33_iot_9d4f17967e2821b4176c24606b1aa8f8/core.a(CDC.cpp.o)
                0x0000000000002480                Serial_::getShortName(char*)
 .text._ZThn16_N7Serial_12getShortNameEPc
                0x00000000000024c4       0x10 /tmp/arduino/sketches/55F37313A031E5E7A53B5A5F0CE85818/../../cores/arduino_samd_nano_33_iot_9d4f17967e2821b4176c24606b1aa8f8/core.a(CDC.cpp.o)
                0x00000000000024c4                non-virtual thunk to Serial_::getShortName(char*)
 .text._ZN7Serial_5beginEm
                0x00000000000024d4        0x2 /tmp/arduino/sketches/55F37313A031E5E7A53B5A5F0CE85818/../../cores/arduino_samd_nano_33_iot_9d4f17967e2821b4176c24606b1aa8f8/core.a(CDC.cpp.o)
                0x00000000000024d4                Serial_::begin(unsigned long)
 .text._ZN7Serial_5beginEmt
                0x00000000000024d6        0x2 /tmp/arduino/sketches/55F37313A031E5E7A53B5A5F0CE85818/../../cores/arduino_samd_nano_33_iot_9d4f17967e2821b4176c24606b1aa8f8/core.a(CDC.cpp.o)
                0x00000000000024d6                Serial_::begin(unsigned long, unsigned short)
 .text._ZN7Serial_17availableForWriteEv
                0x00000000000024d8        0x4 /tmp/arduino/sketches/55F37313A031E5E7A53B5A5F0CE85818/../../cores/arduino_samd_nano_33_iot_9d4f17967e2821b4176c24606b1aa8f8/core.a(CDC.cpp.o)
                0x00000000000024d8                Serial_::availableForWrite()
 .text._ZN7Serial_5writeEh
                0x00000000000024dc       0x14 /tmp/arduino/sketches/55F37313A031E5E7A53B5A5F0CE85818/../../cores/arduino_samd_nano_33_iot_9d4f17967e2821b4176c24606b1aa8f8/core.a(CDC.cpp.o)
                0x00000000000024dc                Serial_::write(unsigned char)
 .text._ZN7Serial_12getInterfaceEPh
                0x00000000000024f0      0x11c /tmp/arduino/sketches/55F37313A031E5E7A53B5A5F0CE85818/../../cores/arduino_samd_nano_33_iot_9d4f17967e2821b4176c24606b1aa8f8/core.a(CDC.cpp.o)
                0x00000000000024f0                Serial_::getInterface(unsigned char*)
 .text._ZThn16_N7Serial_12getInterfaceEPh
                0x000000000000260c       0x10 /tmp/arduino/sketches/55F37313A031E5E7A53B5A5F0CE85818/../../cores/arduino_samd_nano_33_iot_9d4f17967e2821b4176c24606b1aa8f8/core.a(CDC.cpp.o)
                0x000000000000260c                non-virtual thunk to Serial_::getInterface(unsigned char*)
 .text._ZN7Serial_5setupERN7arduino8USBSetupE
                0x000000000000261c       0x98 /tmp/arduino/sketches/55F37313A031E5E7A53B5A5F0CE85818/../../cores/arduino_samd_nano_33_iot_9d4f17967e2821b4176c24606b1aa8f8/core.a(CDC.cpp.o)
                0x000000000000261c                Serial_::setup(arduino::USBSetup&)
 .text._ZThn16_N7Serial_5setupERN7arduino8USBSetupE
                0x00000000000026b4       0x10 /tmp/arduino/sketches/55F37313A031E5E7A53B5A5F0CE85818/../../cores/arduino_samd_nano_33_iot_9d4f17967e2821b4176c24606b1aa8f8/core.a(CDC.cpp.o)
                0x00000000000026b4                non-virtual thunk to Serial_::setup(arduino::USBSetup&)
 .text._ZN7Serial_3endEv
                0x00000000000026c4       0x14 /tmp/arduino/sketches/55F37313A031E5E7A53B5A5F0CE85818/../../cores/arduino_samd_nano_33_iot_9d4f17967e2821b4176c24606b1aa8f8/core.a(CDC.cpp.o)
                0x00000000000026c4                Serial_::end()
 .text._ZN7Serial_9availableEv
                0x00000000000026d8       0x20 /tmp/arduino/sketches/55F37313A031E5E7A53B5A5F0CE85818/../../cores/arduino_samd_nano_33_iot_9d4f17967e2821b4176c24606b1aa8f8/core.a(CDC.cpp.o)
                0x00000000000026d8                Serial_::available()
 .text._ZN7Serial_5flushEv
                0x00000000000026f8        0xe /tmp/arduino/sketches/55F37313A031E5E7A53B5A5F0CE85818/../../cores/arduino_samd_nano_33_iot_9d4f17967e2821b4176c24606b1aa8f8/core.a(CDC.cpp.o)
                0x00000000000026f8                Serial_::flush()
 .text._ZN7Serial_5clearEv
                0x0000000000002706        0xe /tmp/arduino/sketches/55F37313A031E5E7A53B5A5F0CE85818/../../cores/arduino_samd_nano_33_iot_9d4f17967e2821b4176c24606b1aa8f8/core.a(CDC.cpp.o)
                0x0000000000002706                Serial_::clear()
 .text._ZN7Serial_5writeEPKhj
                0x0000000000002714       0x1e /tmp/arduino/sketches/55F37313A031E5E7A53B5A5F0CE85818/../../cores/arduino_samd_nano_33_iot_9d4f17967e2821b4176c24606b1aa8f8/core.a(CDC.cpp.o)
                0x0000000000002714                Serial_::write(unsigned char const*, unsigned int)
 *fill*         0x0000000000002732        0x2 
 .text._ZN7Serial_4peekEv
                0x0000000000002734       0x1c /tmp/arduino/sketches/55F37313A031E5E7A53B5A5F0CE85818/../../cores/arduino_samd_nano_33_iot_9d4f17967e2821b4176c24606b1aa8f8/core.a(CDC.cpp.o)
                0x0000000000002734                Serial_::peek()
 .text._ZN7Serial_4readEv
                0x0000000000002750       0x24 /tmp/arduino/sketches/55F37313A031E5E7A53B5A5F0CE85818/../../cores/arduino_samd_nano_33_iot_9d4f17967e2821b4176c24606b1aa8f8/core.a(CDC.cpp.o)
                0x0000000000002750                Serial_::read()
 .text._ZN7Serial_cvbEv
                0x0000000000002774       0x28 /tmp/arduino/sketches/55F37313A031E5E7A53B5A5F0CE85818/../../cores/arduino_samd_nano_33_iot_9d4f17967e2821b4176c24606b1aa8f8/core.a(CDC.cpp.o)
                0x0000000000002774                Serial_::operator bool()
 .text._ZThn16_N7Serial_13getDescriptorERN7arduino8USBSetupE
                0x000000000000279c        0x4 /tmp/arduino/sketches/55F37313A031E5E7A53B5A5F0CE85818/../../cores/arduino_samd_nano_33_iot_9d4f17967e2821b4176c24606b1aa8f8/core.a(CDC.cpp.o)
                0x000000000000279c                non-virtual thunk to Serial_::getDescriptor(arduino::USBSetup&)
 .text.resetExternalChip
                0x00000000000027a0        0x2 /tmp/arduino/sketches/55F37313A031E5E7A53B5A5F0CE85818/../../cores/arduino_samd_nano_33_iot_9d4f17967e2821b4176c24606b1aa8f8/core.a(CDC.cpp.o)
                0x00000000000027a0                resetExternalChip
 .text._ZN7Serial_14handleEndpointEi
                0x00000000000027a2        0x2 /tmp/arduino/sketches/55F37313A031E5E7A53B5A5F0CE85818/../../cores/arduino_samd_nano_33_iot_9d4f17967e2821b4176c24606b1aa8f8/core.a(CDC.cpp.o)
                0x00000000000027a2                Serial_::handleEndpoint(int)
 .text._ZN7Serial_C2ER14USBDeviceClass
                0x00000000000027a4       0x50 /tmp/arduino/sketches/55F37313A031E5E7A53B5A5F0CE85818/../../cores/arduino_samd_nano_33_iot_9d4f17967e2821b4176c24606b1aa8f8/core.a(CDC.cpp.o)
                0x00000000000027a4                Serial_::Serial_(USBDeviceClass&)
                0x00000000000027a4                Serial_::Serial_(USBDeviceClass&)
 .text._ZN7Serial_15enableInterruptEv
                0x00000000000027f4       0x30 /tmp/arduino/sketches/55F37313A031E5E7A53B5A5F0CE85818/../../cores/arduino_samd_nano_33_iot_9d4f17967e2821b4176c24606b1aa8f8/core.a(CDC.cpp.o)
                0x00000000000027f4                Serial_::enableInterrupt()
 .text.startup._GLOBAL__sub_I__ZN7Serial_12getInterfaceEPh
                0x0000000000002824       0x14 /tmp/arduino/sketches/55F37313A031E5E7A53B5A5F0CE85818/../../cores/arduino_samd_nano_33_iot_9d4f17967e2821b4176c24606b1aa8f8/core.a(CDC.cpp.o)
 .text._ZN26DoubleBufferedEPOutHandlerD2Ev
                0x0000000000002838        0x2 /tmp/arduino/sketches/55F37313A031E5E7A53B5A5F0CE85818/../../cores/arduino_samd_nano_33_iot_9d4f17967e2821b4176c24606b1aa8f8/core.a(USBCore.cpp.o)
                0x0000000000002838                DoubleBufferedEPOutHandler::~DoubleBufferedEPOutHandler()
                0x0000000000002838                DoubleBufferedEPOutHandler::~DoubleBufferedEPOutHandler()
 .text._ZN26DoubleBufferedEPOutHandlerD0Ev
                0x000000000000283a        0xc /tmp/arduino/sketches/55F37313A031E5E7A53B5A5F0CE85818/../../cores/arduino_samd_nano_33_iot_9d4f17967e2821b4176c24606b1aa8f8/core.a(USBCore.cpp.o)
                0x000000000000283a                DoubleBufferedEPOutHandler::~DoubleBufferedEPOutHandler()
 *fill*         0x0000000000002846        0x2 
 .text._ZN14USBDeviceClass6initEPEmm.part.7
                0x0000000000002848       0xc4 /tmp/arduino/sketches/55F37313A031E5E7A53B5A5F0CE85818/../../cores/arduino_samd_nano_33_iot_9d4f17967e2821b4176c24606b1aa8f8/core.a(USBCore.cpp.o)
 .text._ZN7__GuardC2Ev
                0x000000000000290c        0xe /tmp/arduino/sketches/55F37313A031E5E7A53B5A5F0CE85818/../../cores/arduino_samd_nano_33_iot_9d4f17967e2821b4176c24606b1aa8f8/core.a(USBCore.cpp.o)
                0x000000000000290c                __Guard::__Guard()
                0x000000000000290c                __Guard::__Guard()
 .text._ZN7__GuardD2Ev
                0x000000000000291a        0xe /tmp/arduino/sketches/55F37313A031E5E7A53B5A5F0CE85818/../../cores/arduino_samd_nano_33_iot_9d4f17967e2821b4176c24606b1aa8f8/core.a(USBCore.cpp.o)
                0x000000000000291a                __Guard::~__Guard()
                0x000000000000291a                __Guard::~__Guard()
 .text._ZNK26DoubleBufferedEPOutHandler10_availableEv
                0x0000000000002928       0x70 /tmp/arduino/sketches/55F37313A031E5E7A53B5A5F0CE85818/../../cores/arduino_samd_nano_33_iot_9d4f17967e2821b4176c24606b1aa8f8/core.a(USBCore.cpp.o)
                0x0000000000002928                DoubleBufferedEPOutHandler::_available() const
 .text._ZN26DoubleBufferedEPOutHandler7releaseEv
                0x0000000000002998       0x38 /tmp/arduino/sketches/55F37313A031E5E7A53B5A5F0CE85818/../../cores/arduino_samd_nano_33_iot_9d4f17967e2821b4176c24606b1aa8f8/core.a(USBCore.cpp.o)
                0x0000000000002998                DoubleBufferedEPOutHandler::release()
 .text._ZN26DoubleBufferedEPOutHandler14handleEndpointEv
                0x00000000000029d0       0xe2 /tmp/arduino/sketches/55F37313A031E5E7A53B5A5F0CE85818/../../cores/arduino_samd_nano_33_iot_9d4f17967e2821b4176c24606b1aa8f8/core.a(USBCore.cpp.o)
                0x00000000000029d0                DoubleBufferedEPOutHandler::handleEndpoint()
 .text._ZN14USBDeviceClass14SendInterfacesEPm
                0x0000000000002ab2       0x20 /tmp/arduino/sketches/55F37313A031E5E7A53B5A5F0CE85818/../../cores/arduino_samd_nano_33_iot_9d4f17967e2821b4176c24606b1aa8f8/core.a(USBCore.cpp.o)
                0x0000000000002ab2                USBDeviceClass::SendInterfaces(unsigned long*)
 *fill*         0x0000000000002ad2        0x2 
 .text._ZN14USBDeviceClass6attachEv
                0x0000000000002ad4       0x34 /tmp/arduino/sketches/55F37313A031E5E7A53B5A5F0CE85818/../../cores/arduino_samd_nano_33_iot_9d4f17967e2821b4176c24606b1aa8f8/core.a(USBCore.cpp.o)
                0x0000000000002ad4                USBDeviceClass::attach()
 .text._ZN14USBDeviceClass10setAddressEm
                0x0000000000002b08       0x48 /tmp/arduino/sketches/55F37313A031E5E7A53B5A5F0CE85818/../../cores/arduino_samd_nano_33_iot_9d4f17967e2821b4176c24606b1aa8f8/core.a(USBCore.cpp.o)
                0x0000000000002b08                USBDeviceClass::setAddress(unsigned long)
 .text._ZN14USBDeviceClass25handleClassInterfaceSetupERN7arduino8USBSetupE
                0x0000000000002b50       0x24 /tmp/arduino/sketches/55F37313A031E5E7A53B5A5F0CE85818/../../cores/arduino_samd_nano_33_iot_9d4f17967e2821b4176c24606b1aa8f8/core.a(USBCore.cpp.o)
                0x0000000000002b50                USBDeviceClass::handleClassInterfaceSetup(arduino::USBSetup&)
 .text._ZN14USBDeviceClass6initEPEmm
                0x0000000000002b74      0x10c /tmp/arduino/sketches/55F37313A031E5E7A53B5A5F0CE85818/../../cores/arduino_samd_nano_33_iot_9d4f17967e2821b4176c24606b1aa8f8/core.a(USBCore.cpp.o)
                0x0000000000002b74                USBDeviceClass::initEP(unsigned long, unsigned long)
 .text._ZN14USBDeviceClass13initEndpointsEv
                0x0000000000002c80       0x24 /tmp/arduino/sketches/55F37313A031E5E7A53B5A5F0CE85818/../../cores/arduino_samd_nano_33_iot_9d4f17967e2821b4176c24606b1aa8f8/core.a(USBCore.cpp.o)
                0x0000000000002c80                USBDeviceClass::initEndpoints()
 .text._ZN14USBDeviceClass5clearEm
                0x0000000000002ca4       0x38 /tmp/arduino/sketches/55F37313A031E5E7A53B5A5F0CE85818/../../cores/arduino_samd_nano_33_iot_9d4f17967e2821b4176c24606b1aa8f8/core.a(USBCore.cpp.o)
                0x0000000000002ca4                USBDeviceClass::clear(unsigned long)
 .text._ZN14USBDeviceClass9availableEm
                0x0000000000002cdc       0x2c /tmp/arduino/sketches/55F37313A031E5E7A53B5A5F0CE85818/../../cores/arduino_samd_nano_33_iot_9d4f17967e2821b4176c24606b1aa8f8/core.a(USBCore.cpp.o)
                0x0000000000002cdc                USBDeviceClass::available(unsigned long)
 .text._ZN14USBDeviceClass5flushEm
                0x0000000000002d08       0x2c /tmp/arduino/sketches/55F37313A031E5E7A53B5A5F0CE85818/../../cores/arduino_samd_nano_33_iot_9d4f17967e2821b4176c24606b1aa8f8/core.a(USBCore.cpp.o)
                0x0000000000002d08                USBDeviceClass::flush(unsigned long)
 .text._ZN14USBDeviceClass4recvEmPvm
                0x0000000000002d34       0xc0 /tmp/arduino/sketches/55F37313A031E5E7A53B5A5F0CE85818/../../cores/arduino_samd_nano_33_iot_9d4f17967e2821b4176c24606b1aa8f8/core.a(USBCore.cpp.o)
                0x0000000000002d34                USBDeviceClass::recv(unsigned long, void*, unsigned long)
 .text._ZN14USBDeviceClass4recvEm
                0x0000000000002df4       0x1c /tmp/arduino/sketches/55F37313A031E5E7A53B5A5F0CE85818/../../cores/arduino_samd_nano_33_iot_9d4f17967e2821b4176c24606b1aa8f8/core.a(USBCore.cpp.o)
                0x0000000000002df4                USBDeviceClass::recv(unsigned long)
 .text._ZN14USBDeviceClass14armRecvCtrlOUTEm
                0x0000000000002e10       0x5c /tmp/arduino/sketches/55F37313A031E5E7A53B5A5F0CE85818/../../cores/arduino_samd_nano_33_iot_9d4f17967e2821b4176c24606b1aa8f8/core.a(USBCore.cpp.o)
                0x0000000000002e10                USBDeviceClass::armRecvCtrlOUT(unsigned long)
 .text._ZN14USBDeviceClass11recvControlEPvm
                0x0000000000002e6c       0x28 /tmp/arduino/sketches/55F37313A031E5E7A53B5A5F0CE85818/../../cores/arduino_samd_nano_33_iot_9d4f17967e2821b4176c24606b1aa8f8/core.a(USBCore.cpp.o)
                0x0000000000002e6c                USBDeviceClass::recvControl(void*, unsigned long)
 .text._ZN14USBDeviceClass4sendEmPKvm
                0x0000000000002e94      0x10c /tmp/arduino/sketches/55F37313A031E5E7A53B5A5F0CE85818/../../cores/arduino_samd_nano_33_iot_9d4f17967e2821b4176c24606b1aa8f8/core.a(USBCore.cpp.o)
                0x0000000000002e94                USBDeviceClass::send(unsigned long, void const*, unsigned long)
 .text._ZN14USBDeviceClass7armSendEmPKvm
                0x0000000000002fa0       0x48 /tmp/arduino/sketches/55F37313A031E5E7A53B5A5F0CE85818/../../cores/arduino_samd_nano_33_iot_9d4f17967e2821b4176c24606b1aa8f8/core.a(USBCore.cpp.o)
                0x0000000000002fa0                USBDeviceClass::armSend(unsigned long, void const*, unsigned long)
 .text._ZN14USBDeviceClass11sendControlEPKvm
                0x0000000000002fe8       0x54 /tmp/arduino/sketches/55F37313A031E5E7A53B5A5F0CE85818/../../cores/arduino_samd_nano_33_iot_9d4f17967e2821b4176c24606b1aa8f8/core.a(USBCore.cpp.o)
                0x0000000000002fe8                USBDeviceClass::sendControl(void const*, unsigned long)
 .text._ZN14USBDeviceClass20sendStringDescriptorEPKhm
                0x000000000000303c       0x64 /tmp/arduino/sketches/55F37313A031E5E7A53B5A5F0CE85818/../../cores/arduino_samd_nano_33_iot_9d4f17967e2821b4176c24606b1aa8f8/core.a(USBCore.cpp.o)
                0x000000000000303c                USBDeviceClass::sendStringDescriptor(unsigned char const*, unsigned long)
 .text._ZN14USBDeviceClass17sendConfigurationEm
                0x00000000000030a0       0x80 /tmp/arduino/sketches/55F37313A031E5E7A53B5A5F0CE85818/../../cores/arduino_samd_nano_33_iot_9d4f17967e2821b4176c24606b1aa8f8/core.a(USBCore.cpp.o)
                0x00000000000030a0                USBDeviceClass::sendConfiguration(unsigned long)
 .text._ZN14USBDeviceClass14sendDescriptorERN7arduino8USBSetupE
                0x0000000000003120       0xd8 /tmp/arduino/sketches/55F37313A031E5E7A53B5A5F0CE85818/../../cores/arduino_samd_nano_33_iot_9d4f17967e2821b4176c24606b1aa8f8/core.a(USBCore.cpp.o)
                0x0000000000003120                USBDeviceClass::sendDescriptor(arduino::USBSetup&)
 .text._ZN14USBDeviceClass7sendZlpEm
                0x00000000000031f8       0x18 /tmp/arduino/sketches/55F37313A031E5E7A53B5A5F0CE85818/../../cores/arduino_samd_nano_33_iot_9d4f17967e2821b4176c24606b1aa8f8/core.a(USBCore.cpp.o)
                0x00000000000031f8                USBDeviceClass::sendZlp(unsigned long)
 .text._ZN14USBDeviceClass19handleStandardSetupERN7arduino8USBSetupE
                0x0000000000003210       0xf0 /tmp/arduino/sketches/55F37313A031E5E7A53B5A5F0CE85818/../../cores/arduino_samd_nano_33_iot_9d4f17967e2821b4176c24606b1aa8f8/core.a(USBCore.cpp.o)
                0x0000000000003210                USBDeviceClass::handleStandardSetup(arduino::USBSetup&)
 .text._ZN14USBDeviceClass10ISRHandlerEv
                0x0000000000003300      0x108 /tmp/arduino/sketches/55F37313A031E5E7A53B5A5F0CE85818/../../cores/arduino_samd_nano_33_iot_9d4f17967e2821b4176c24606b1aa8f8/core.a(USBCore.cpp.o)
                0x0000000000003300                USBDeviceClass::ISRHandler()
 .text.UDD_Handler
                0x0000000000003408       0x10 /tmp/arduino/sketches/55F37313A031E5E7A53B5A5F0CE85818/../../cores/arduino_samd_nano_33_iot_9d4f17967e2821b4176c24606b1aa8f8/core.a(USBCore.cpp.o)
                0x0000000000003408                UDD_Handler
 .text._ZN7arduino13PluggableUSB_C2Ev
                0x0000000000003418       0x10 /tmp/arduino/sketches/55F37313A031E5E7A53B5A5F0CE85818/../../cores/arduino_samd_nano_33_iot_9d4f17967e2821b4176c24606b1aa8f8/core.a(USBCore.cpp.o)
                0x0000000000003418                arduino::PluggableUSB_::PluggableUSB_()
                0x0000000000003418                arduino::PluggableUSB_::PluggableUSB_()
 .text._Z8epBufferj
                0x0000000000003428        0xc /tmp/arduino/sketches/55F37313A031E5E7A53B5A5F0CE85818/../../cores/arduino_samd_nano_33_iot_9d4f17967e2821b4176c24606b1aa8f8/core.a(USBCore.cpp.o)
                0x0000000000003428                epBuffer(unsigned int)
 .text._ZN7arduino11RingBufferNILi64EE10store_charEh
                0x0000000000003434       0x1c /tmp/arduino/sketches/55F37313A031E5E7A53B5A5F0CE85818/../../cores/arduino_samd_nano_33_iot_9d4f17967e2821b4176c24606b1aa8f8/core.a(USBCore.cpp.o)
                0x0000000000003434                arduino::RingBufferN<64>::store_char(unsigned char)
 .text._ZN26DoubleBufferedEPOutHandler5_recvEv
                0x0000000000003450      0x15e /tmp/arduino/sketches/55F37313A031E5E7A53B5A5F0CE85818/../../cores/arduino_samd_nano_33_iot_9d4f17967e2821b4176c24606b1aa8f8/core.a(USBCore.cpp.o)
                0x0000000000003450                DoubleBufferedEPOutHandler::_recv()
 .text._ZN26DoubleBufferedEPOutHandler9availableEv
                0x00000000000035ae        0xc /tmp/arduino/sketches/55F37313A031E5E7A53B5A5F0CE85818/../../cores/arduino_samd_nano_33_iot_9d4f17967e2821b4176c24606b1aa8f8/core.a(USBCore.cpp.o)
                0x00000000000035ae                DoubleBufferedEPOutHandler::available()
 .text._ZN26DoubleBufferedEPOutHandler4peekEv
                0x00000000000035ba       0x1c /tmp/arduino/sketches/55F37313A031E5E7A53B5A5F0CE85818/../../cores/arduino_samd_nano_33_iot_9d4f17967e2821b4176c24606b1aa8f8/core.a(USBCore.cpp.o)
                0x00000000000035ba                DoubleBufferedEPOutHandler::peek()
 .text._ZN26DoubleBufferedEPOutHandler4recvEPvm
                0x00000000000035d6       0x60 /tmp/arduino/sketches/55F37313A031E5E7A53B5A5F0CE85818/../../cores/arduino_samd_nano_33_iot_9d4f17967e2821b4176c24606b1aa8f8/core.a(USBCore.cpp.o)
                0x00000000000035d6                DoubleBufferedEPOutHandler::recv(void*, unsigned long)
 *fill*         0x0000000000003636        0x2 
 .text.startup._GLOBAL__sub_I_usbd
                0x0000000000003638       0x10 /tmp/arduino/sketches/55F37313A031E5E7A53B5A5F0CE85818/../../cores/arduino_samd_nano_33_iot_9d4f17967e2821b4176c24606b1aa8f8/core.a(USBCore.cpp.o)
 .text._ZN14USBDeviceClass4initEv
                0x0000000000003648      0x15c /tmp/arduino/sketches/55F37313A031E5E7A53B5A5F0CE85818/../../cores/arduino_samd_nano_33_iot_9d4f17967e2821b4176c24606b1aa8f8/core.a(USBCore.cpp.o)
                0x0000000000003648                USBDeviceClass::init()
 .text._ZN4UartcvbEv
                0x00000000000037a4        0x4 /tmp/arduino/sketches/55F37313A031E5E7A53B5A5F0CE85818/../../cores/arduino_samd_nano_33_iot_9d4f17967e2821b4176c24606b1aa8f8/core.a(Uart.cpp.o)
                0x00000000000037a4                Uart::operator bool()
 .text._ZN4Uart5beginEm
                0x00000000000037a8       0x10 /tmp/arduino/sketches/55F37313A031E5E7A53B5A5F0CE85818/../../cores/arduino_samd_nano_33_iot_9d4f17967e2821b4176c24606b1aa8f8/core.a(Uart.cpp.o)
                0x00000000000037a8                Uart::begin(unsigned long)
 .text._ZN4Uart9availableEv
                0x00000000000037b8        0x6 /tmp/arduino/sketches/55F37313A031E5E7A53B5A5F0CE85818/../../cores/arduino_samd_nano_33_iot_9d4f17967e2821b4176c24606b1aa8f8/core.a(Uart.cpp.o)
                0x00000000000037b8                Uart::available()
 .text._ZN4Uart17availableForWriteEv
                0x00000000000037be       0x10 /tmp/arduino/sketches/55F37313A031E5E7A53B5A5F0CE85818/../../cores/arduino_samd_nano_33_iot_9d4f17967e2821b4176c24606b1aa8f8/core.a(Uart.cpp.o)
                0x00000000000037be                Uart::availableForWrite()
 .text._ZN4Uart4peekEv
                0x00000000000037ce       0x18 /tmp/arduino/sketches/55F37313A031E5E7A53B5A5F0CE85818/../../cores/arduino_samd_nano_33_iot_9d4f17967e2821b4176c24606b1aa8f8/core.a(Uart.cpp.o)
                0x00000000000037ce                Uart::peek()
 .text._ZN4Uart3endEv
                0x00000000000037e6       0x24 /tmp/arduino/sketches/55F37313A031E5E7A53B5A5F0CE85818/../../cores/arduino_samd_nano_33_iot_9d4f17967e2821b4176c24606b1aa8f8/core.a(Uart.cpp.o)
                0x00000000000037e6                Uart::end()
 .text._ZN4Uart5flushEv
                0x000000000000380a       0x16 /tmp/arduino/sketches/55F37313A031E5E7A53B5A5F0CE85818/../../cores/arduino_samd_nano_33_iot_9d4f17967e2821b4176c24606b1aa8f8/core.a(Uart.cpp.o)
                0x000000000000380a                Uart::flush()
 .text._ZN4Uart16extractNbStopBitEt
                0x0000000000003820        0xc /tmp/arduino/sketches/55F37313A031E5E7A53B5A5F0CE85818/../../cores/arduino_samd_nano_33_iot_9d4f17967e2821b4176c24606b1aa8f8/core.a(Uart.cpp.o)
                0x0000000000003820                Uart::extractNbStopBit(unsigned short)
 .text._ZN4Uart15extractCharSizeEt
                0x000000000000382c       0x28 /tmp/arduino/sketches/55F37313A031E5E7A53B5A5F0CE85818/../../cores/arduino_samd_nano_33_iot_9d4f17967e2821b4176c24606b1aa8f8/core.a(Uart.cpp.o)
                0x000000000000382c                Uart::extractCharSize(unsigned short)
 .text._ZN4Uart13extractParityEt
                0x0000000000003854       0x14 /tmp/arduino/sketches/55F37313A031E5E7A53B5A5F0CE85818/../../cores/arduino_samd_nano_33_iot_9d4f17967e2821b4176c24606b1aa8f8/core.a(Uart.cpp.o)
                0x0000000000003854                Uart::extractParity(unsigned short)
 .text._ZN4Uart5beginEmt
                0x0000000000003868       0xf8 /tmp/arduino/sketches/55F37313A031E5E7A53B5A5F0CE85818/../../cores/arduino_samd_nano_33_iot_9d4f17967e2821b4176c24606b1aa8f8/core.a(Uart.cpp.o)
                0x0000000000003868                Uart::begin(unsigned long, unsigned short)
 .text._ZN7arduino11RingBufferNILi256EEC2Ev
                0x0000000000003960       0x1e /tmp/arduino/sketches/55F37313A031E5E7A53B5A5F0CE85818/../../cores/arduino_samd_nano_33_iot_9d4f17967e2821b4176c24606b1aa8f8/core.a(Uart.cpp.o)
                0x0000000000003960                arduino::RingBufferN<256>::RingBufferN()
                0x0000000000003960                arduino::RingBufferN<256>::RingBufferN()
 *fill*         0x000000000000397e        0x2 
 .text._ZN4UartC2EP6SERCOMhh11SercomRXPad15SercomUartTXPadhh
                0x0000000000003980       0x88 /tmp/arduino/sketches/55F37313A031E5E7A53B5A5F0CE85818/../../cores/arduino_samd_nano_33_iot_9d4f17967e2821b4176c24606b1aa8f8/core.a(Uart.cpp.o)
                0x0000000000003980                Uart::Uart(SERCOM*, unsigned char, unsigned char, SercomRXPad, SercomUartTXPad, unsigned char, unsigned char)
                0x0000000000003980                Uart::Uart(SERCOM*, unsigned char, unsigned char, SercomRXPad, SercomUartTXPad, unsigned char, unsigned char)
 .text._ZN4UartC2EP6SERCOMhh11SercomRXPad15SercomUartTXPad
                0x0000000000003a08       0x74 /tmp/arduino/sketches/55F37313A031E5E7A53B5A5F0CE85818/../../cores/arduino_samd_nano_33_iot_9d4f17967e2821b4176c24606b1aa8f8/core.a(Uart.cpp.o)
                0x0000000000003a08                Uart::Uart(SERCOM*, unsigned char, unsigned char, SercomRXPad, SercomUartTXPad)
                0x0000000000003a08                Uart::Uart(SERCOM*, unsigned char, unsigned char, SercomRXPad, SercomUartTXPad)
 .text._ZN7arduino15SafeRingBufferNILi256EE10store_charEh
                0x0000000000003a7c       0x4a /tmp/arduino/sketches/55F37313A031E5E7A53B5A5F0CE85818/../../cores/arduino_samd_nano_33_iot_9d4f17967e2821b4176c24606b1aa8f8/core.a(Uart.cpp.o)
                0x0000000000003a7c                arduino::SafeRingBufferN<256>::store_char(unsigned char)
 .text._ZN7arduino15SafeRingBufferNILi256EE9read_charEv
                0x0000000000003ac6       0x50 /tmp/arduino/sketches/55F37313A031E5E7A53B5A5F0CE85818/../../cores/arduino_samd_nano_33_iot_9d4f17967e2821b4176c24606b1aa8f8/core.a(Uart.cpp.o)
                0x0000000000003ac6                arduino::SafeRingBufferN<256>::read_char()
 .text._ZN4Uart10IrqHandlerEv
                0x0000000000003b16       0xa4 /tmp/arduino/sketches/55F37313A031E5E7A53B5A5F0CE85818/../../cores/arduino_samd_nano_33_iot_9d4f17967e2821b4176c24606b1aa8f8/core.a(Uart.cpp.o)
                0x0000000000003b16                Uart::IrqHandler()
 *fill*         0x0000000000003bba        0x2 
 .text._ZN4Uart5writeEh
                0x0000000000003bbc       0x9c /tmp/arduino/sketches/55F37313A031E5E7A53B5A5F0CE85818/../../cores/arduino_samd_nano_33_iot_9d4f17967e2821b4176c24606b1aa8f8/core.a(Uart.cpp.o)
                0x0000000000003bbc                Uart::write(unsigned char)
 .text._ZN4Uart4readEv
                0x0000000000003c58       0x34 /tmp/arduino/sketches/55F37313A031E5E7A53B5A5F0CE85818/../../cores/arduino_samd_nano_33_iot_9d4f17967e2821b4176c24606b1aa8f8/core.a(Uart.cpp.o)
                0x0000000000003c58                Uart::read()
 .text._ZN7arduino13PluggableUSB_12getInterfaceEPh
                0x0000000000003c8c       0x28 /tmp/arduino/sketches/55F37313A031E5E7A53B5A5F0CE85818/../../cores/arduino_samd_nano_33_iot_9d4f17967e2821b4176c24606b1aa8f8/core.a(PluggableUSB.cpp.o)
                0x0000000000003c8c                arduino::PluggableUSB_::getInterface(unsigned char*)
 .text._ZN7arduino13PluggableUSB_13getDescriptorERNS_8USBSetupE
                0x0000000000003cb4       0x20 /tmp/arduino/sketches/55F37313A031E5E7A53B5A5F0CE85818/../../cores/arduino_samd_nano_33_iot_9d4f17967e2821b4176c24606b1aa8f8/core.a(PluggableUSB.cpp.o)
                0x0000000000003cb4                arduino::PluggableUSB_::getDescriptor(arduino::USBSetup&)
 .text._ZN7arduino13PluggableUSB_12getShortNameEPc
                0x0000000000003cd4       0x1e /tmp/arduino/sketches/55F37313A031E5E7A53B5A5F0CE85818/../../cores/arduino_samd_nano_33_iot_9d4f17967e2821b4176c24606b1aa8f8/core.a(PluggableUSB.cpp.o)
                0x0000000000003cd4                arduino::PluggableUSB_::getShortName(char*)
 .text._ZN7arduino13PluggableUSB_5setupERNS_8USBSetupE
                0x0000000000003cf2       0x20 /tmp/arduino/sketches/55F37313A031E5E7A53B5A5F0CE85818/../../cores/arduino_samd_nano_33_iot_9d4f17967e2821b4176c24606b1aa8f8/core.a(PluggableUSB.cpp.o)
                0x0000000000003cf2                arduino::PluggableUSB_::setup(arduino::USBSetup&)
 .text._ZN7arduino13PluggableUSB_4plugEPNS_18PluggableUSBModuleE
                0x0000000000003d12       0x5c /tmp/arduino/sketches/55F37313A031E5E7A53B5A5F0CE85818/../../cores/arduino_samd_nano_33_iot_9d4f17967e2821b4176c24606b1aa8f8/core.a(PluggableUSB.cpp.o)
                0x0000000000003d12                arduino::PluggableUSB_::plug(arduino::PluggableUSBModule*)
 *fill*         0x0000000000003d6e        0x2 
 .text._Z12PluggableUSBv
                0x0000000000003d70       0x24 /tmp/arduino/sketches/55F37313A031E5E7A53B5A5F0CE85818/../../cores/arduino_samd_nano_33_iot_9d4f17967e2821b4176c24606b1aa8f8/core.a(PluggableUSB.cpp.o)
                0x0000000000003d70                PluggableUSB()
 .text._ZN7arduino5Print5writeEPKhj
                0x0000000000003d94       0x28 /tmp/arduino/sketches/55F37313A031E5E7A53B5A5F0CE85818/../../cores/arduino_samd_nano_33_iot_9d4f17967e2821b4176c24606b1aa8f8/core.a(Print.cpp.o)
                0x0000000000003d94                arduino::Print::write(unsigned char const*, unsigned int)
 .text.Dummy_Handler
                0x0000000000003dbc        0x2 /tmp/arduino/sketches/55F37313A031E5E7A53B5A5F0CE85818/../../cores/arduino_samd_nano_33_iot_9d4f17967e2821b4176c24606b1aa8f8/core.a(cortex_handlers.c.o)
                0x0000000000003dbc                DMAC_Handler
                0x0000000000003dbc                HardFault_Handler
                0x0000000000003dbc                AC_Handler
                0x0000000000003dbc                PendSV_Handler
                0x0000000000003dbc                NMI_Handler
                0x0000000000003dbc                TC7_Handler
                0x0000000000003dbc                SERCOM1_Handler
                0x0000000000003dbc                ADC_Handler
                0x0000000000003dbc                TCC1_Handler
                0x0000000000003dbc                TCC0_Handler
                0x0000000000003dbc                RTC_Handler
                0x0000000000003dbc                EIC_Handler
                0x0000000000003dbc                TC6_Handler
                0x0000000000003dbc                WDT_Handler
                0x0000000000003dbc                TC4_Handler
                0x0000000000003dbc                TC3_Handler
                0x0000000000003dbc                Dummy_Handler
                0x0000000000003dbc                PM_Handler
                0x0000000000003dbc                SVC_Handler
                0x0000000000003dbc                TCC2_Handler
                0x0000000000003dbc                EVSYS_Handler
                0x0000000000003dbc                SERCOM4_Handler
                0x0000000000003dbc                I2S_Handler
                0x0000000000003dbc                NVMCTRL_Handler
                0x0000000000003dbc                SERCOM0_Handler
                0x0000000000003dbc                DAC_Handler
                0x0000000000003dbc                PTC_Handler
                0x0000000000003dbc                SYSCTRL_Handler
 *fill*         0x0000000000003dbe        0x2 
 .text.USB_Handler
                0x0000000000003dc0       0x14 /tmp/arduino/sketches/55F37313A031E5E7A53B5A5F0CE85818/../../cores/arduino_samd_nano_33_iot_9d4f17967e2821b4176c24606b1aa8f8/core.a(cortex_handlers.c.o)
                0x0000000000003dc0                USB_Handler
 .text.Reset_Handler
                0x0000000000003dd4       0x54 /tmp/arduino/sketches/55F37313A031E5E7A53B5A5F0CE85818/../../cores/arduino_samd_nano_33_iot_9d4f17967e2821b4176c24606b1aa8f8/core.a(cortex_handlers.c.o)
                0x0000000000003dd4                Reset_Handler
 .text.SysTick_Handler
                0x0000000000003e28       0x10 /tmp/arduino/sketches/55F37313A031E5E7A53B5A5F0CE85818/../../cores/arduino_samd_nano_33_iot_9d4f17967e2821b4176c24606b1aa8f8/core.a(cortex_handlers.c.o)
                0x0000000000003e28                SysTick_Handler
 .text.USB_SetHandler
                0x0000000000003e38        0xc /tmp/arduino/sketches/55F37313A031E5E7A53B5A5F0CE85818/../../cores/arduino_samd_nano_33_iot_9d4f17967e2821b4176c24606b1aa8f8/core.a(cortex_handlers.c.o)
                0x0000000000003e38                USB_SetHandler
 .text.millis   0x0000000000003e44        0xc /tmp/arduino/sketches/55F37313A031E5E7A53B5A5F0CE85818/../../cores/arduino_samd_nano_33_iot_9d4f17967e2821b4176c24606b1aa8f8/core.a(delay.c.o)
                0x0000000000003e44                millis
 .text.micros   0x0000000000003e50       0x60 /tmp/arduino/sketches/55F37313A031E5E7A53B5A5F0CE85818/../../cores/arduino_samd_nano_33_iot_9d4f17967e2821b4176c24606b1aa8f8/core.a(delay.c.o)
                0x0000000000003e50                micros
 .text.delay    0x0000000000003eb0       0x30 /tmp/arduino/sketches/55F37313A031E5E7A53B5A5F0CE85818/../../cores/arduino_samd_nano_33_iot_9d4f17967e2821b4176c24606b1aa8f8/core.a(delay.c.o)
                0x0000000000003eb0                delay
 .text.SysTick_DefaultHandler
                0x0000000000003ee0       0x14 /tmp/arduino/sketches/55F37313A031E5E7A53B5A5F0CE85818/../../cores/arduino_samd_nano_33_iot_9d4f17967e2821b4176c24606b1aa8f8/core.a(delay.c.o)
                0x0000000000003ee0                SysTick_DefaultHandler
 .text.__empty  0x0000000000003ef4        0x2 /tmp/arduino/sketches/55F37313A031E5E7A53B5A5F0CE85818/../../cores/arduino_samd_nano_33_iot_9d4f17967e2821b4176c24606b1aa8f8/core.a(hooks.c.o)
                0x0000000000003ef4                yield
 .text.__false  0x0000000000003ef6        0x4 /tmp/arduino/sketches/55F37313A031E5E7A53B5A5F0CE85818/../../cores/arduino_samd_nano_33_iot_9d4f17967e2821b4176c24606b1aa8f8/core.a(hooks.c.o)
                0x0000000000003ef6                sysTickHook
 *fill*         0x0000000000003efa        0x2 
 .text.startup.main
                0x0000000000003efc       0x40 /tmp/arduino/sketches/55F37313A031E5E7A53B5A5F0CE85818/../../cores/arduino_samd_nano_33_iot_9d4f17967e2821b4176c24606b1aa8f8/core.a(main.cpp.o)
                0x0000000000003efc                main
 .text._Znwj    0x0000000000003f3c        0x8 /tmp/arduino/sketches/55F37313A031E5E7A53B5A5F0CE85818/../../cores/arduino_samd_nano_33_iot_9d4f17967e2821b4176c24606b1aa8f8/core.a(new.cpp.o)
                0x0000000000003f3c                operator new(unsigned int)
 .text._ZdlPv   0x0000000000003f44        0x8 /tmp/arduino/sketches/55F37313A031E5E7A53B5A5F0CE85818/../../cores/arduino_samd_nano_33_iot_9d4f17967e2821b4176c24606b1aa8f8/core.a(new.cpp.o)
                0x0000000000003f44                operator delete(void*)
 .text.SystemInit
                0x0000000000003f4c      0x194 /tmp/arduino/sketches/55F37313A031E5E7A53B5A5F0CE85818/../../cores/arduino_samd_nano_33_iot_9d4f17967e2821b4176c24606b1aa8f8/core.a(startup.c.o)
                0x0000000000003f4c                SystemInit
 .text.init     0x00000000000040e0       0xf0 /tmp/arduino/sketches/55F37313A031E5E7A53B5A5F0CE85818/../../cores/arduino_samd_nano_33_iot_9d4f17967e2821b4176c24606b1aa8f8/core.a(wiring.c.o)
                0x00000000000040e0                init
 .text.analogReference
                0x00000000000041d0       0x64 /tmp/arduino/sketches/55F37313A031E5E7A53B5A5F0CE85818/../../cores/arduino_samd_nano_33_iot_9d4f17967e2821b4176c24606b1aa8f8/core.a(wiring_analog.c.o)
                0x00000000000041d0                analogReference
 .text.pinMode  0x0000000000004234       0x98 /tmp/arduino/sketches/55F37313A031E5E7A53B5A5F0CE85818/../../cores/arduino_samd_nano_33_iot_9d4f17967e2821b4176c24606b1aa8f8/core.a(wiring_digital.c.o)
                0x0000000000004234                pinMode
 .text.digitalWrite
                0x00000000000042cc       0x58 /tmp/arduino/sketches/55F37313A031E5E7A53B5A5F0CE85818/../../cores/arduino_samd_nano_33_iot_9d4f17967e2821b4176c24606b1aa8f8/core.a(wiring_digital.c.o)
                0x00000000000042cc                digitalWrite
 .text.pinPeripheral
                0x0000000000004324       0xc0 /tmp/arduino/sketches/55F37313A031E5E7A53B5A5F0CE85818/../../cores/arduino_samd_nano_33_iot_9d4f17967e2821b4176c24606b1aa8f8/core.a(wiring_private.c.o)
                0x0000000000004324                pinPeripheral
 .text.initiateReset
                0x00000000000043e4       0x14 /tmp/arduino/sketches/55F37313A031E5E7A53B5A5F0CE85818/../../cores/arduino_samd_nano_33_iot_9d4f17967e2821b4176c24606b1aa8f8/core.a(Reset.cpp.o)
                0x00000000000043e4                initiateReset
 .text.cancelReset
                0x00000000000043f8       0x10 /tmp/arduino/sketches/55F37313A031E5E7A53B5A5F0CE85818/../../cores/arduino_samd_nano_33_iot_9d4f17967e2821b4176c24606b1aa8f8/core.a(Reset.cpp.o)
                0x00000000000043f8                cancelReset
 .text.tickReset
                0x0000000000004408       0x78 /tmp/arduino/sketches/55F37313A031E5E7A53B5A5F0CE85818/../../cores/arduino_samd_nano_33_iot_9d4f17967e2821b4176c24606b1aa8f8/core.a(Reset.cpp.o)
                0x0000000000004408                tickReset
 .text          0x0000000000004480       0x14 /home/alireza/.arduino15/packages/arduino/tools/arm-none-eabi-gcc/7-2017q4/bin/../lib/gcc/arm-none-eabi/7.2.1/thumb/v6-m/libgcc.a(_thumb1_case_uqi.o)
                0x0000000000004480                __gnu_thumb1_case_uqi
 .text          0x0000000000004494      0x114 /home/alireza/.arduino15/packages/arduino/tools/arm-none-eabi-gcc/7-2017q4/bin/../lib/gcc/arm-none-eabi/7.2.1/thumb/v6-m/libgcc.a(_udivsi3.o)
                0x0000000000004494                __udivsi3
                0x0000000000004494                __aeabi_uidiv
                0x00000000000045a0                __aeabi_uidivmod
 .text          0x00000000000045a8        0x4 /home/alireza/.arduino15/packages/arduino/tools/arm-none-eabi-gcc/7-2017q4/bin/../lib/gcc/arm-none-eabi/7.2.1/thumb/v6-m/libgcc.a(_dvmd_tls.o)
                0x00000000000045a8                __aeabi_ldiv0
                0x00000000000045a8                __aeabi_idiv0
 .text.__libc_init_array
                0x00000000000045ac       0x48 /home/alireza/.arduino15/packages/arduino/tools/arm-none-eabi-gcc/7-2017q4/bin/../lib/gcc/arm-none-eabi/7.2.1/../../../../arm-none-eabi/lib/thumb/v6-m/libc_nano.a(lib_a-init.o)
                0x00000000000045ac                __libc_init_array
 .text.malloc   0x00000000000045f4       0x14 /home/alireza/.arduino15/packages/arduino/tools/arm-none-eabi-gcc/7-2017q4/bin/../lib/gcc/arm-none-eabi/7.2.1/../../../../arm-none-eabi/lib/thumb/v6-m/libc_nano.a(lib_a-malloc.o)
                0x00000000000045f4                malloc
 .text.free     0x0000000000004608       0x14 /home/alireza/.arduino15/packages/arduino/tools/arm-none-eabi-gcc/7-2017q4/bin/../lib/gcc/arm-none-eabi/7.2.1/../../../../arm-none-eabi/lib/thumb/v6-m/libc_nano.a(lib_a-malloc.o)
                0x0000000000004608                free
 .text.memcpy   0x000000000000461c       0x12 /home/alireza/.arduino15/packages/arduino/tools/arm-none-eabi-gcc/7-2017q4/bin/../lib/gcc/arm-none-eabi/7.2.1/../../../../arm-none-eabi/lib/thumb/v6-m/libc_nano.a(lib_a-memcpy-stub.o)
                0x000000000000461c                memcpy
 .text.memset   0x000000000000462e       0x10 /home/alireza/.arduino15/packages/arduino/tools/arm-none-eabi-gcc/7-2017q4/bin/../lib/gcc/arm-none-eabi/7.2.1/../../../../arm-none-eabi/lib/thumb/v6-m/libc_nano.a(lib_a-memset.o)
                0x000000000000462e                memset
 *fill*         0x000000000000463e        0x2 
 .text._free_r  0x0000000000004640       0x94 /home/alireza/.arduino15/packages/arduino/tools/arm-none-eabi-gcc/7-2017q4/bin/../lib/gcc/arm-none-eabi/7.2.1/../../../../arm-none-eabi/lib/thumb/v6-m/libc_nano.a(lib_a-nano-freer.o)
                0x0000000000004640                _free_r
 .text._malloc_r
                0x00000000000046d4       0xbc /home/alireza/.arduino15/packages/arduino/tools/arm-none-eabi-gcc/7-2017q4/bin/../lib/gcc/arm-none-eabi/7.2.1/../../../../arm-none-eabi/lib/thumb/v6-m/libc_nano.a(lib_a-nano-mallocr.o)
                0x00000000000046d4                _malloc_r
 .text._sbrk_r  0x0000000000004790       0x24 /home/alireza/.arduino15/packages/arduino/tools/arm-none-eabi-gcc/7-2017q4/bin/../lib/gcc/arm-none-eabi/7.2.1/../../../../arm-none-eabi/lib/thumb/v6-m/libc_nano.a(lib_a-sbrkr.o)
                0x0000000000004790                _sbrk_r
 .text          0x00000000000047b4        0xe /home/alireza/.arduino15/packages/arduino/tools/arm-none-eabi-gcc/7-2017q4/bin/../lib/gcc/arm-none-eabi/7.2.1/../../../../arm-none-eabi/lib/thumb/v6-m/libc_nano.a(lib_a-strlen.o)
                0x00000000000047b4                strlen
 .text.__malloc_lock
                0x00000000000047c2        0x2 /home/alireza/.arduino15/packages/arduino/tools/arm-none-eabi-gcc/7-2017q4/bin/../lib/gcc/arm-none-eabi/7.2.1/../../../../arm-none-eabi/lib/thumb/v6-m/libc_nano.a(lib_a-mlock.o)
                0x00000000000047c2                __malloc_lock
 .text.__malloc_unlock
                0x00000000000047c4        0x2 /home/alireza/.arduino15/packages/arduino/tools/arm-none-eabi-gcc/7-2017q4/bin/../lib/gcc/arm-none-eabi/7.2.1/../../../../arm-none-eabi/lib/thumb/v6-m/libc_nano.a(lib_a-mlock.o)
                0x00000000000047c4                __malloc_unlock
 *fill*         0x00000000000047c6        0x2 
 .text._sbrk    0x00000000000047c8       0x1c /home/alireza/.arduino15/packages/arduino/tools/arm-none-eabi-gcc/7-2017q4/bin/../lib/gcc/arm-none-eabi/7.2.1/../../../../arm-none-eabi/lib/thumb/v6-m/libnosys.a(sbrk.o)
                0x00000000000047c8                _sbrk
 *(.init)
 .init          0x00000000000047e4        0x4 /home/alireza/.arduino15/packages/arduino/tools/arm-none-eabi-gcc/7-2017q4/bin/../lib/gcc/arm-none-eabi/7.2.1/thumb/v6-m/crti.o
                0x00000000000047e4                _init
 .init          0x00000000000047e8        0x8 /home/alireza/.arduino15/packages/arduino/tools/arm-none-eabi-gcc/7-2017q4/bin/../lib/gcc/arm-none-eabi/7.2.1/thumb/v6-m/crtn.o
 *(.fini)
 .fini          0x00000000000047f0        0x4 /home/alireza/.arduino15/packages/arduino/tools/arm-none-eabi-gcc/7-2017q4/bin/../lib/gcc/arm-none-eabi/7.2.1/thumb/v6-m/crti.o
                0x00000000000047f0                _fini
 .fini          0x00000000000047f4        0x8 /home/alireza/.arduino15/packages/arduino/tools/arm-none-eabi-gcc/7-2017q4/bin/../lib/gcc/arm-none-eabi/7.2.1/thumb/v6-m/crtn.o
 *crtbegin.o(.ctors)
 *crtbegin?.o(.ctors)
 *(EXCLUDE_FILE(*crtend.o *crtend?.o) .ctors)
 *(SORT_BY_NAME(.ctors.*))
 *(.ctors)
 *crtbegin.o(.dtors)
 *crtbegin?.o(.dtors)
 *(EXCLUDE_FILE(*crtend.o *crtend?.o) .dtors)
 *(SORT_BY_NAME(.dtors.*))
 *(.dtors)
 *(.rodata*)
 .rodata.g_APinDescription
                0x00000000000047fc      0x318 /tmp/arduino/sketches/55F37313A031E5E7A53B5A5F0CE85818/core/variant.cpp.o
                0x00000000000047fc                g_APinDescription
 .rodata._ZTV7Serial_
                0x0000000000004b14       0x60 /tmp/arduino/sketches/55F37313A031E5E7A53B5A5F0CE85818/../../cores/arduino_samd_nano_33_iot_9d4f17967e2821b4176c24606b1aa8f8/core.a(CDC.cpp.o)
                0x0000000000004b14                vtable for Serial_
 .rodata._ZTV26DoubleBufferedEPOutHandler
                0x0000000000004b74       0x24 /tmp/arduino/sketches/55F37313A031E5E7A53B5A5F0CE85818/../../cores/arduino_samd_nano_33_iot_9d4f17967e2821b4176c24606b1aa8f8/core.a(USBCore.cpp.o)
                0x0000000000004b74                vtable for DoubleBufferedEPOutHandler
 .rodata._ZL14STRING_PRODUCT
                0x0000000000004b98       0x14 /tmp/arduino/sketches/55F37313A031E5E7A53B5A5F0CE85818/../../cores/arduino_samd_nano_33_iot_9d4f17967e2821b4176c24606b1aa8f8/core.a(USBCore.cpp.o)
 .rodata._ZL15STRING_LANGUAGE
                0x0000000000004bac        0x4 /tmp/arduino/sketches/55F37313A031E5E7A53B5A5F0CE85818/../../cores/arduino_samd_nano_33_iot_9d4f17967e2821b4176c24606b1aa8f8/core.a(USBCore.cpp.o)
 .rodata._ZL19STRING_MANUFACTURER
                0x0000000000004bb0        0xc /tmp/arduino/sketches/55F37313A031E5E7A53B5A5F0CE85818/../../cores/arduino_samd_nano_33_iot_9d4f17967e2821b4176c24606b1aa8f8/core.a(USBCore.cpp.o)
 .rodata._ZL21USB_DeviceDescriptorB
                0x0000000000004bbc       0x12 /tmp/arduino/sketches/55F37313A031E5E7A53B5A5F0CE85818/../../cores/arduino_samd_nano_33_iot_9d4f17967e2821b4176c24606b1aa8f8/core.a(USBCore.cpp.o)
 *fill*         0x0000000000004bce        0x2 
 .rodata._ZTV4Uart
                0x0000000000004bd0       0x34 /tmp/arduino/sketches/55F37313A031E5E7A53B5A5F0CE85818/../../cores/arduino_samd_nano_33_iot_9d4f17967e2821b4176c24606b1aa8f8/core.a(Uart.cpp.o)
                0x0000000000004bd0                vtable for Uart
 *(.eh_frame*)
 .eh_frame      0x0000000000004c04        0x0 /home/alireza/.arduino15/packages/arduino/tools/arm-none-eabi-gcc/7-2017q4/bin/../lib/gcc/arm-none-eabi/7.2.1/thumb/v6-m/crtbegin.o
 .eh_frame      0x0000000000004c04        0x4 /home/alireza/.arduino15/packages/arduino/tools/arm-none-eabi-gcc/7-2017q4/bin/../lib/gcc/arm-none-eabi/7.2.1/thumb/v6-m/crtend.o

.glue_7         0x0000000000004c08        0x0
 .glue_7        0x0000000000004c08        0x0 linker stubs

.glue_7t        0x0000000000004c08        0x0
 .glue_7t       0x0000000000004c08        0x0 linker stubs

.vfp11_veneer   0x0000000000004c08        0x0
 .vfp11_veneer  0x0000000000004c08        0x0 linker stubs

.v4_bx          0x0000000000004c08        0x0
 .v4_bx         0x0000000000004c08        0x0 linker stubs

.iplt           0x0000000000004c08        0x0
 .iplt          0x0000000000004c08        0x0 /home/alireza/.arduino15/packages/arduino/tools/arm-none-eabi-gcc/7-2017q4/bin/../lib/gcc/arm-none-eabi/7.2.1/thumb/v6-m/crtbegin.o

.rel.dyn        0x0000000000004c08        0x0
 .rel.iplt      0x0000000000004c08        0x0 /home/alireza/.arduino15/packages/arduino/tools/arm-none-eabi-gcc/7-2017q4/bin/../lib/gcc/arm-none-eabi/7.2.1/thumb/v6-m/crtbegin.o

.ARM.extab
 *(.ARM.extab* .gnu.linkonce.armextab.*)
                0x0000000000004c08                __exidx_start = .

.ARM.exidx
 *(.ARM.exidx* .gnu.linkonce.armexidx.*)
                0x0000000000004c08                __exidx_end = .
                0x0000000000004c08                __etext = .

.data           0x0000000020000000       0x90 load address 0x0000000000004c08
                0x0000000020000000                __data_start__ = .
 *(vtable)
 *(.data*)
 .data._ZL10breakValue
                0x0000000020000000        0x4 /tmp/arduino/sketches/55F37313A031E5E7A53B5A5F0CE85818/../../cores/arduino_samd_nano_33_iot_9d4f17967e2821b4176c24606b1aa8f8/core.a(CDC.cpp.o)
 .data._ZL12_usbLineInfo
                0x0000000020000004        0x8 /tmp/arduino/sketches/55F37313A031E5E7A53B5A5F0CE85818/../../cores/arduino_samd_nano_33_iot_9d4f17967e2821b4176c24606b1aa8f8/core.a(CDC.cpp.o)
 .data._serialPeek
                0x000000002000000c        0x4 /tmp/arduino/sketches/55F37313A031E5E7A53B5A5F0CE85818/../../cores/arduino_samd_nano_33_iot_9d4f17967e2821b4176c24606b1aa8f8/core.a(CDC.cpp.o)
                0x000000002000000c                _serialPeek
 .data.SystemCoreClock
                0x0000000020000010        0x4 /tmp/arduino/sketches/55F37313A031E5E7A53B5A5F0CE85818/../../cores/arduino_samd_nano_33_iot_9d4f17967e2821b4176c24606b1aa8f8/core.a(wiring.c.o)
                0x0000000020000010                SystemCoreClock
 .data._ZL5ticks
                0x0000000020000014        0x4 /tmp/arduino/sketches/55F37313A031E5E7A53B5A5F0CE85818/../../cores/arduino_samd_nano_33_iot_9d4f17967e2821b4176c24606b1aa8f8/core.a(Reset.cpp.o)
 .data._impure_ptr
                0x0000000020000018        0x4 /home/alireza/.arduino15/packages/arduino/tools/arm-none-eabi-gcc/7-2017q4/bin/../lib/gcc/arm-none-eabi/7.2.1/../../../../arm-none-eabi/lib/thumb/v6-m/libc_nano.a(lib_a-impure.o)
                0x0000000020000018                _impure_ptr
 .data.impure_data
                0x000000002000001c       0x60 /home/alireza/.arduino15/packages/arduino/tools/arm-none-eabi-gcc/7-2017q4/bin/../lib/gcc/arm-none-eabi/7.2.1/../../../../arm-none-eabi/lib/thumb/v6-m/libc_nano.a(lib_a-impure.o)
                0x000000002000007c                . = ALIGN (0x4)
                0x000000002000007c                PROVIDE (__preinit_array_start, .)
 *(.preinit_array)
                0x000000002000007c                PROVIDE (__preinit_array_end, .)
                0x000000002000007c                . = ALIGN (0x4)
                0x000000002000007c                PROVIDE (__init_array_start, .)
 *(SORT_BY_NAME(.init_array.*))
 *(.init_array)
 .init_array    0x000000002000007c        0x4 /home/alireza/.arduino15/packages/arduino/tools/arm-none-eabi-gcc/7-2017q4/bin/../lib/gcc/arm-none-eabi/7.2.1/thumb/v6-m/crtbegin.o
 .init_array    0x0000000020000080        0x4 /tmp/arduino/sketches/55F37313A031E5E7A53B5A5F0CE85818/core/variant.cpp.o
 .init_array    0x0000000020000084        0x4 /tmp/arduino/sketches/55F37313A031E5E7A53B5A5F0CE85818/../../cores/arduino_samd_nano_33_iot_9d4f17967e2821b4176c24606b1aa8f8/core.a(CDC.cpp.o)
 .init_array    0x0000000020000088        0x4 /tmp/arduino/sketches/55F37313A031E5E7A53B5A5F0CE85818/../../cores/arduino_samd_nano_33_iot_9d4f17967e2821b4176c24606b1aa8f8/core.a(USBCore.cpp.o)
                0x000000002000008c                PROVIDE (__init_array_end, .)
                0x000000002000008c                . = ALIGN (0x4)
                [!provide]                        PROVIDE (__fini_array_start, .)
 *(SORT_BY_NAME(.fini_array.*))
 *(.fini_array)
 .fini_array    0x000000002000008c        0x4 /home/alireza/.arduino15/packages/arduino/tools/arm-none-eabi-gcc/7-2017q4/bin/../lib/gcc/arm-none-eabi/7.2.1/thumb/v6-m/crtbegin.o
                [!provide]                        PROVIDE (__fini_array_end, .)
 *(.jcr*)
                0x0000000020000090                . = ALIGN (0x4)
                0x0000000020000090                __data_end__ = .

.igot.plt       0x0000000020000090        0x0 load address 0x0000000000004c98
 .igot.plt      0x0000000020000090        0x0 /home/alireza/.arduino15/packages/arduino/tools/arm-none-eabi-gcc/7-2017q4/bin/../lib/gcc/arm-none-eabi/7.2.1/thumb/v6-m/crtbegin.o

.bss            0x0000000020000090      0xd58 load address 0x0000000000004c98
                0x0000000020000090                . = ALIGN (0x4)
                0x0000000020000090                __bss_start__ = .
 *(.bss*)
 .bss           0x0000000020000090       0x1c /home/alireza/.arduino15/packages/arduino/tools/arm-none-eabi-gcc/7-2017q4/bin/../lib/gcc/arm-none-eabi/7.2.1/thumb/v6-m/crtbegin.o
 .bss.Serial1   0x00000000200000ac      0x244 /tmp/arduino/sketches/55F37313A031E5E7A53B5A5F0CE85818/core/variant.cpp.o
                0x00000000200000ac                Serial1
 .bss.Serial2   0x00000000200002f0      0x244 /tmp/arduino/sketches/55F37313A031E5E7A53B5A5F0CE85818/core/variant.cpp.o
                0x00000000200002f0                Serial2
 .bss.SerialHCI
                0x0000000020000534      0x244 /tmp/arduino/sketches/55F37313A031E5E7A53B5A5F0CE85818/core/variant.cpp.o
                0x0000000020000534                SerialHCI
 .bss.sercom0   0x0000000020000778        0x8 /tmp/arduino/sketches/55F37313A031E5E7A53B5A5F0CE85818/core/variant.cpp.o
                0x0000000020000778                sercom0
 .bss.sercom1   0x0000000020000780        0x8 /tmp/arduino/sketches/55F37313A031E5E7A53B5A5F0CE85818/core/variant.cpp.o
                0x0000000020000780                sercom1
 .bss.sercom2   0x0000000020000788        0x8 /tmp/arduino/sketches/55F37313A031E5E7A53B5A5F0CE85818/core/variant.cpp.o
                0x0000000020000788                sercom2
 .bss.sercom3   0x0000000020000790        0x8 /tmp/arduino/sketches/55F37313A031E5E7A53B5A5F0CE85818/core/variant.cpp.o
                0x0000000020000790                sercom3
 .bss.sercom4   0x0000000020000798        0x8 /tmp/arduino/sketches/55F37313A031E5E7A53B5A5F0CE85818/core/variant.cpp.o
                0x0000000020000798                sercom4
 .bss.sercom5   0x00000000200007a0        0x8 /tmp/arduino/sketches/55F37313A031E5E7A53B5A5F0CE85818/core/variant.cpp.o
                0x00000000200007a0                sercom5
 .bss.SerialUSB
                0x00000000200007a8       0x34 /tmp/arduino/sketches/55F37313A031E5E7A53B5A5F0CE85818/../../cores/arduino_samd_nano_33_iot_9d4f17967e2821b4176c24606b1aa8f8/core.a(CDC.cpp.o)
                0x00000000200007a8                SerialUSB
 .bss.EndPoints
                0x00000000200007dc       0x28 /tmp/arduino/sketches/55F37313A031E5E7A53B5A5F0CE85818/../../cores/arduino_samd_nano_33_iot_9d4f17967e2821b4176c24606b1aa8f8/core.a(USBCore.cpp.o)
                0x00000000200007dc                EndPoints
 .bss.USBDevice
                0x0000000020000804        0x1 /tmp/arduino/sketches/55F37313A031E5E7A53B5A5F0CE85818/../../cores/arduino_samd_nano_33_iot_9d4f17967e2821b4176c24606b1aa8f8/core.a(USBCore.cpp.o)
                0x0000000020000804                USBDevice
 *fill*         0x0000000020000805        0x3 
 .bss._ZL10epHandlers
                0x0000000020000808       0x1c /tmp/arduino/sketches/55F37313A031E5E7A53B5A5F0CE85818/../../cores/arduino_samd_nano_33_iot_9d4f17967e2821b4176c24606b1aa8f8/core.a(USBCore.cpp.o)
 .bss._ZL14isEndpointHalt
                0x0000000020000824        0x1 /tmp/arduino/sketches/55F37313A031E5E7A53B5A5F0CE85818/../../cores/arduino_samd_nano_33_iot_9d4f17967e2821b4176c24606b1aa8f8/core.a(USBCore.cpp.o)
 .bss._ZL20LastTransmitTimedOut
                0x0000000020000825        0x7 /tmp/arduino/sketches/55F37313A031E5E7A53B5A5F0CE85818/../../cores/arduino_samd_nano_33_iot_9d4f17967e2821b4176c24606b1aa8f8/core.a(USBCore.cpp.o)
 .bss._ZL21isRemoteWakeUpEnabled
                0x000000002000082c        0x1 /tmp/arduino/sketches/55F37313A031E5E7A53B5A5F0CE85818/../../cores/arduino_samd_nano_33_iot_9d4f17967e2821b4176c24606b1aa8f8/core.a(USBCore.cpp.o)
 *fill*         0x000000002000082d        0x3 
 .bss._ZL22udd_ep_in_cache_buffer
                0x0000000020000830      0x1c0 /tmp/arduino/sketches/55F37313A031E5E7A53B5A5F0CE85818/../../cores/arduino_samd_nano_33_iot_9d4f17967e2821b4176c24606b1aa8f8/core.a(USBCore.cpp.o)
 .bss._ZL23udd_ep_out_cache_buffer
                0x00000000200009f0      0x1c0 /tmp/arduino/sketches/55F37313A031E5E7A53B5A5F0CE85818/../../cores/arduino_samd_nano_33_iot_9d4f17967e2821b4176c24606b1aa8f8/core.a(USBCore.cpp.o)
 .bss._dry_run  0x0000000020000bb0        0x1 /tmp/arduino/sketches/55F37313A031E5E7A53B5A5F0CE85818/../../cores/arduino_samd_nano_33_iot_9d4f17967e2821b4176c24606b1aa8f8/core.a(USBCore.cpp.o)
                0x0000000020000bb0                _dry_run
 .bss._pack_buffer
                0x0000000020000bb1      0x100 /tmp/arduino/sketches/55F37313A031E5E7A53B5A5F0CE85818/../../cores/arduino_samd_nano_33_iot_9d4f17967e2821b4176c24606b1aa8f8/core.a(USBCore.cpp.o)
                0x0000000020000bb1                _pack_buffer
 .bss._pack_message
                0x0000000020000cb1        0x1 /tmp/arduino/sketches/55F37313A031E5E7A53B5A5F0CE85818/../../cores/arduino_samd_nano_33_iot_9d4f17967e2821b4176c24606b1aa8f8/core.a(USBCore.cpp.o)
                0x0000000020000cb1                _pack_message
 .bss._pack_size
                0x0000000020000cb2        0x2 /tmp/arduino/sketches/55F37313A031E5E7A53B5A5F0CE85818/../../cores/arduino_samd_nano_33_iot_9d4f17967e2821b4176c24606b1aa8f8/core.a(USBCore.cpp.o)
                0x0000000020000cb2                _pack_size
 .bss._usbConfiguration
                0x0000000020000cb4        0x4 /tmp/arduino/sketches/55F37313A031E5E7A53B5A5F0CE85818/../../cores/arduino_samd_nano_33_iot_9d4f17967e2821b4176c24606b1aa8f8/core.a(USBCore.cpp.o)
                0x0000000020000cb4                _usbConfiguration
 .bss._usbSetInterface
                0x0000000020000cb8        0x4 /tmp/arduino/sketches/55F37313A031E5E7A53B5A5F0CE85818/../../cores/arduino_samd_nano_33_iot_9d4f17967e2821b4176c24606b1aa8f8/core.a(USBCore.cpp.o)
                0x0000000020000cb8                _usbSetInterface
 .bss.usbd      0x0000000020000cbc      0x104 /tmp/arduino/sketches/55F37313A031E5E7A53B5A5F0CE85818/../../cores/arduino_samd_nano_33_iot_9d4f17967e2821b4176c24606b1aa8f8/core.a(USBCore.cpp.o)
                0x0000000020000cbc                usbd
 .bss._ZGVZ12PluggableUSBvE3obj
                0x0000000020000dc0        0x4 /tmp/arduino/sketches/55F37313A031E5E7A53B5A5F0CE85818/../../cores/arduino_samd_nano_33_iot_9d4f17967e2821b4176c24606b1aa8f8/core.a(PluggableUSB.cpp.o)
 .bss._ZZ12PluggableUSBvE3obj
                0x0000000020000dc4        0xc /tmp/arduino/sketches/55F37313A031E5E7A53B5A5F0CE85818/../../cores/arduino_samd_nano_33_iot_9d4f17967e2821b4176c24606b1aa8f8/core.a(PluggableUSB.cpp.o)
 .bss.usb_isr   0x0000000020000dd0        0x4 /tmp/arduino/sketches/55F37313A031E5E7A53B5A5F0CE85818/../../cores/arduino_samd_nano_33_iot_9d4f17967e2821b4176c24606b1aa8f8/core.a(cortex_handlers.c.o)
 .bss._ulTickCount
                0x0000000020000dd4        0x4 /tmp/arduino/sketches/55F37313A031E5E7A53B5A5F0CE85818/../../cores/arduino_samd_nano_33_iot_9d4f17967e2821b4176c24606b1aa8f8/core.a(delay.c.o)
 .bss.__malloc_free_list
                0x0000000020000dd8        0x4 /home/alireza/.arduino15/packages/arduino/tools/arm-none-eabi-gcc/7-2017q4/bin/../lib/gcc/arm-none-eabi/7.2.1/../../../../arm-none-eabi/lib/thumb/v6-m/libc_nano.a(lib_a-nano-mallocr.o)
                0x0000000020000dd8                __malloc_free_list
 .bss.__malloc_sbrk_start
                0x0000000020000ddc        0x4 /home/alireza/.arduino15/packages/arduino/tools/arm-none-eabi-gcc/7-2017q4/bin/../lib/gcc/arm-none-eabi/7.2.1/../../../../arm-none-eabi/lib/thumb/v6-m/libc_nano.a(lib_a-nano-mallocr.o)
                0x0000000020000ddc                __malloc_sbrk_start
 .bss.heap_end.4102
                0x0000000020000de0        0x4 /home/alireza/.arduino15/packages/arduino/tools/arm-none-eabi-gcc/7-2017q4/bin/../lib/gcc/arm-none-eabi/7.2.1/../../../../arm-none-eabi/lib/thumb/v6-m/libnosys.a(sbrk.o)
 *(COMMON)
 COMMON         0x0000000020000de4        0x4 /home/alireza/.arduino15/packages/arduino/tools/arm-none-eabi-gcc/7-2017q4/bin/../lib/gcc/arm-none-eabi/7.2.1/../../../../arm-none-eabi/lib/thumb/v6-m/libc_nano.a(lib_a-reent.o)
                0x0000000020000de4                errno
                0x0000000020000de8                . = ALIGN (0x4)
                0x0000000020000de8                __bss_end__ = .

.heap           0x0000000020000de8        0x0
                0x0000000020000de8                __end__ = .
                0x0000000020000de8                PROVIDE (end, .)
 *(.heap*)
                0x0000000020000de8                __HeapLimit = .

.stack_dummy    0x0000000020000de8        0x0
 *(.stack*)
                0x0000000020008000                __StackTop = (ORIGIN (RAM) + LENGTH (RAM))
                0x0000000020008000                __StackLimit = (__StackTop - SIZEOF (.stack_dummy))
                0x0000000020008000                PROVIDE (__stack, __StackTop)
                0x0000000020007fff                __ram_end__ = ((ORIGIN (RAM) + LENGTH (RAM)) - 0x1)
                0x0000000000000001                ASSERT ((__StackLimit >= __HeapLimit), region RAM overflowed with stack)
OUTPUT(/tmp/arduino/sketches/55F37313A031E5E7A53B5A5F0CE85818/sketch_jan12a.ino.elf elf32-littlearm)

.ARM.attributes
                0x0000000000000000       0x28
 .ARM.attributes
                0x0000000000000000       0x1e /home/alireza/.arduino15/packages/arduino/tools/arm-none-eabi-gcc/7-2017q4/bin/../lib/gcc/arm-none-eabi/7.2.1/thumb/v6-m/crti.o
 .ARM.attributes
                0x000000000000001e       0x2c /home/alireza/.arduino15/packages/arduino/tools/arm-none-eabi-gcc/7-2017q4/bin/../lib/gcc/arm-none-eabi/7.2.1/thumb/v6-m/crtbegin.o
 .ARM.attributes
                0x000000000000004a       0x32 /tmp/arduino/sketches/55F37313A031E5E7A53B5A5F0CE85818/sketch/sketch_jan12a.ino.cpp.o
 .ARM.attributes
                0x000000000000007c       0x32 /tmp/arduino/sketches/55F37313A031E5E7A53B5A5F0CE85818/core/variant.cpp.o
 .ARM.attributes
                0x00000000000000ae       0x32 /tmp/arduino/sketches/55F37313A031E5E7A53B5A5F0CE85818/../../cores/arduino_samd_nano_33_iot_9d4f17967e2821b4176c24606b1aa8f8/core.a(SERCOM.cpp.o)
 .ARM.attributes
                0x00000000000000e0       0x32 /tmp/arduino/sketches/55F37313A031E5E7A53B5A5F0CE85818/../../cores/arduino_samd_nano_33_iot_9d4f17967e2821b4176c24606b1aa8f8/core.a(CDC.cpp.o)
 .ARM.attributes
                0x0000000000000112       0x32 /tmp/arduino/sketches/55F37313A031E5E7A53B5A5F0CE85818/../../cores/arduino_samd_nano_33_iot_9d4f17967e2821b4176c24606b1aa8f8/core.a(USBCore.cpp.o)
 .ARM.attributes
                0x0000000000000144       0x32 /tmp/arduino/sketches/55F37313A031E5E7A53B5A5F0CE85818/../../cores/arduino_samd_nano_33_iot_9d4f17967e2821b4176c24606b1aa8f8/core.a(Uart.cpp.o)
 .ARM.attributes
                0x0000000000000176       0x32 /tmp/arduino/sketches/55F37313A031E5E7A53B5A5F0CE85818/../../cores/arduino_samd_nano_33_iot_9d4f17967e2821b4176c24606b1aa8f8/core.a(PluggableUSB.cpp.o)
 .ARM.attributes
                0x00000000000001a8       0x32 /tmp/arduino/sketches/55F37313A031E5E7A53B5A5F0CE85818/../../cores/arduino_samd_nano_33_iot_9d4f17967e2821b4176c24606b1aa8f8/core.a(Print.cpp.o)
 .ARM.attributes
                0x00000000000001da       0x32 /tmp/arduino/sketches/55F37313A031E5E7A53B5A5F0CE85818/../../cores/arduino_samd_nano_33_iot_9d4f17967e2821b4176c24606b1aa8f8/core.a(cortex_handlers.c.o)
 .ARM.attributes
                0x000000000000020c       0x32 /tmp/arduino/sketches/55F37313A031E5E7A53B5A5F0CE85818/../../cores/arduino_samd_nano_33_iot_9d4f17967e2821b4176c24606b1aa8f8/core.a(delay.c.o)
 .ARM.attributes
                0x000000000000023e       0x32 /tmp/arduino/sketches/55F37313A031E5E7A53B5A5F0CE85818/../../cores/arduino_samd_nano_33_iot_9d4f17967e2821b4176c24606b1aa8f8/core.a(hooks.c.o)
 .ARM.attributes
                0x0000000000000270       0x32 /tmp/arduino/sketches/55F37313A031E5E7A53B5A5F0CE85818/../../cores/arduino_samd_nano_33_iot_9d4f17967e2821b4176c24606b1aa8f8/core.a(main.cpp.o)
 .ARM.attributes
                0x00000000000002a2       0x32 /tmp/arduino/sketches/55F37313A031E5E7A53B5A5F0CE85818/../../cores/arduino_samd_nano_33_iot_9d4f17967e2821b4176c24606b1aa8f8/core.a(new.cpp.o)
 .ARM.attributes
                0x00000000000002d4       0x32 /tmp/arduino/sketches/55F37313A031E5E7A53B5A5F0CE85818/../../cores/arduino_samd_nano_33_iot_9d4f17967e2821b4176c24606b1aa8f8/core.a(startup.c.o)
 .ARM.attributes
                0x0000000000000306       0x32 /tmp/arduino/sketches/55F37313A031E5E7A53B5A5F0CE85818/../../cores/arduino_samd_nano_33_iot_9d4f17967e2821b4176c24606b1aa8f8/core.a(wiring.c.o)
 .ARM.attributes
                0x0000000000000338       0x32 /tmp/arduino/sketches/55F37313A031E5E7A53B5A5F0CE85818/../../cores/arduino_samd_nano_33_iot_9d4f17967e2821b4176c24606b1aa8f8/core.a(wiring_analog.c.o)
 .ARM.attributes
                0x000000000000036a       0x32 /tmp/arduino/sketches/55F37313A031E5E7A53B5A5F0CE85818/../../cores/arduino_samd_nano_33_iot_9d4f17967e2821b4176c24606b1aa8f8/core.a(wiring_digital.c.o)
 .ARM.attributes
                0x000000000000039c       0x32 /tmp/arduino/sketches/55F37313A031E5E7A53B5A5F0CE85818/../../cores/arduino_samd_nano_33_iot_9d4f17967e2821b4176c24606b1aa8f8/core.a(wiring_private.c.o)
 .ARM.attributes
                0x00000000000003ce       0x32 /tmp/arduino/sketches/55F37313A031E5E7A53B5A5F0CE85818/../../cores/arduino_samd_nano_33_iot_9d4f17967e2821b4176c24606b1aa8f8/core.a(Reset.cpp.o)
 .ARM.attributes
                0x0000000000000400       0x1e /home/alireza/.arduino15/packages/arduino/tools/arm-none-eabi-gcc/7-2017q4/bin/../lib/gcc/arm-none-eabi/7.2.1/thumb/v6-m/libgcc.a(_thumb1_case_uqi.o)
 .ARM.attributes
                0x000000000000041e       0x1e /home/alireza/.arduino15/packages/arduino/tools/arm-none-eabi-gcc/7-2017q4/bin/../lib/gcc/arm-none-eabi/7.2.1/thumb/v6-m/libgcc.a(_udivsi3.o)
 .ARM.attributes
                0x000000000000043c       0x1e /home/alireza/.arduino15/packages/arduino/tools/arm-none-eabi-gcc/7-2017q4/bin/../lib/gcc/arm-none-eabi/7.2.1/thumb/v6-m/libgcc.a(_dvmd_tls.o)
 .ARM.attributes
                0x000000000000045a       0x2c /home/alireza/.arduino15/packages/arduino/tools/arm-none-eabi-gcc/7-2017q4/bin/../lib/gcc/arm-none-eabi/7.2.1/../../../../arm-none-eabi/lib/thumb/v6-m/libc_nano.a(lib_a-impure.o)
 .ARM.attributes
                0x0000000000000486       0x2c /home/alireza/.arduino15/packages/arduino/tools/arm-none-eabi-gcc/7-2017q4/bin/../lib/gcc/arm-none-eabi/7.2.1/../../../../arm-none-eabi/lib/thumb/v6-m/libc_nano.a(lib_a-init.o)
 .ARM.attributes
                0x00000000000004b2       0x2c /home/alireza/.arduino15/packages/arduino/tools/arm-none-eabi-gcc/7-2017q4/bin/../lib/gcc/arm-none-eabi/7.2.1/../../../../arm-none-eabi/lib/thumb/v6-m/libc_nano.a(lib_a-malloc.o)
 .ARM.attributes
                0x00000000000004de       0x2c /home/alireza/.arduino15/packages/arduino/tools/arm-none-eabi-gcc/7-2017q4/bin/../lib/gcc/arm-none-eabi/7.2.1/../../../../arm-none-eabi/lib/thumb/v6-m/libc_nano.a(lib_a-memcpy-stub.o)
 .ARM.attributes
                0x000000000000050a       0x2c /home/alireza/.arduino15/packages/arduino/tools/arm-none-eabi-gcc/7-2017q4/bin/../lib/gcc/arm-none-eabi/7.2.1/../../../../arm-none-eabi/lib/thumb/v6-m/libc_nano.a(lib_a-memset.o)
 .ARM.attributes
                0x0000000000000536       0x2c /home/alireza/.arduino15/packages/arduino/tools/arm-none-eabi-gcc/7-2017q4/bin/../lib/gcc/arm-none-eabi/7.2.1/../../../../arm-none-eabi/lib/thumb/v6-m/libc_nano.a(lib_a-nano-freer.o)
 .ARM.attributes
                0x0000000000000562       0x2c /home/alireza/.arduino15/packages/arduino/tools/arm-none-eabi-gcc/7-2017q4/bin/../lib/gcc/arm-none-eabi/7.2.1/../../../../arm-none-eabi/lib/thumb/v6-m/libc_nano.a(lib_a-nano-mallocr.o)
 .ARM.attributes
                0x000000000000058e       0x2c /home/alireza/.arduino15/packages/arduino/tools/arm-none-eabi-gcc/7-2017q4/bin/../lib/gcc/arm-none-eabi/7.2.1/../../../../arm-none-eabi/lib/thumb/v6-m/libc_nano.a(lib_a-sbrkr.o)
 .ARM.attributes
                0x00000000000005ba       0x1c /home/alireza/.arduino15/packages/arduino/tools/arm-none-eabi-gcc/7-2017q4/bin/../lib/gcc/arm-none-eabi/7.2.1/../../../../arm-none-eabi/lib/thumb/v6-m/libc_nano.a(lib_a-strlen.o)
 .ARM.attributes
                0x00000000000005d6       0x2c /home/alireza/.arduino15/packages/arduino/tools/arm-none-eabi-gcc/7-2017q4/bin/../lib/gcc/arm-none-eabi/7.2.1/../../../../arm-none-eabi/lib/thumb/v6-m/libc_nano.a(lib_a-mlock.o)
 .ARM.attributes
                0x0000000000000602       0x2c /home/alireza/.arduino15/packages/arduino/tools/arm-none-eabi-gcc/7-2017q4/bin/../lib/gcc/arm-none-eabi/7.2.1/../../../../arm-none-eabi/lib/thumb/v6-m/libc_nano.a(lib_a-reent.o)
 .ARM.attributes
                0x000000000000062e       0x2c /home/alireza/.arduino15/packages/arduino/tools/arm-none-eabi-gcc/7-2017q4/bin/../lib/gcc/arm-none-eabi/7.2.1/../../../../arm-none-eabi/lib/thumb/v6-m/libnosys.a(sbrk.o)
 .ARM.attributes
                0x000000000000065a       0x2c /home/alireza/.arduino15/packages/arduino/tools/arm-none-eabi-gcc/7-2017q4/bin/../lib/gcc/arm-none-eabi/7.2.1/thumb/v6-m/crtend.o
 .ARM.attributes
                0x0000000000000686       0x1e /home/alireza/.arduino15/packages/arduino/tools/arm-none-eabi-gcc/7-2017q4/bin/../lib/gcc/arm-none-eabi/7.2.1/thumb/v6-m/crtn.o

.comment        0x0000000000000000       0x7e
 .comment       0x0000000000000000       0x7e /tmp/arduino/sketches/55F37313A031E5E7A53B5A5F0CE85818/sketch/sketch_jan12a.ino.cpp.o
                                         0x7f (size before relaxing)
 .comment       0x000000000000007e       0x7f /tmp/arduino/sketches/55F37313A031E5E7A53B5A5F0CE85818/core/variant.cpp.o
 .comment       0x000000000000007e       0x7f /tmp/arduino/sketches/55F37313A031E5E7A53B5A5F0CE85818/../../cores/arduino_samd_nano_33_iot_9d4f17967e2821b4176c24606b1aa8f8/core.a(SERCOM.cpp.o)
 .comment       0x000000000000007e       0x7f /tmp/arduino/sketches/55F37313A031E5E7A53B5A5F0CE85818/../../cores/arduino_samd_nano_33_iot_9d4f17967e2821b4176c24606b1aa8f8/core.a(CDC.cpp.o)
 .comment       0x000000000000007e       0x7f /tmp/arduino/sketches/55F37313A031E5E7A53B5A5F0CE85818/../../cores/arduino_samd_nano_33_iot_9d4f17967e2821b4176c24606b1aa8f8/core.a(USBCore.cpp.o)
 .comment       0x000000000000007e       0x7f /tmp/arduino/sketches/55F37313A031E5E7A53B5A5F0CE85818/../../cores/arduino_samd_nano_33_iot_9d4f17967e2821b4176c24606b1aa8f8/core.a(Uart.cpp.o)
 .comment       0x000000000000007e       0x7f /tmp/arduino/sketches/55F37313A031E5E7A53B5A5F0CE85818/../../cores/arduino_samd_nano_33_iot_9d4f17967e2821b4176c24606b1aa8f8/core.a(PluggableUSB.cpp.o)
 .comment       0x000000000000007e       0x7f /tmp/arduino/sketches/55F37313A031E5E7A53B5A5F0CE85818/../../cores/arduino_samd_nano_33_iot_9d4f17967e2821b4176c24606b1aa8f8/core.a(Print.cpp.o)
 .comment       0x000000000000007e       0x7f /tmp/arduino/sketches/55F37313A031E5E7A53B5A5F0CE85818/../../cores/arduino_samd_nano_33_iot_9d4f17967e2821b4176c24606b1aa8f8/core.a(cortex_handlers.c.o)
 .comment       0x000000000000007e       0x7f /tmp/arduino/sketches/55F37313A031E5E7A53B5A5F0CE85818/../../cores/arduino_samd_nano_33_iot_9d4f17967e2821b4176c24606b1aa8f8/core.a(delay.c.o)
 .comment       0x000000000000007e       0x7f /tmp/arduino/sketches/55F37313A031E5E7A53B5A5F0CE85818/../../cores/arduino_samd_nano_33_iot_9d4f17967e2821b4176c24606b1aa8f8/core.a(hooks.c.o)
 .comment       0x000000000000007e       0x7f /tmp/arduino/sketches/55F37313A031E5E7A53B5A5F0CE85818/../../cores/arduino_samd_nano_33_iot_9d4f17967e2821b4176c24606b1aa8f8/core.a(main.cpp.o)
 .comment       0x000000000000007e       0x7f /tmp/arduino/sketches/55F37313A031E5E7A53B5A5F0CE85818/../../cores/arduino_samd_nano_33_iot_9d4f17967e2821b4176c24606b1aa8f8/core.a(new.cpp.o)
 .comment       0x000000000000007e       0x7f /tmp/arduino/sketches/55F37313A031E5E7A53B5A5F0CE85818/../../cores/arduino_samd_nano_33_iot_9d4f17967e2821b4176c24606b1aa8f8/core.a(startup.c.o)
 .comment       0x000000000000007e       0x7f /tmp/arduino/sketches/55F37313A031E5E7A53B5A5F0CE85818/../../cores/arduino_samd_nano_33_iot_9d4f17967e2821b4176c24606b1aa8f8/core.a(wiring.c.o)
 .comment       0x000000000000007e       0x7f /tmp/arduino/sketches/55F37313A031E5E7A53B5A5F0CE85818/../../cores/arduino_samd_nano_33_iot_9d4f17967e2821b4176c24606b1aa8f8/core.a(wiring_analog.c.o)
 .comment       0x000000000000007e       0x7f /tmp/arduino/sketches/55F37313A031E5E7A53B5A5F0CE85818/../../cores/arduino_samd_nano_33_iot_9d4f17967e2821b4176c24606b1aa8f8/core.a(wiring_digital.c.o)
 .comment       0x000000000000007e       0x7f /tmp/arduino/sketches/55F37313A031E5E7A53B5A5F0CE85818/../../cores/arduino_samd_nano_33_iot_9d4f17967e2821b4176c24606b1aa8f8/core.a(wiring_private.c.o)
 .comment       0x000000000000007e       0x7f /tmp/arduino/sketches/55F37313A031E5E7A53B5A5F0CE85818/../../cores/arduino_samd_nano_33_iot_9d4f17967e2821b4176c24606b1aa8f8/core.a(Reset.cpp.o)

.debug_info     0x0000000000000000    0x57309
 .debug_info    0x0000000000000000     0x5dc6 /tmp/arduino/sketches/55F37313A031E5E7A53B5A5F0CE85818/sketch/sketch_jan12a.ino.cpp.o
 .debug_info    0x0000000000005dc6     0x8a5c /tmp/arduino/sketches/55F37313A031E5E7A53B5A5F0CE85818/core/variant.cpp.o
 .debug_info    0x000000000000e822     0x733c /tmp/arduino/sketches/55F37313A031E5E7A53B5A5F0CE85818/../../cores/arduino_samd_nano_33_iot_9d4f17967e2821b4176c24606b1aa8f8/core.a(SERCOM.cpp.o)
 .debug_info    0x0000000000015b5e     0x9b5c /tmp/arduino/sketches/55F37313A031E5E7A53B5A5F0CE85818/../../cores/arduino_samd_nano_33_iot_9d4f17967e2821b4176c24606b1aa8f8/core.a(CDC.cpp.o)
 .debug_info    0x000000000001f6ba     0xdad1 /tmp/arduino/sketches/55F37313A031E5E7A53B5A5F0CE85818/../../cores/arduino_samd_nano_33_iot_9d4f17967e2821b4176c24606b1aa8f8/core.a(USBCore.cpp.o)
 .debug_info    0x000000000002d18b     0x7fbe /tmp/arduino/sketches/55F37313A031E5E7A53B5A5F0CE85818/../../cores/arduino_samd_nano_33_iot_9d4f17967e2821b4176c24606b1aa8f8/core.a(Uart.cpp.o)
 .debug_info    0x0000000000035149      0x686 /tmp/arduino/sketches/55F37313A031E5E7A53B5A5F0CE85818/../../cores/arduino_samd_nano_33_iot_9d4f17967e2821b4176c24606b1aa8f8/core.a(PluggableUSB.cpp.o)
 .debug_info    0x00000000000357cf     0x41d3 /tmp/arduino/sketches/55F37313A031E5E7A53B5A5F0CE85818/../../cores/arduino_samd_nano_33_iot_9d4f17967e2821b4176c24606b1aa8f8/core.a(Print.cpp.o)
 .debug_info    0x00000000000399a2     0x110c /tmp/arduino/sketches/55F37313A031E5E7A53B5A5F0CE85818/../../cores/arduino_samd_nano_33_iot_9d4f17967e2821b4176c24606b1aa8f8/core.a(cortex_handlers.c.o)
 .debug_info    0x000000000003aaae     0x13d2 /tmp/arduino/sketches/55F37313A031E5E7A53B5A5F0CE85818/../../cores/arduino_samd_nano_33_iot_9d4f17967e2821b4176c24606b1aa8f8/core.a(delay.c.o)
 .debug_info    0x000000000003be80       0x64 /tmp/arduino/sketches/55F37313A031E5E7A53B5A5F0CE85818/../../cores/arduino_samd_nano_33_iot_9d4f17967e2821b4176c24606b1aa8f8/core.a(hooks.c.o)
 .debug_info    0x000000000003bee4     0x5e65 /tmp/arduino/sketches/55F37313A031E5E7A53B5A5F0CE85818/../../cores/arduino_samd_nano_33_iot_9d4f17967e2821b4176c24606b1aa8f8/core.a(main.cpp.o)
 .debug_info    0x0000000000041d49      0xf3b /tmp/arduino/sketches/55F37313A031E5E7A53B5A5F0CE85818/../../cores/arduino_samd_nano_33_iot_9d4f17967e2821b4176c24606b1aa8f8/core.a(new.cpp.o)
 .debug_info    0x0000000000042c84     0x34f9 /tmp/arduino/sketches/55F37313A031E5E7A53B5A5F0CE85818/../../cores/arduino_samd_nano_33_iot_9d4f17967e2821b4176c24606b1aa8f8/core.a(startup.c.o)
 .debug_info    0x000000000004617d     0x2d9a /tmp/arduino/sketches/55F37313A031E5E7A53B5A5F0CE85818/../../cores/arduino_samd_nano_33_iot_9d4f17967e2821b4176c24606b1aa8f8/core.a(wiring.c.o)
 .debug_info    0x0000000000048f17     0x4f63 /tmp/arduino/sketches/55F37313A031E5E7A53B5A5F0CE85818/../../cores/arduino_samd_nano_33_iot_9d4f17967e2821b4176c24606b1aa8f8/core.a(wiring_analog.c.o)
 .debug_info    0x000000000004de7a     0x186d /tmp/arduino/sketches/55F37313A031E5E7A53B5A5F0CE85818/../../cores/arduino_samd_nano_33_iot_9d4f17967e2821b4176c24606b1aa8f8/core.a(wiring_digital.c.o)
 .debug_info    0x000000000004f6e7     0x17f7 /tmp/arduino/sketches/55F37313A031E5E7A53B5A5F0CE85818/../../cores/arduino_samd_nano_33_iot_9d4f17967e2821b4176c24606b1aa8f8/core.a(wiring_private.c.o)
 .debug_info    0x0000000000050ede     0x642b /tmp/arduino/sketches/55F37313A031E5E7A53B5A5F0CE85818/../../cores/arduino_samd_nano_33_iot_9d4f17967e2821b4176c24606b1aa8f8/core.a(Reset.cpp.o)

.debug_abbrev   0x0000000000000000     0x654d
 .debug_abbrev  0x0000000000000000      0x5bb /tmp/arduino/sketches/55F37313A031E5E7A53B5A5F0CE85818/sketch/sketch_jan12a.ino.cpp.o
 .debug_abbrev  0x00000000000005bb      0x6be /tmp/arduino/sketches/55F37313A031E5E7A53B5A5F0CE85818/core/variant.cpp.o
 .debug_abbrev  0x0000000000000c79      0x836 /tmp/arduino/sketches/55F37313A031E5E7A53B5A5F0CE85818/../../cores/arduino_samd_nano_33_iot_9d4f17967e2821b4176c24606b1aa8f8/core.a(SERCOM.cpp.o)
 .debug_abbrev  0x00000000000014af      0xab9 /tmp/arduino/sketches/55F37313A031E5E7A53B5A5F0CE85818/../../cores/arduino_samd_nano_33_iot_9d4f17967e2821b4176c24606b1aa8f8/core.a(CDC.cpp.o)
 .debug_abbrev  0x0000000000001f68      0xc7b /tmp/arduino/sketches/55F37313A031E5E7A53B5A5F0CE85818/../../cores/arduino_samd_nano_33_iot_9d4f17967e2821b4176c24606b1aa8f8/core.a(USBCore.cpp.o)
 .debug_abbrev  0x0000000000002be3      0x913 /tmp/arduino/sketches/55F37313A031E5E7A53B5A5F0CE85818/../../cores/arduino_samd_nano_33_iot_9d4f17967e2821b4176c24606b1aa8f8/core.a(Uart.cpp.o)
 .debug_abbrev  0x00000000000034f6      0x2b2 /tmp/arduino/sketches/55F37313A031E5E7A53B5A5F0CE85818/../../cores/arduino_samd_nano_33_iot_9d4f17967e2821b4176c24606b1aa8f8/core.a(PluggableUSB.cpp.o)
 .debug_abbrev  0x00000000000037a8      0x709 /tmp/arduino/sketches/55F37313A031E5E7A53B5A5F0CE85818/../../cores/arduino_samd_nano_33_iot_9d4f17967e2821b4176c24606b1aa8f8/core.a(Print.cpp.o)
 .debug_abbrev  0x0000000000003eb1      0x29a /tmp/arduino/sketches/55F37313A031E5E7A53B5A5F0CE85818/../../cores/arduino_samd_nano_33_iot_9d4f17967e2821b4176c24606b1aa8f8/core.a(cortex_handlers.c.o)
 .debug_abbrev  0x000000000000414b      0x33c /tmp/arduino/sketches/55F37313A031E5E7A53B5A5F0CE85818/../../cores/arduino_samd_nano_33_iot_9d4f17967e2821b4176c24606b1aa8f8/core.a(delay.c.o)
 .debug_abbrev  0x0000000000004487       0x49 /tmp/arduino/sketches/55F37313A031E5E7A53B5A5F0CE85818/../../cores/arduino_samd_nano_33_iot_9d4f17967e2821b4176c24606b1aa8f8/core.a(hooks.c.o)
 .debug_abbrev  0x00000000000044d0      0x5dd /tmp/arduino/sketches/55F37313A031E5E7A53B5A5F0CE85818/../../cores/arduino_samd_nano_33_iot_9d4f17967e2821b4176c24606b1aa8f8/core.a(main.cpp.o)
 .debug_abbrev  0x0000000000004aad      0x301 /tmp/arduino/sketches/55F37313A031E5E7A53B5A5F0CE85818/../../cores/arduino_samd_nano_33_iot_9d4f17967e2821b4176c24606b1aa8f8/core.a(new.cpp.o)
 .debug_abbrev  0x0000000000004dae      0x2ca /tmp/arduino/sketches/55F37313A031E5E7A53B5A5F0CE85818/../../cores/arduino_samd_nano_33_iot_9d4f17967e2821b4176c24606b1aa8f8/core.a(startup.c.o)
 .debug_abbrev  0x0000000000005078      0x3a1 /tmp/arduino/sketches/55F37313A031E5E7A53B5A5F0CE85818/../../cores/arduino_samd_nano_33_iot_9d4f17967e2821b4176c24606b1aa8f8/core.a(wiring.c.o)
 .debug_abbrev  0x0000000000005419      0x487 /tmp/arduino/sketches/55F37313A031E5E7A53B5A5F0CE85818/../../cores/arduino_samd_nano_33_iot_9d4f17967e2821b4176c24606b1aa8f8/core.a(wiring_analog.c.o)
 .debug_abbrev  0x00000000000058a0      0x339 /tmp/arduino/sketches/55F37313A031E5E7A53B5A5F0CE85818/../../cores/arduino_samd_nano_33_iot_9d4f17967e2821b4176c24606b1aa8f8/core.a(wiring_digital.c.o)
 .debug_abbrev  0x0000000000005bd9      0x303 /tmp/arduino/sketches/55F37313A031E5E7A53B5A5F0CE85818/../../cores/arduino_samd_nano_33_iot_9d4f17967e2821b4176c24606b1aa8f8/core.a(wiring_private.c.o)
 .debug_abbrev  0x0000000000005edc      0x671 /tmp/arduino/sketches/55F37313A031E5E7A53B5A5F0CE85818/../../cores/arduino_samd_nano_33_iot_9d4f17967e2821b4176c24606b1aa8f8/core.a(Reset.cpp.o)

.debug_aranges  0x0000000000000000      0x958
 .debug_aranges
                0x0000000000000000       0x28 /tmp/arduino/sketches/55F37313A031E5E7A53B5A5F0CE85818/sketch/sketch_jan12a.ino.cpp.o
 .debug_aranges
                0x0000000000000028       0x48 /tmp/arduino/sketches/55F37313A031E5E7A53B5A5F0CE85818/core/variant.cpp.o
 .debug_aranges
                0x0000000000000070      0x1f0 /tmp/arduino/sketches/55F37313A031E5E7A53B5A5F0CE85818/../../cores/arduino_samd_nano_33_iot_9d4f17967e2821b4176c24606b1aa8f8/core.a(SERCOM.cpp.o)
 .debug_aranges
                0x0000000000000260      0x120 /tmp/arduino/sketches/55F37313A031E5E7A53B5A5F0CE85818/../../cores/arduino_samd_nano_33_iot_9d4f17967e2821b4176c24606b1aa8f8/core.a(CDC.cpp.o)
 .debug_aranges
                0x0000000000000380      0x190 /tmp/arduino/sketches/55F37313A031E5E7A53B5A5F0CE85818/../../cores/arduino_samd_nano_33_iot_9d4f17967e2821b4176c24606b1aa8f8/core.a(USBCore.cpp.o)
 .debug_aranges
                0x0000000000000510       0xb8 /tmp/arduino/sketches/55F37313A031E5E7A53B5A5F0CE85818/../../cores/arduino_samd_nano_33_iot_9d4f17967e2821b4176c24606b1aa8f8/core.a(Uart.cpp.o)
 .debug_aranges
                0x00000000000005c8       0x48 /tmp/arduino/sketches/55F37313A031E5E7A53B5A5F0CE85818/../../cores/arduino_samd_nano_33_iot_9d4f17967e2821b4176c24606b1aa8f8/core.a(PluggableUSB.cpp.o)
 .debug_aranges
                0x0000000000000610      0x130 /tmp/arduino/sketches/55F37313A031E5E7A53B5A5F0CE85818/../../cores/arduino_samd_nano_33_iot_9d4f17967e2821b4176c24606b1aa8f8/core.a(Print.cpp.o)
 .debug_aranges
                0x0000000000000740       0x40 /tmp/arduino/sketches/55F37313A031E5E7A53B5A5F0CE85818/../../cores/arduino_samd_nano_33_iot_9d4f17967e2821b4176c24606b1aa8f8/core.a(cortex_handlers.c.o)
 .debug_aranges
                0x0000000000000780       0x48 /tmp/arduino/sketches/55F37313A031E5E7A53B5A5F0CE85818/../../cores/arduino_samd_nano_33_iot_9d4f17967e2821b4176c24606b1aa8f8/core.a(delay.c.o)
 .debug_aranges
                0x00000000000007c8       0x30 /tmp/arduino/sketches/55F37313A031E5E7A53B5A5F0CE85818/../../cores/arduino_samd_nano_33_iot_9d4f17967e2821b4176c24606b1aa8f8/core.a(hooks.c.o)
 .debug_aranges
                0x00000000000007f8       0x28 /tmp/arduino/sketches/55F37313A031E5E7A53B5A5F0CE85818/../../cores/arduino_samd_nano_33_iot_9d4f17967e2821b4176c24606b1aa8f8/core.a(main.cpp.o)
 .debug_aranges
                0x0000000000000820       0x28 /tmp/arduino/sketches/55F37313A031E5E7A53B5A5F0CE85818/../../cores/arduino_samd_nano_33_iot_9d4f17967e2821b4176c24606b1aa8f8/core.a(new.cpp.o)
 .debug_aranges
                0x0000000000000848       0x20 /tmp/arduino/sketches/55F37313A031E5E7A53B5A5F0CE85818/../../cores/arduino_samd_nano_33_iot_9d4f17967e2821b4176c24606b1aa8f8/core.a(startup.c.o)
 .debug_aranges
                0x0000000000000868       0x20 /tmp/arduino/sketches/55F37313A031E5E7A53B5A5F0CE85818/../../cores/arduino_samd_nano_33_iot_9d4f17967e2821b4176c24606b1aa8f8/core.a(wiring.c.o)
 .debug_aranges
                0x0000000000000888       0x48 /tmp/arduino/sketches/55F37313A031E5E7A53B5A5F0CE85818/../../cores/arduino_samd_nano_33_iot_9d4f17967e2821b4176c24606b1aa8f8/core.a(wiring_analog.c.o)
 .debug_aranges
                0x00000000000008d0       0x30 /tmp/arduino/sketches/55F37313A031E5E7A53B5A5F0CE85818/../../cores/arduino_samd_nano_33_iot_9d4f17967e2821b4176c24606b1aa8f8/core.a(wiring_digital.c.o)
 .debug_aranges
                0x0000000000000900       0x20 /tmp/arduino/sketches/55F37313A031E5E7A53B5A5F0CE85818/../../cores/arduino_samd_nano_33_iot_9d4f17967e2821b4176c24606b1aa8f8/core.a(wiring_private.c.o)
 .debug_aranges
                0x0000000000000920       0x38 /tmp/arduino/sketches/55F37313A031E5E7A53B5A5F0CE85818/../../cores/arduino_samd_nano_33_iot_9d4f17967e2821b4176c24606b1aa8f8/core.a(Reset.cpp.o)
