Archive member included to satisfy reference by file (symbol)

/tmp/arduino/sketches/AD145EEC5CF834A88ADD190452DD55BA/../../cores/arduino_samd_nano_33_iot_9d4f17967e2821b4176c24606b1aa8f8/core.a(SERCOM.cpp.o)
                              /tmp/arduino/sketches/AD145EEC5CF834A88ADD190452DD55BA/core/variant.cpp.o (SERCOM::SERCOM(Sercom*))
/tmp/arduino/sketches/AD145EEC5CF834A88ADD190452DD55BA/../../cores/arduino_samd_nano_33_iot_9d4f17967e2821b4176c24606b1aa8f8/core.a(CDC.cpp.o)
                              /tmp/arduino/sketches/AD145EEC5CF834A88ADD190452DD55BA/sketch/lossless.ino.cpp.o (Serial_::begin(unsigned long))
/tmp/arduino/sketches/AD145EEC5CF834A88ADD190452DD55BA/../../cores/arduino_samd_nano_33_iot_9d4f17967e2821b4176c24606b1aa8f8/core.a(USBCore.cpp.o)
                              /tmp/arduino/sketches/AD145EEC5CF834A88ADD190452DD55BA/../../cores/arduino_samd_nano_33_iot_9d4f17967e2821b4176c24606b1aa8f8/core.a(CDC.cpp.o) (usbd)
/tmp/arduino/sketches/AD145EEC5CF834A88ADD190452DD55BA/../../cores/arduino_samd_nano_33_iot_9d4f17967e2821b4176c24606b1aa8f8/core.a(Uart.cpp.o)
                              /tmp/arduino/sketches/AD145EEC5CF834A88ADD190452DD55BA/core/variant.cpp.o (Uart::Uart(SERCOM*, unsigned char, unsigned char, SercomRXPad, SercomUartTXPad, unsigned char, unsigned char))
/tmp/arduino/sketches/AD145EEC5CF834A88ADD190452DD55BA/../../cores/arduino_samd_nano_33_iot_9d4f17967e2821b4176c24606b1aa8f8/core.a(PluggableUSB.cpp.o)
                              /tmp/arduino/sketches/AD145EEC5CF834A88ADD190452DD55BA/../../cores/arduino_samd_nano_33_iot_9d4f17967e2821b4176c24606b1aa8f8/core.a(USBCore.cpp.o) (arduino::PluggableUSB_::getInterface(unsigned char*))
/tmp/arduino/sketches/AD145EEC5CF834A88ADD190452DD55BA/../../cores/arduino_samd_nano_33_iot_9d4f17967e2821b4176c24606b1aa8f8/core.a(Print.cpp.o)
                              /tmp/arduino/sketches/AD145EEC5CF834A88ADD190452DD55BA/../../cores/arduino_samd_nano_33_iot_9d4f17967e2821b4176c24606b1aa8f8/core.a(Uart.cpp.o) (arduino::Print::write(unsigned char const*, unsigned int))
/tmp/arduino/sketches/AD145EEC5CF834A88ADD190452DD55BA/../../cores/arduino_samd_nano_33_iot_9d4f17967e2821b4176c24606b1aa8f8/core.a(String.cpp.o)
                              /tmp/arduino/sketches/AD145EEC5CF834A88ADD190452DD55BA/sketch/lossless.ino.cpp.o (arduino::String::~String())
/tmp/arduino/sketches/AD145EEC5CF834A88ADD190452DD55BA/../../cores/arduino_samd_nano_33_iot_9d4f17967e2821b4176c24606b1aa8f8/core.a(dtostrf.c.o)
                              /tmp/arduino/sketches/AD145EEC5CF834A88ADD190452DD55BA/../../cores/arduino_samd_nano_33_iot_9d4f17967e2821b4176c24606b1aa8f8/core.a(String.cpp.o) (dtostrf)
/tmp/arduino/sketches/AD145EEC5CF834A88ADD190452DD55BA/../../cores/arduino_samd_nano_33_iot_9d4f17967e2821b4176c24606b1aa8f8/core.a(cortex_handlers.c.o)
                              (Reset_Handler)
/tmp/arduino/sketches/AD145EEC5CF834A88ADD190452DD55BA/../../cores/arduino_samd_nano_33_iot_9d4f17967e2821b4176c24606b1aa8f8/core.a(delay.c.o)
                              /tmp/arduino/sketches/AD145EEC5CF834A88ADD190452DD55BA/../../cores/arduino_samd_nano_33_iot_9d4f17967e2821b4176c24606b1aa8f8/core.a(CDC.cpp.o) (millis)
/tmp/arduino/sketches/AD145EEC5CF834A88ADD190452DD55BA/../../cores/arduino_samd_nano_33_iot_9d4f17967e2821b4176c24606b1aa8f8/core.a(hooks.c.o)
                              /tmp/arduino/sketches/AD145EEC5CF834A88ADD190452DD55BA/../../cores/arduino_samd_nano_33_iot_9d4f17967e2821b4176c24606b1aa8f8/core.a(delay.c.o) (yield)
/tmp/arduino/sketches/AD145EEC5CF834A88ADD190452DD55BA/../../cores/arduino_samd_nano_33_iot_9d4f17967e2821b4176c24606b1aa8f8/core.a(itoa.c.o)
                              /tmp/arduino/sketches/AD145EEC5CF834A88ADD190452DD55BA/../../cores/arduino_samd_nano_33_iot_9d4f17967e2821b4176c24606b1aa8f8/core.a(String.cpp.o) (ltoa)
/tmp/arduino/sketches/AD145EEC5CF834A88ADD190452DD55BA/../../cores/arduino_samd_nano_33_iot_9d4f17967e2821b4176c24606b1aa8f8/core.a(main.cpp.o)
                              /home/alireza/.arduino15/packages/arduino/tools/arm-none-eabi-gcc/7-2017q4/bin/../lib/gcc/arm-none-eabi/7.2.1/../../../../arm-none-eabi/lib/thumb/v6-m/crt0.o (main)
/tmp/arduino/sketches/AD145EEC5CF834A88ADD190452DD55BA/../../cores/arduino_samd_nano_33_iot_9d4f17967e2821b4176c24606b1aa8f8/core.a(new.cpp.o)
                              /tmp/arduino/sketches/AD145EEC5CF834A88ADD190452DD55BA/../../cores/arduino_samd_nano_33_iot_9d4f17967e2821b4176c24606b1aa8f8/core.a(USBCore.cpp.o) (operator new(unsigned int))
/tmp/arduino/sketches/AD145EEC5CF834A88ADD190452DD55BA/../../cores/arduino_samd_nano_33_iot_9d4f17967e2821b4176c24606b1aa8f8/core.a(startup.c.o)
                              /tmp/arduino/sketches/AD145EEC5CF834A88ADD190452DD55BA/../../cores/arduino_samd_nano_33_iot_9d4f17967e2821b4176c24606b1aa8f8/core.a(cortex_handlers.c.o) (SystemInit)
[...]
Memory Configuration

Name             Origin             Length             Attributes
FLASH            0x0000000000002000 0x000000000003e000 xr
RAM              0x0000000020000000 0x0000000000008000 xrw
*default*        0x0000000000000000 0xffffffffffffffff

Linker script and memory map

LOAD /home/alireza/.arduino15/packages/arduino/tools/arm-none-eabi-gcc/7-2017q4/bin/../lib/gcc/arm-none-eabi/7.2.1/thumb/v6-m/crti.o
LOAD /home/alireza/.arduino15/packages/arduino/tools/arm-none-eabi-gcc/7-2017q4/bin/../lib/gcc/arm-none-eabi/7.2.1/thumb/v6-m/crtbegin.o
LOAD /home/alireza/.arduino15/packages/arduino/tools/arm-none-eabi-gcc/7-2017q4/bin/../lib/gcc/arm-none-eabi/7.2.1/../../../../arm-none-eabi/lib/thumb/v6-m/crt0.o
LOAD /tmp/arduino/sketches/AD145EEC5CF834A88ADD190452DD55BA/sketch/lossless.ino.cpp.o
LOAD /tmp/arduino/sketches/AD145EEC5CF834A88ADD190452DD55BA/core/variant.cpp.o
START GROUP
LOAD /home/alireza/.arduino15/packages/arduino/tools/CMSIS/4.5.0/CMSIS/Lib/GCC//libarm_cortexM0l_math.a
LOAD /tmp/arduino/sketches/AD145EEC5CF834A88ADD190452DD55BA/../../cores/arduino_samd_nano_33_iot_9d4f17967e2821b4176c24606b1aa8f8/core.a
END GROUP
LOAD /home/alireza/.arduino15/packages/arduino/tools/arm-none-eabi-gcc/7-2017q4/bin/../lib/gcc/arm-none-eabi/7.2.1/../../../../arm-none-eabi/lib/thumb/v6-m/libstdc++_nano.a
LOAD /home/alireza/.arduino15/packages/arduino/tools/arm-none-eabi-gcc/7-2017q4/bin/../lib/gcc/arm-none-eabi/7.2.1/../../../../arm-none-eabi/lib/thumb/v6-m/libm.a
START GROUP
LOAD /home/alireza/.arduino15/packages/arduino/tools/arm-none-eabi-gcc/7-2017q4/bin/../lib/gcc/arm-none-eabi/7.2.1/thumb/v6-m/libgcc.a
LOAD /home/alireza/.arduino15/packages/arduino/tools/arm-none-eabi-gcc/7-2017q4/bin/../lib/gcc/arm-none-eabi/7.2.1/../../../../arm-none-eabi/lib/thumb/v6-m/libc_nano.a
END GROUP
START GROUP
LOAD /home/alireza/.arduino15/packages/arduino/tools/arm-none-eabi-gcc/7-2017q4/bin/../lib/gcc/arm-none-eabi/7.2.1/thumb/v6-m/libgcc.a
LOAD /home/alireza/.arduino15/packages/arduino/tools/arm-none-eabi-gcc/7-2017q4/bin/../lib/gcc/arm-none-eabi/7.2.1/../../../../arm-none-eabi/lib/thumb/v6-m/libc_nano.a
LOAD /home/alireza/.arduino15/packages/arduino/tools/arm-none-eabi-gcc/7-2017q4/bin/../lib/gcc/arm-none-eabi/7.2.1/../../../../arm-none-eabi/lib/thumb/v6-m/libnosys.a
END GROUP
START GROUP
LOAD /home/alireza/.arduino15/packages/arduino/tools/arm-none-eabi-gcc/7-2017q4/bin/../lib/gcc/arm-none-eabi/7.2.1/thumb/v6-m/libgcc.a
LOAD /home/alireza/.arduino15/packages/arduino/tools/arm-none-eabi-gcc/7-2017q4/bin/../lib/gcc/arm-none-eabi/7.2.1/../../../../arm-none-eabi/lib/thumb/v6-m/libc_nano.a
LOAD /home/alireza/.arduino15/packages/arduino/tools/arm-none-eabi-gcc/7-2017q4/bin/../lib/gcc/arm-none-eabi/7.2.1/../../../../arm-none-eabi/lib/thumb/v6-m/libnosys.a
END GROUP
LOAD /home/alireza/.arduino15/packages/arduino/tools/arm-none-eabi-gcc/7-2017q4/bin/../lib/gcc/arm-none-eabi/7.2.1/thumb/v6-m/crtend.o
LOAD /home/alireza/.arduino15/packages/arduino/tools/arm-none-eabi-gcc/7-2017q4/bin/../lib/gcc/arm-none-eabi/7.2.1/thumb/v6-m/crtn.o

.text           0x0000000000002000     0x3460
                0x0000000000002000                __text_start__ = .
 *(.sketch_boot)
                0x0000000000002000                . = ALIGN (0x2000)
 *(.isr_vector)
 .isr_vector    0x0000000000002000       0xb4 /tmp/arduino/sketches/AD145EEC5CF834A88ADD190452DD55BA/../../cores/arduino_samd_nano_33_iot_9d4f17967e2821b4176c24606b1aa8f8/core.a(cortex_handlers.c.o)
                0x0000000000002000                exception_table
 *(.text*)
 .text          0x00000000000020b4       0x48 /home/alireza/.arduino15/packages/arduino/tools/arm-none-eabi-gcc/7-2017q4/bin/../lib/gcc/arm-none-eabi/7.2.1/thumb/v6-m/crtbegin.o
 .text._Z11rleCompressPKhj
                0x00000000000020fc       0x94 /tmp/arduino/sketches/AD145EEC5CF834A88ADD190452DD55BA/sketch/lossless.ino.cpp.o
                0x00000000000020fc                rleCompress(unsigned char const*, unsigned int)
 .text._Z13rleDecompressRKN7arduino6StringEPhRj
                0x0000000000002190       0x84 /tmp/arduino/sketches/AD145EEC5CF834A88ADD190452DD55BA/sketch/lossless.ino.cpp.o
                0x0000000000002190                rleDecompress(arduino::String const&, unsigned char*, unsigned int&)
 .text.loop     0x0000000000002214        0x2 /tmp/arduino/sketches/AD145EEC5CF834A88ADD190452DD55BA/sketch/lossless.ino.cpp.o
                0x0000000000002214                loop
 *fill*         0x0000000000002216        0x2 
 .text.setup    0x0000000000002218       0x94 /tmp/arduino/sketches/AD145EEC5CF834A88ADD190452DD55BA/sketch/lossless.ino.cpp.o
                0x0000000000002218                setup
 .text.initVariant
                0x00000000000022ac       0x24 /tmp/arduino/sketches/AD145EEC5CF834A88ADD190452DD55BA/core/variant.cpp.o
                0x00000000000022ac                initVariant
 .text.SERCOM5_Handler
                0x00000000000022d0       0x10 /tmp/arduino/sketches/AD145EEC5CF834A88ADD190452DD55BA/core/variant.cpp.o
                0x00000000000022d0                SERCOM5_Handler
 .text.SERCOM3_Handler
                0x00000000000022e0       0x10 /tmp/arduino/sketches/AD145EEC5CF834A88ADD190452DD55BA/core/variant.cpp.o
                0x00000000000022e0                SERCOM3_Handler
 .text.SERCOM2_Handler
                0x00000000000022f0       0x10 /tmp/arduino/sketches/AD145EEC5CF834A88ADD190452DD55BA/core/variant.cpp.o
                0x00000000000022f0                SERCOM2_Handler
 .text.startup._GLOBAL__sub_I_g_APinDescription
                0x0000000000002300       0xbc /tmp/arduino/sketches/AD145EEC5CF834A88ADD190452DD55BA/core/variant.cpp.o
 .text._ZN6SERCOMC2EP6Sercom
                0x00000000000023bc        0x8 /tmp/arduino/sketches/AD145EEC5CF834A88ADD190452DD55BA/../../cores/arduino_samd_nano_33_iot_9d4f17967e2821b4176c24606b1aa8f8/core.a(SERCOM.cpp.o)
                0x00000000000023bc                SERCOM::SERCOM(Sercom*)
                0x00000000000023bc                SERCOM::SERCOM(Sercom*)
 .text._ZN6SERCOM9initFrameE18SercomUartCharSize15SercomDataOrder16SercomParityMode19SercomNumberStopBit
                0x00000000000023c4       0x3a /tmp/arduino/sketches/AD145EEC5CF834A88ADD190452DD55BA/../../cores/arduino_samd_nano_33_iot_9d4f17967e2821b4176c24606b1aa8f8/core.a(SERCOM.cpp.o)
                0x00000000000023c4                SERCOM::initFrame(SercomUartCharSize, SercomDataOrder, SercomParityMode, SercomNumberStopBit)
 .text._ZN6SERCOM8initPadsE15SercomUartTXPad11SercomRXPad
                0x00000000000023fe       0x26 /tmp/arduino/sketches/AD145EEC5CF834A88ADD190452DD55BA/../../cores/arduino_samd_nano_33_iot_9d4f17967e2821b4176c24606b1aa8f8/core.a(SERCOM.cpp.o)
                0x00000000000023fe                SERCOM::initPads(SercomUartTXPad, SercomRXPad)
 .text._ZN6SERCOM9resetUARTEv
                0x0000000000002424       0x1a /tmp/arduino/sketches/AD145EEC5CF834A88ADD190452DD55BA/../../cores/arduino_samd_nano_33_iot_9d4f17967e2821b4176c24606b1aa8f8/core.a(SERCOM.cpp.o)
                0x0000000000002424                SERCOM::resetUART()
 .text._ZN6SERCOM10enableUARTEv
                0x000000000000243e       0x14 /tmp/arduino/sketches/AD145EEC5CF834A88ADD190452DD55BA/../../cores/arduino_samd_nano_33_iot_9d4f17967e2821b4176c24606b1aa8f8/core.a(SERCOM.cpp.o)
                0x000000000000243e                SERCOM::enableUART()
 .text._ZN6SERCOM9flushUARTEv
                0x0000000000002452       0x14 /tmp/arduino/sketches/AD145EEC5CF834A88ADD190452DD55BA/../../cores/arduino_samd_nano_33_iot_9d4f17967e2821b4176c24606b1aa8f8/core.a(SERCOM.cpp.o)
                0x0000000000002452                SERCOM::flushUART()
 .text._ZN6SERCOM15clearStatusUARTEv
                0x0000000000002466        0x8 /tmp/arduino/sketches/AD145EEC5CF834A88ADD190452DD55BA/../../cores/arduino_samd_nano_33_iot_9d4f17967e2821b4176c24606b1aa8f8/core.a(SERCOM.cpp.o)
                0x0000000000002466                SERCOM::clearStatusUART()
 .text._ZN6SERCOM17availableDataUARTEv
                0x000000000000246e        0xa /tmp/arduino/sketches/AD145EEC5CF834A88ADD190452DD55BA/../../cores/arduino_samd_nano_33_iot_9d4f17967e2821b4176c24606b1aa8f8/core.a(SERCOM.cpp.o)
                0x000000000000246e                SERCOM::availableDataUART()
 .text._ZN6SERCOM11isUARTErrorEv
                0x0000000000002478        0x8 /tmp/arduino/sketches/AD145EEC5CF834A88ADD190452DD55BA/../../cores/arduino_samd_nano_33_iot_9d4f17967e2821b4176c24606b1aa8f8/core.a(SERCOM.cpp.o)
                0x0000000000002478                SERCOM::isUARTError()
 .text._ZN6SERCOM20acknowledgeUARTErrorEv
                0x0000000000002480        0xe /tmp/arduino/sketches/AD145EEC5CF834A88ADD190452DD55BA/../../cores/arduino_samd_nano_33_iot_9d4f17967e2821b4176c24606b1aa8f8/core.a(SERCOM.cpp.o)
                0x0000000000002480                SERCOM::acknowledgeUARTError()
 .text._ZN6SERCOM16isFrameErrorUARTEv
                0x000000000000248e        0xa /tmp/arduino/sketches/AD145EEC5CF834A88ADD190452DD55BA/../../cores/arduino_samd_nano_33_iot_9d4f17967e2821b4176c24606b1aa8f8/core.a(SERCOM.cpp.o)
                0x000000000000248e                SERCOM::isFrameErrorUART()
 .text._ZN6SERCOM19clearFrameErrorUARTEv
                0x0000000000002498        0xc /tmp/arduino/sketches/AD145EEC5CF834A88ADD190452DD55BA/../../cores/arduino_samd_nano_33_iot_9d4f17967e2821b4176c24606b1aa8f8/core.a(SERCOM.cpp.o)
                0x0000000000002498                SERCOM::clearFrameErrorUART()
 .text._ZN6SERCOM23isDataRegisterEmptyUARTEv
                0x00000000000024a4        0xa /tmp/arduino/sketches/AD145EEC5CF834A88ADD190452DD55BA/../../cores/arduino_samd_nano_33_iot_9d4f17967e2821b4176c24606b1aa8f8/core.a(SERCOM.cpp.o)
                0x00000000000024a4                SERCOM::isDataRegisterEmptyUART()
 .text._ZN6SERCOM12readDataUARTEv
                0x00000000000024ae        0x8 /tmp/arduino/sketches/AD145EEC5CF834A88ADD190452DD55BA/../../cores/arduino_samd_nano_33_iot_9d4f17967e2821b4176c24606b1aa8f8/core.a(SERCOM.cpp.o)
                0x00000000000024ae                SERCOM::readDataUART()
 .text._ZN6SERCOM13writeDataUARTEh
                0x00000000000024b6       0x14 /tmp/arduino/sketches/AD145EEC5CF834A88ADD190452DD55BA/../../cores/arduino_samd_nano_33_iot_9d4f17967e2821b4176c24606b1aa8f8/core.a(SERCOM.cpp.o)
                0x00000000000024b6                SERCOM::writeDataUART(unsigned char)
 .text._ZN6SERCOM36enableDataRegisterEmptyInterruptUARTEv
                0x00000000000024ca        0x8 /tmp/arduino/sketches/AD145EEC5CF834A88ADD190452DD55BA/../../cores/arduino_samd_nano_33_iot_9d4f17967e2821b4176c24606b1aa8f8/core.a(SERCOM.cpp.o)
                0x00000000000024ca                SERCOM::enableDataRegisterEmptyInterruptUART()
 .text._ZN6SERCOM37disableDataRegisterEmptyInterruptUARTEv
                0x00000000000024d2        0x8 /tmp/arduino/sketches/AD145EEC5CF834A88ADD190452DD55BA/../../cores/arduino_samd_nano_33_iot_9d4f17967e2821b4176c24606b1aa8f8/core.a(SERCOM.cpp.o)
                0x00000000000024d2                SERCOM::disableDataRegisterEmptyInterruptUART()
 *fill*         0x00000000000024da        0x2 
 .text._ZN6SERCOM13initClockNVICEv
                0x00000000000024dc       0xa8 /tmp/arduino/sketches/AD145EEC5CF834A88ADD190452DD55BA/../../cores/arduino_samd_nano_33_iot_9d4f17967e2821b4176c24606b1aa8f8/core.a(SERCOM.cpp.o)
                0x00000000000024dc                SERCOM::initClockNVIC()
 .text._ZN6SERCOM8initUARTE14SercomUartMode20SercomUartSampleRatem
                0x0000000000002584       0x6c /tmp/arduino/sketches/AD145EEC5CF834A88ADD190452DD55BA/../../cores/arduino_samd_nano_33_iot_9d4f17967e2821b4176c24606b1aa8f8/core.a(SERCOM.cpp.o)
                0x0000000000002584                SERCOM::initUART(SercomUartMode, SercomUartSampleRate, unsigned long)
 .text._ZN7Serial_13getDescriptorERN7arduino8USBSetupE
                0x00000000000025f0        0x4 /tmp/arduino/sketches/AD145EEC5CF834A88ADD190452DD55BA/../../cores/arduino_samd_nano_33_iot_9d4f17967e2821b4176c24606b1aa8f8/core.a(CDC.cpp.o)
                0x00000000000025f0                Serial_::getDescriptor(arduino::USBSetup&)
 .text._ZL5utox8mPc
                0x00000000000025f4       0x24 /tmp/arduino/sketches/AD145EEC5CF834A88ADD190452DD55BA/../../cores/arduino_samd_nano_33_iot_9d4f17967e2821b4176c24606b1aa8f8/core.a(CDC.cpp.o)
 .text._ZN7Serial_12getShortNameEPc
                0x0000000000002618       0x44 /tmp/arduino/sketches/AD145EEC5CF834A88ADD190452DD55BA/../../cores/arduino_samd_nano_33_iot_9d4f17967e2821b4176c24606b1aa8f8/core.a(CDC.cpp.o)
                0x0000000000002618                Serial_::getShortName(char*)
 .text._ZThn16_N7Serial_12getShortNameEPc
                0x000000000000265c       0x10 /tmp/arduino/sketches/AD145EEC5CF834A88ADD190452DD55BA/../../cores/arduino_samd_nano_33_iot_9d4f17967e2821b4176c24606b1aa8f8/core.a(CDC.cpp.o)
                0x000000000000265c                non-virtual thunk to Serial_::getShortName(char*)
 .text._ZN7Serial_5beginEm
                0x000000000000266c        0x2 /tmp/arduino/sketches/AD145EEC5CF834A88ADD190452DD55BA/../../cores/arduino_samd_nano_33_iot_9d4f17967e2821b4176c24606b1aa8f8/core.a(CDC.cpp.o)
                0x000000000000266c                Serial_::begin(unsigned long)
 .text._ZN7Serial_5beginEmt
                0x000000000000266e        0x2 /tmp/arduino/sketches/AD145EEC5CF834A88ADD190452DD55BA/../../cores/arduino_samd_nano_33_iot_9d4f17967e2821b4176c24606b1aa8f8/core.a(CDC.cpp.o)
                0x000000000000266e                Serial_::begin(unsigned long, unsigned short)
 .text._ZN7Serial_17availableForWriteEv
                0x0000000000002670        0x4 /tmp/arduino/sketches/AD145EEC5CF834A88ADD190452DD55BA/../../cores/arduino_samd_nano_33_iot_9d4f17967e2821b4176c24606b1aa8f8/core.a(CDC.cpp.o)
                0x0000000000002670                Serial_::availableForWrite()
 .text._ZN7Serial_5writeEh
                0x0000000000002674       0x14 /tmp/arduino/sketches/AD145EEC5CF834A88ADD190452DD55BA/../../cores/arduino_samd_nano_33_iot_9d4f17967e2821b4176c24606b1aa8f8/core.a(CDC.cpp.o)
                0x0000000000002674                Serial_::write(unsigned char)
 .text._ZN7Serial_12getInterfaceEPh
                0x0000000000002688      0x11c /tmp/arduino/sketches/AD145EEC5CF834A88ADD190452DD55BA/../../cores/arduino_samd_nano_33_iot_9d4f17967e2821b4176c24606b1aa8f8/core.a(CDC.cpp.o)
                0x0000000000002688                Serial_::getInterface(unsigned char*)
 .text._ZThn16_N7Serial_12getInterfaceEPh
                0x00000000000027a4       0x10 /tmp/arduino/sketches/AD145EEC5CF834A88ADD190452DD55BA/../../cores/arduino_samd_nano_33_iot_9d4f17967e2821b4176c24606b1aa8f8/core.a(CDC.cpp.o)
                0x00000000000027a4                non-virtual thunk to Serial_::getInterface(unsigned char*)
 .text._ZN7Serial_5setupERN7arduino8USBSetupE
                0x00000000000027b4       0x98 /tmp/arduino/sketches/AD145EEC5CF834A88ADD190452DD55BA/../../cores/arduino_samd_nano_33_iot_9d4f17967e2821b4176c24606b1aa8f8/core.a(CDC.cpp.o)
                0x00000000000027b4                Serial_::setup(arduino::USBSetup&)
 .text._ZThn16_N7Serial_5setupERN7arduino8USBSetupE
                0x000000000000284c       0x10 /tmp/arduino/sketches/AD145EEC5CF834A88ADD190452DD55BA/../../cores/arduino_samd_nano_33_iot_9d4f17967e2821b4176c24606b1aa8f8/core.a(CDC.cpp.o)
                0x000000000000284c                non-virtual thunk to Serial_::setup(arduino::USBSetup&)
 .text._ZN7Serial_3endEv
                0x000000000000285c       0x14 /tmp/arduino/sketches/AD145EEC5CF834A88ADD190452DD55BA/../../cores/arduino_samd_nano_33_iot_9d4f17967e2821b4176c24606b1aa8f8/core.a(CDC.cpp.o)
                0x000000000000285c                Serial_::end()
 .text._ZN7Serial_9availableEv
                0x0000000000002870       0x20 /tmp/arduino/sketches/AD145EEC5CF834A88ADD190452DD55BA/../../cores/arduino_samd_nano_33_iot_9d4f17967e2821b4176c24606b1aa8f8/core.a(CDC.cpp.o)
                0x0000000000002870                Serial_::available()
 .text._ZN7Serial_5flushEv
                0x0000000000002890        0xe /tmp/arduino/sketches/AD145EEC5CF834A88ADD190452DD55BA/../../cores/arduino_samd_nano_33_iot_9d4f17967e2821b4176c24606b1aa8f8/core.a(CDC.cpp.o)
                0x0000000000002890                Serial_::flush()
 .text._ZN7Serial_5clearEv
                0x000000000000289e        0xe /tmp/arduino/sketches/AD145EEC5CF834A88ADD190452DD55BA/../../cores/arduino_samd_nano_33_iot_9d4f17967e2821b4176c24606b1aa8f8/core.a(CDC.cpp.o)
                0x000000000000289e                Serial_::clear()
 .text._ZN7Serial_5writeEPKhj
                0x00000000000028ac       0x1e /tmp/arduino/sketches/AD145EEC5CF834A88ADD190452DD55BA/../../cores/arduino_samd_nano_33_iot_9d4f17967e2821b4176c24606b1aa8f8/core.a(CDC.cpp.o)
                0x00000000000028ac                Serial_::write(unsigned char const*, unsigned int)
 *fill*         0x00000000000028ca        0x2 
 .text._ZN7Serial_4peekEv
                0x00000000000028cc       0x1c /tmp/arduino/sketches/AD145EEC5CF834A88ADD190452DD55BA/../../cores/arduino_samd_nano_33_iot_9d4f17967e2821b4176c24606b1aa8f8/core.a(CDC.cpp.o)
                0x00000000000028cc                Serial_::peek()
 .text._ZN7Serial_4readEv
                0x00000000000028e8       0x24 /tmp/arduino/sketches/AD145EEC5CF834A88ADD190452DD55BA/../../cores/arduino_samd_nano_33_iot_9d4f17967e2821b4176c24606b1aa8f8/core.a(CDC.cpp.o)
                0x00000000000028e8                Serial_::read()
 .text._ZN7Serial_cvbEv
                0x000000000000290c       0x28 /tmp/arduino/sketches/AD145EEC5CF834A88ADD190452DD55BA/../../cores/arduino_samd_nano_33_iot_9d4f17967e2821b4176c24606b1aa8f8/core.a(CDC.cpp.o)
                0x000000000000290c                Serial_::operator bool()
 .text._ZThn16_N7Serial_13getDescriptorERN7arduino8USBSetupE
                0x0000000000002934        0x4 /tmp/arduino/sketches/AD145EEC5CF834A88ADD190452DD55BA/../../cores/arduino_samd_nano_33_iot_9d4f17967e2821b4176c24606b1aa8f8/core.a(CDC.cpp.o)
                0x0000000000002934                non-virtual thunk to Serial_::getDescriptor(arduino::USBSetup&)
 .text.resetExternalChip
                0x0000000000002938        0x2 /tmp/arduino/sketches/AD145EEC5CF834A88ADD190452DD55BA/../../cores/arduino_samd_nano_33_iot_9d4f17967e2821b4176c24606b1aa8f8/core.a(CDC.cpp.o)
                0x0000000000002938                resetExternalChip
 .text._ZN7Serial_14handleEndpointEi
                0x000000000000293a        0x2 /tmp/arduino/sketches/AD145EEC5CF834A88ADD190452DD55BA/../../cores/arduino_samd_nano_33_iot_9d4f17967e2821b4176c24606b1aa8f8/core.a(CDC.cpp.o)
                0x000000000000293a                Serial_::handleEndpoint(int)
 .text._ZN7Serial_C2ER14USBDeviceClass
                0x000000000000293c       0x50 /tmp/arduino/sketches/AD145EEC5CF834A88ADD190452DD55BA/../../cores/arduino_samd_nano_33_iot_9d4f17967e2821b4176c24606b1aa8f8/core.a(CDC.cpp.o)
                0x000000000000293c                Serial_::Serial_(USBDeviceClass&)
                0x000000000000293c                Serial_::Serial_(USBDeviceClass&)
 .text._ZN7Serial_15enableInterruptEv
                0x000000000000298c       0x30 /tmp/arduino/sketches/AD145EEC5CF834A88ADD190452DD55BA/../../cores/arduino_samd_nano_33_iot_9d4f17967e2821b4176c24606b1aa8f8/core.a(CDC.cpp.o)
                0x000000000000298c                Serial_::enableInterrupt()
 .text.startup._GLOBAL__sub_I__ZN7Serial_12getInterfaceEPh
                0x00000000000029bc       0x14 /tmp/arduino/sketches/AD145EEC5CF834A88ADD190452DD55BA/../../cores/arduino_samd_nano_33_iot_9d4f17967e2821b4176c24606b1aa8f8/core.a(CDC.cpp.o)
 .text._ZN26DoubleBufferedEPOutHandlerD2Ev
                0x00000000000029d0        0x2 /tmp/arduino/sketches/AD145EEC5CF834A88ADD190452DD55BA/../../cores/arduino_samd_nano_33_iot_9d4f17967e2821b4176c24606b1aa8f8/core.a(USBCore.cpp.o)
                0x00000000000029d0                DoubleBufferedEPOutHandler::~DoubleBufferedEPOutHandler()
                0x00000000000029d0                DoubleBufferedEPOutHandler::~DoubleBufferedEPOutHandler()
 .text._ZN26DoubleBufferedEPOutHandlerD0Ev
                0x00000000000029d2        0xc /tmp/arduino/sketches/AD145EEC5CF834A88ADD190452DD55BA/../../cores/arduino_samd_nano_33_iot_9d4f17967e2821b4176c24606b1aa8f8/core.a(USBCore.cpp.o)
                0x00000000000029d2                DoubleBufferedEPOutHandler::~DoubleBufferedEPOutHandler()
 *fill*         0x00000000000029de        0x2 
 .text._ZN14USBDeviceClass6initEPEmm.part.7
                0x00000000000029e0       0xc4 /tmp/arduino/sketches/AD145EEC5CF834A88ADD190452DD55BA/../../cores/arduino_samd_nano_33_iot_9d4f17967e2821b4176c24606b1aa8f8/core.a(USBCore.cpp.o)
 .text._ZN7__GuardC2Ev
                0x0000000000002aa4        0xe /tmp/arduino/sketches/AD145EEC5CF834A88ADD190452DD55BA/../../cores/arduino_samd_nano_33_iot_9d4f17967e2821b4176c24606b1aa8f8/core.a(USBCore.cpp.o)
                0x0000000000002aa4                __Guard::__Guard()
                0x0000000000002aa4                __Guard::__Guard()
 .text._ZN7__GuardD2Ev
                0x0000000000002ab2        0xe /tmp/arduino/sketches/AD145EEC5CF834A88ADD190452DD55BA/../../cores/arduino_samd_nano_33_iot_9d4f17967e2821b4176c24606b1aa8f8/core.a(USBCore.cpp.o)
                0x0000000000002ab2                __Guard::~__Guard()
                0x0000000000002ab2                __Guard::~__Guard()
 .text._ZNK26DoubleBufferedEPOutHandler10_availableEv
                0x0000000000002ac0       0x70 /tmp/arduino/sketches/AD145EEC5CF834A88ADD190452DD55BA/../../cores/arduino_samd_nano_33_iot_9d4f17967e2821b4176c24606b1aa8f8/core.a(USBCore.cpp.o)
                0x0000000000002ac0                DoubleBufferedEPOutHandler::_available() const
 .text._ZN26DoubleBufferedEPOutHandler7releaseEv
                0x0000000000002b30       0x38 /tmp/arduino/sketches/AD145EEC5CF834A88ADD190452DD55BA/../../cores/arduino_samd_nano_33_iot_9d4f17967e2821b4176c24606b1aa8f8/core.a(USBCore.cpp.o)
                0x0000000000002b30                DoubleBufferedEPOutHandler::release()
 .text._ZN26DoubleBufferedEPOutHandler14handleEndpointEv
                0x0000000000002b68       0xe2 /tmp/arduino/sketches/AD145EEC5CF834A88ADD190452DD55BA/../../cores/arduino_samd_nano_33_iot_9d4f17967e2821b4176c24606b1aa8f8/core.a(USBCore.cpp.o)
                0x0000000000002b68                DoubleBufferedEPOutHandler::handleEndpoint()
 .text._ZN14USBDeviceClass14SendInterfacesEPm
                0x0000000000002c4a       0x20 /tmp/arduino/sketches/AD145EEC5CF834A88ADD190452DD55BA/../../cores/arduino_samd_nano_33_iot_9d4f17967e2821b4176c24606b1aa8f8/core.a(USBCore.cpp.o)
                0x0000000000002c4a                USBDeviceClass::SendInterfaces(unsigned long*)
 *fill*         0x0000000000002c6a        0x2 
 .text._ZN14USBDeviceClass6attachEv
                0x0000000000002c6c       0x34 /tmp/arduino/sketches/AD145EEC5CF834A88ADD190452DD55BA/../../cores/arduino_samd_nano_33_iot_9d4f17967e2821b4176c24606b1aa8f8/core.a(USBCore.cpp.o)
                0x0000000000002c6c                USBDeviceClass::attach()
 .text._ZN14USBDeviceClass10setAddressEm
                0x0000000000002ca0       0x48 /tmp/arduino/sketches/AD145EEC5CF834A88ADD190452DD55BA/../../cores/arduino_samd_nano_33_iot_9d4f17967e2821b4176c24606b1aa8f8/core.a(USBCore.cpp.o)
                0x0000000000002ca0                USBDeviceClass::setAddress(unsigned long)
 .text._ZN14USBDeviceClass25handleClassInterfaceSetupERN7arduino8USBSetupE
                0x0000000000002ce8       0x24 /tmp/arduino/sketches/AD145EEC5CF834A88ADD190452DD55BA/../../cores/arduino_samd_nano_33_iot_9d4f17967e2821b4176c24606b1aa8f8/core.a(USBCore.cpp.o)
                0x0000000000002ce8                USBDeviceClass::handleClassInterfaceSetup(arduino::USBSetup&)
 .text._ZN14USBDeviceClass6initEPEmm
                0x0000000000002d0c      0x10c /tmp/arduino/sketches/AD145EEC5CF834A88ADD190452DD55BA/../../cores/arduino_samd_nano_33_iot_9d4f17967e2821b4176c24606b1aa8f8/core.a(USBCore.cpp.o)
                0x0000000000002d0c                USBDeviceClass::initEP(unsigned long, unsigned long)
 .text._ZN14USBDeviceClass13initEndpointsEv
                0x0000000000002e18       0x24 /tmp/arduino/sketches/AD145EEC5CF834A88ADD190452DD55BA/../../cores/arduino_samd_nano_33_iot_9d4f17967e2821b4176c24606b1aa8f8/core.a(USBCore.cpp.o)
                0x0000000000002e18                USBDeviceClass::initEndpoints()
 .text._ZN14USBDeviceClass5clearEm
                0x0000000000002e3c       0x38 /tmp/arduino/sketches/AD145EEC5CF834A88ADD190452DD55BA/../../cores/arduino_samd_nano_33_iot_9d4f17967e2821b4176c24606b1aa8f8/core.a(USBCore.cpp.o)
                0x0000000000002e3c                USBDeviceClass::clear(unsigned long)
 .text._ZN14USBDeviceClass9availableEm
                0x0000000000002e74       0x2c /tmp/arduino/sketches/AD145EEC5CF834A88ADD190452DD55BA/../../cores/arduino_samd_nano_33_iot_9d4f17967e2821b4176c24606b1aa8f8/core.a(USBCore.cpp.o)
                0x0000000000002e74                USBDeviceClass::available(unsigned long)
 .text._ZN14USBDeviceClass5flushEm
                0x0000000000002ea0       0x2c /tmp/arduino/sketches/AD145EEC5CF834A88ADD190452DD55BA/../../cores/arduino_samd_nano_33_iot_9d4f17967e2821b4176c24606b1aa8f8/core.a(USBCore.cpp.o)
                0x0000000000002ea0                USBDeviceClass::flush(unsigned long)
 .text._ZN14USBDeviceClass4recvEmPvm
                0x0000000000002ecc       0xc0 /tmp/arduino/sketches/AD145EEC5CF834A88ADD190452DD55BA/../../cores/arduino_samd_nano_33_iot_9d4f17967e2821b4176c24606b1aa8f8/core.a(USBCore.cpp.o)
                0x0000000000002ecc                USBDeviceClass::recv(unsigned long, void*, unsigned long)
 .text._ZN14USBDeviceClass4recvEm
                0x0000000000002f8c       0x1c /tmp/arduino/sketches/AD145EEC5CF834A88ADD190452DD55BA/../../cores/arduino_samd_nano_33_iot_9d4f17967e2821b4176c24606b1aa8f8/core.a(USBCore.cpp.o)
                0x0000000000002f8c                USBDeviceClass::recv(unsigned long)
 .text._ZN14USBDeviceClass14armRecvCtrlOUTEm
                0x0000000000002fa8       0x5c /tmp/arduino/sketches/AD145EEC5CF834A88ADD190452DD55BA/../../cores/arduino_samd_nano_33_iot_9d4f17967e2821b4176c24606b1aa8f8/core.a(USBCore.cpp.o)
                0x0000000000002fa8                USBDeviceClass::armRecvCtrlOUT(unsigned long)
 .text._ZN14USBDeviceClass11recvControlEPvm
                0x0000000000003004       0x28 /tmp/arduino/sketches/AD145EEC5CF834A88ADD190452DD55BA/../../cores/arduino_samd_nano_33_iot_9d4f17967e2821b4176c24606b1aa8f8/core.a(USBCore.cpp.o)
                0x0000000000003004                USBDeviceClass::recvControl(void*, unsigned long)
 .text._ZN14USBDeviceClass4sendEmPKvm
                0x000000000000302c      0x10c /tmp/arduino/sketches/AD145EEC5CF834A88ADD190452DD55BA/../../cores/arduino_samd_nano_33_iot_9d4f17967e2821b4176c24606b1aa8f8/core.a(USBCore.cpp.o)
                0x000000000000302c                USBDeviceClass::send(unsigned long, void const*, unsigned long)
 .text._ZN14USBDeviceClass7armSendEmPKvm
                0x0000000000003138       0x48 /tmp/arduino/sketches/AD145EEC5CF834A88ADD190452DD55BA/../../cores/arduino_samd_nano_33_iot_9d4f17967e2821b4176c24606b1aa8f8/core.a(USBCore.cpp.o)
                0x0000000000003138                USBDeviceClass::armSend(unsigned long, void const*, unsigned long)
 .text._ZN14USBDeviceClass11sendControlEPKvm
                0x0000000000003180       0x54 /tmp/arduino/sketches/AD145EEC5CF834A88ADD190452DD55BA/../../cores/arduino_samd_nano_33_iot_9d4f17967e2821b4176c24606b1aa8f8/core.a(USBCore.cpp.o)
                0x0000000000003180                USBDeviceClass::sendControl(void const*, unsigned long)
 .text._ZN14USBDeviceClass20sendStringDescriptorEPKhm
                0x00000000000031d4       0x64 /tmp/arduino/sketches/AD145EEC5CF834A88ADD190452DD55BA/../../cores/arduino_samd_nano_33_iot_9d4f17967e2821b4176c24606b1aa8f8/core.a(USBCore.cpp.o)
                0x00000000000031d4                USBDeviceClass::sendStringDescriptor(unsigned char const*, unsigned long)
 .text._ZN14USBDeviceClass17sendConfigurationEm
                0x0000000000003238       0x80 /tmp/arduino/sketches/AD145EEC5CF834A88ADD190452DD55BA/../../cores/arduino_samd_nano_33_iot_9d4f17967e2821b4176c24606b1aa8f8/core.a(USBCore.cpp.o)
                0x0000000000003238                USBDeviceClass::sendConfiguration(unsigned long)
 .text._ZN14USBDeviceClass14sendDescriptorERN7arduino8USBSetupE
                0x00000000000032b8       0xd8 /tmp/arduino/sketches/AD145EEC5CF834A88ADD190452DD55BA/../../cores/arduino_samd_nano_33_iot_9d4f17967e2821b4176c24606b1aa8f8/core.a(USBCore.cpp.o)
                0x00000000000032b8                USBDeviceClass::sendDescriptor(arduino::USBSetup&)
 .text._ZN14USBDeviceClass7sendZlpEm
                0x0000000000003390       0x18 /tmp/arduino/sketches/AD145EEC5CF834A88ADD190452DD55BA/../../cores/arduino_samd_nano_33_iot_9d4f17967e2821b4176c24606b1aa8f8/core.a(USBCore.cpp.o)
                0x0000000000003390                USBDeviceClass::sendZlp(unsigned long)
 .text._ZN14USBDeviceClass19handleStandardSetupERN7arduino8USBSetupE
                0x00000000000033a8       0xf0 /tmp/arduino/sketches/AD145EEC5CF834A88ADD190452DD55BA/../../cores/arduino_samd_nano_33_iot_9d4f17967e2821b4176c24606b1aa8f8/core.a(USBCore.cpp.o)
                0x00000000000033a8                USBDeviceClass::handleStandardSetup(arduino::USBSetup&)
 .text._ZN14USBDeviceClass10ISRHandlerEv
                0x0000000000003498      0x108 /tmp/arduino/sketches/AD145EEC5CF834A88ADD190452DD55BA/../../cores/arduino_samd_nano_33_iot_9d4f17967e2821b4176c24606b1aa8f8/core.a(USBCore.cpp.o)
                0x0000000000003498                USBDeviceClass::ISRHandler()
 .text.UDD_Handler
                0x00000000000035a0       0x10 /tmp/arduino/sketches/AD145EEC5CF834A88ADD190452DD55BA/../../cores/arduino_samd_nano_33_iot_9d4f17967e2821b4176c24606b1aa8f8/core.a(USBCore.cpp.o)
                0x00000000000035a0                UDD_Handler
 .text._ZN7arduino13PluggableUSB_C2Ev
                0x00000000000035b0       0x10 /tmp/arduino/sketches/AD145EEC5CF834A88ADD190452DD55BA/../../cores/arduino_samd_nano_33_iot_9d4f17967e2821b4176c24606b1aa8f8/core.a(USBCore.cpp.o)
                0x00000000000035b0                arduino::PluggableUSB_::PluggableUSB_()
                0x00000000000035b0                arduino::PluggableUSB_::PluggableUSB_()
 .text._Z8epBufferj
                0x00000000000035c0        0xc /tmp/arduino/sketches/AD145EEC5CF834A88ADD190452DD55BA/../../cores/arduino_samd_nano_33_iot_9d4f17967e2821b4176c24606b1aa8f8/core.a(USBCore.cpp.o)
                0x00000000000035c0                epBuffer(unsigned int)
 .text._ZN7arduino11RingBufferNILi64EE10store_charEh
                0x00000000000035cc       0x1c /tmp/arduino/sketches/AD145EEC5CF834A88ADD190452DD55BA/../../cores/arduino_samd_nano_33_iot_9d4f17967e2821b4176c24606b1aa8f8/core.a(USBCore.cpp.o)
                0x00000000000035cc                arduino::RingBufferN<64>::store_char(unsigned char)
 .text._ZN26DoubleBufferedEPOutHandler5_recvEv
                0x00000000000035e8      0x15e /tmp/arduino/sketches/AD145EEC5CF834A88ADD190452DD55BA/../../cores/arduino_samd_nano_33_iot_9d4f17967e2821b4176c24606b1aa8f8/core.a(USBCore.cpp.o)
                0x00000000000035e8                DoubleBufferedEPOutHandler::_recv()
 .text._ZN26DoubleBufferedEPOutHandler9availableEv
                0x0000000000003746        0xc /tmp/arduino/sketches/AD145EEC5CF834A88ADD190452DD55BA/../../cores/arduino_samd_nano_33_iot_9d4f17967e2821b4176c24606b1aa8f8/core.a(USBCore.cpp.o)
                0x0000000000003746                DoubleBufferedEPOutHandler::available()
 .text._ZN26DoubleBufferedEPOutHandler4peekEv
                0x0000000000003752       0x1c /tmp/arduino/sketches/AD145EEC5CF834A88ADD190452DD55BA/../../cores/arduino_samd_nano_33_iot_9d4f17967e2821b4176c24606b1aa8f8/core.a(USBCore.cpp.o)
                0x0000000000003752                DoubleBufferedEPOutHandler::peek()
 .text._ZN26DoubleBufferedEPOutHandler4recvEPvm
                0x000000000000376e       0x60 /tmp/arduino/sketches/AD145EEC5CF834A88ADD190452DD55BA/../../cores/arduino_samd_nano_33_iot_9d4f17967e2821b4176c24606b1aa8f8/core.a(USBCore.cpp.o)
                0x000000000000376e                DoubleBufferedEPOutHandler::recv(void*, unsigned long)
 *fill*         0x00000000000037ce        0x2 
 .text.startup._GLOBAL__sub_I_usbd
                0x00000000000037d0       0x10 /tmp/arduino/sketches/AD145EEC5CF834A88ADD190452DD55BA/../../cores/arduino_samd_nano_33_iot_9d4f17967e2821b4176c24606b1aa8f8/core.a(USBCore.cpp.o)
 .text._ZN14USBDeviceClass4initEv
                0x00000000000037e0      0x15c /tmp/arduino/sketches/AD145EEC5CF834A88ADD190452DD55BA/../../cores/arduino_samd_nano_33_iot_9d4f17967e2821b4176c24606b1aa8f8/core.a(USBCore.cpp.o)
                0x00000000000037e0                USBDeviceClass::init()
 .text._ZN4UartcvbEv
                0x000000000000393c        0x4 /tmp/arduino/sketches/AD145EEC5CF834A88ADD190452DD55BA/../../cores/arduino_samd_nano_33_iot_9d4f17967e2821b4176c24606b1aa8f8/core.a(Uart.cpp.o)
                0x000000000000393c                Uart::operator bool()
 .text._ZN4Uart5beginEm
                0x0000000000003940       0x10 /tmp/arduino/sketches/AD145EEC5CF834A88ADD190452DD55BA/../../cores/arduino_samd_nano_33_iot_9d4f17967e2821b4176c24606b1aa8f8/core.a(Uart.cpp.o)
                0x0000000000003940                Uart::begin(unsigned long)
 .text._ZN4Uart9availableEv
                0x0000000000003950        0x6 /tmp/arduino/sketches/AD145EEC5CF834A88ADD190452DD55BA/../../cores/arduino_samd_nano_33_iot_9d4f17967e2821b4176c24606b1aa8f8/core.a(Uart.cpp.o)
                0x0000000000003950                Uart::available()
 .text._ZN4Uart17availableForWriteEv
                0x0000000000003956       0x10 /tmp/arduino/sketches/AD145EEC5CF834A88ADD190452DD55BA/../../cores/arduino_samd_nano_33_iot_9d4f17967e2821b4176c24606b1aa8f8/core.a(Uart.cpp.o)
                0x0000000000003956                Uart::availableForWrite()
 .text._ZN4Uart4peekEv
                0x0000000000003966       0x18 /tmp/arduino/sketches/AD145EEC5CF834A88ADD190452DD55BA/../../cores/arduino_samd_nano_33_iot_9d4f17967e2821b4176c24606b1aa8f8/core.a(Uart.cpp.o)
                0x0000000000003966                Uart::peek()
 .text._ZN4Uart3endEv
                0x000000000000397e       0x24 /tmp/arduino/sketches/AD145EEC5CF834A88ADD190452DD55BA/../../cores/arduino_samd_nano_33_iot_9d4f17967e2821b4176c24606b1aa8f8/core.a(Uart.cpp.o)
                0x000000000000397e                Uart::end()
 .text._ZN4Uart5flushEv
                0x00000000000039a2       0x16 /tmp/arduino/sketches/AD145EEC5CF834A88ADD190452DD55BA/../../cores/arduino_samd_nano_33_iot_9d4f17967e2821b4176c24606b1aa8f8/core.a(Uart.cpp.o)
                0x00000000000039a2                Uart::flush()
 .text._ZN4Uart16extractNbStopBitEt
                0x00000000000039b8        0xc /tmp/arduino/sketches/AD145EEC5CF834A88ADD190452DD55BA/../../cores/arduino_samd_nano_33_iot_9d4f17967e2821b4176c24606b1aa8f8/core.a(Uart.cpp.o)
                0x00000000000039b8                Uart::extractNbStopBit(unsigned short)
 .text._ZN4Uart15extractCharSizeEt
                0x00000000000039c4       0x28 /tmp/arduino/sketches/AD145EEC5CF834A88ADD190452DD55BA/../../cores/arduino_samd_nano_33_iot_9d4f17967e2821b4176c24606b1aa8f8/core.a(Uart.cpp.o)
                0x00000000000039c4                Uart::extractCharSize(unsigned short)
 .text._ZN4Uart13extractParityEt
                0x00000000000039ec       0x14 /tmp/arduino/sketches/AD145EEC5CF834A88ADD190452DD55BA/../../cores/arduino_samd_nano_33_iot_9d4f17967e2821b4176c24606b1aa8f8/core.a(Uart.cpp.o)
                0x00000000000039ec                Uart::extractParity(unsigned short)
 .text._ZN4Uart5beginEmt
                0x0000000000003a00       0xf8 /tmp/arduino/sketches/AD145EEC5CF834A88ADD190452DD55BA/../../cores/arduino_samd_nano_33_iot_9d4f17967e2821b4176c24606b1aa8f8/core.a(Uart.cpp.o)
                0x0000000000003a00                Uart::begin(unsigned long, unsigned short)
 .text._ZN7arduino11RingBufferNILi256EEC2Ev
                0x0000000000003af8       0x1e /tmp/arduino/sketches/AD145EEC5CF834A88ADD190452DD55BA/../../cores/arduino_samd_nano_33_iot_9d4f17967e2821b4176c24606b1aa8f8/core.a(Uart.cpp.o)
                0x0000000000003af8                arduino::RingBufferN<256>::RingBufferN()
                0x0000000000003af8                arduino::RingBufferN<256>::RingBufferN()
 *fill*         0x0000000000003b16        0x2 
 .text._ZN4UartC2EP6SERCOMhh11SercomRXPad15SercomUartTXPadhh
                0x0000000000003b18       0x88 /tmp/arduino/sketches/AD145EEC5CF834A88ADD190452DD55BA/../../cores/arduino_samd_nano_33_iot_9d4f17967e2821b4176c24606b1aa8f8/core.a(Uart.cpp.o)
                0x0000000000003b18                Uart::Uart(SERCOM*, unsigned char, unsigned char, SercomRXPad, SercomUartTXPad, unsigned char, unsigned char)
                0x0000000000003b18                Uart::Uart(SERCOM*, unsigned char, unsigned char, SercomRXPad, SercomUartTXPad, unsigned char, unsigned char)
 .text._ZN4UartC2EP6SERCOMhh11SercomRXPad15SercomUartTXPad
                0x0000000000003ba0       0x74 /tmp/arduino/sketches/AD145EEC5CF834A88ADD190452DD55BA/../../cores/arduino_samd_nano_33_iot_9d4f17967e2821b4176c24606b1aa8f8/core.a(Uart.cpp.o)
                0x0000000000003ba0                Uart::Uart(SERCOM*, unsigned char, unsigned char, SercomRXPad, SercomUartTXPad)
                0x0000000000003ba0                Uart::Uart(SERCOM*, unsigned char, unsigned char, SercomRXPad, SercomUartTXPad)
 .text._ZN7arduino15SafeRingBufferNILi256EE10store_charEh
                0x0000000000003c14       0x4a /tmp/arduino/sketches/AD145EEC5CF834A88ADD190452DD55BA/../../cores/arduino_samd_nano_33_iot_9d4f17967e2821b4176c24606b1aa8f8/core.a(Uart.cpp.o)
                0x0000000000003c14                arduino::SafeRingBufferN<256>::store_char(unsigned char)
 .text._ZN7arduino15SafeRingBufferNILi256EE9read_charEv
                0x0000000000003c5e       0x50 /tmp/arduino/sketches/AD145EEC5CF834A88ADD190452DD55BA/../../cores/arduino_samd_nano_33_iot_9d4f17967e2821b4176c24606b1aa8f8/core.a(Uart.cpp.o)
                0x0000000000003c5e                arduino::SafeRingBufferN<256>::read_char()
 .text._ZN4Uart10IrqHandlerEv
                0x0000000000003cae       0xa4 /tmp/arduino/sketches/AD145EEC5CF834A88ADD190452DD55BA/../../cores/arduino_samd_nano_33_iot_9d4f17967e2821b4176c24606b1aa8f8/core.a(Uart.cpp.o)
                0x0000000000003cae                Uart::IrqHandler()
 *fill*         0x0000000000003d52        0x2 
 .text._ZN4Uart5writeEh
                0x0000000000003d54       0x9c /tmp/arduino/sketches/AD145EEC5CF834A88ADD190452DD55BA/../../cores/arduino_samd_nano_33_iot_9d4f17967e2821b4176c24606b1aa8f8/core.a(Uart.cpp.o)
                0x0000000000003d54                Uart::write(unsigned char)
 .text._ZN4Uart4readEv
                0x0000000000003df0       0x34 /tmp/arduino/sketches/AD145EEC5CF834A88ADD190452DD55BA/../../cores/arduino_samd_nano_33_iot_9d4f17967e2821b4176c24606b1aa8f8/core.a(Uart.cpp.o)
                0x0000000000003df0                Uart::read()
 .text._ZN7arduino13PluggableUSB_12getInterfaceEPh
                0x0000000000003e24       0x28 /tmp/arduino/sketches/AD145EEC5CF834A88ADD190452DD55BA/../../cores/arduino_samd_nano_33_iot_9d4f17967e2821b4176c24606b1aa8f8/core.a(PluggableUSB.cpp.o)
                0x0000000000003e24                arduino::PluggableUSB_::getInterface(unsigned char*)
 .text._ZN7arduino13PluggableUSB_13getDescriptorERNS_8USBSetupE
                0x0000000000003e4c       0x20 /tmp/arduino/sketches/AD145EEC5CF834A88ADD190452DD55BA/../../cores/arduino_samd_nano_33_iot_9d4f17967e2821b4176c24606b1aa8f8/core.a(PluggableUSB.cpp.o)
                0x0000000000003e4c                arduino::PluggableUSB_::getDescriptor(arduino::USBSetup&)
 .text._ZN7arduino13PluggableUSB_12getShortNameEPc
                0x0000000000003e6c       0x1e /tmp/arduino/sketches/AD145EEC5CF834A88ADD190452DD55BA/../../cores/arduino_samd_nano_33_iot_9d4f17967e2821b4176c24606b1aa8f8/core.a(PluggableUSB.cpp.o)
                0x0000000000003e6c                arduino::PluggableUSB_::getShortName(char*)
 .text._ZN7arduino13PluggableUSB_5setupERNS_8USBSetupE
                0x0000000000003e8a       0x20 /tmp/arduino/sketches/AD145EEC5CF834A88ADD190452DD55BA/../../cores/arduino_samd_nano_33_iot_9d4f17967e2821b4176c24606b1aa8f8/core.a(PluggableUSB.cpp.o)
                0x0000000000003e8a                arduino::PluggableUSB_::setup(arduino::USBSetup&)
 .text._ZN7arduino13PluggableUSB_4plugEPNS_18PluggableUSBModuleE
                0x0000000000003eaa       0x5c /tmp/arduino/sketches/AD145EEC5CF834A88ADD190452DD55BA/../../cores/arduino_samd_nano_33_iot_9d4f17967e2821b4176c24606b1aa8f8/core.a(PluggableUSB.cpp.o)
                0x0000000000003eaa                arduino::PluggableUSB_::plug(arduino::PluggableUSBModule*)
 *fill*         0x0000000000003f06        0x2 
 .text._Z12PluggableUSBv
                0x0000000000003f08       0x24 /tmp/arduino/sketches/AD145EEC5CF834A88ADD190452DD55BA/../../cores/arduino_samd_nano_33_iot_9d4f17967e2821b4176c24606b1aa8f8/core.a(PluggableUSB.cpp.o)
                0x0000000000003f08                PluggableUSB()
 .text._ZN7arduino5Print5writeEPKhj
                0x0000000000003f2c       0x28 /tmp/arduino/sketches/AD145EEC5CF834A88ADD190452DD55BA/../../cores/arduino_samd_nano_33_iot_9d4f17967e2821b4176c24606b1aa8f8/core.a(Print.cpp.o)
                0x0000000000003f2c                arduino::Print::write(unsigned char const*, unsigned int)
 .text._ZN7arduino5Print5writeEPKc.part.2
                0x0000000000003f54       0x1a /tmp/arduino/sketches/AD145EEC5CF834A88ADD190452DD55BA/../../cores/arduino_samd_nano_33_iot_9d4f17967e2821b4176c24606b1aa8f8/core.a(Print.cpp.o)
 .text._ZN7arduino5Print5writeEPKc
                0x0000000000003f6e       0x10 /tmp/arduino/sketches/AD145EEC5CF834A88ADD190452DD55BA/../../cores/arduino_samd_nano_33_iot_9d4f17967e2821b4176c24606b1aa8f8/core.a(Print.cpp.o)
                0x0000000000003f6e                arduino::Print::write(char const*)
 .text._ZN7arduino5Print5printERKNS_6StringE
                0x0000000000003f7e        0xe /tmp/arduino/sketches/AD145EEC5CF834A88ADD190452DD55BA/../../cores/arduino_samd_nano_33_iot_9d4f17967e2821b4176c24606b1aa8f8/core.a(Print.cpp.o)
                0x0000000000003f7e                arduino::Print::print(arduino::String const&)
 .text._ZN7arduino5Print5printEPKc
                0x0000000000003f8c        0x8 /tmp/arduino/sketches/AD145EEC5CF834A88ADD190452DD55BA/../../cores/arduino_samd_nano_33_iot_9d4f17967e2821b4176c24606b1aa8f8/core.a(Print.cpp.o)
                0x0000000000003f8c                arduino::Print::print(char const*)
 .text._ZN7arduino5Print7printlnEv
                0x0000000000003f94       0x10 /tmp/arduino/sketches/AD145EEC5CF834A88ADD190452DD55BA/../../cores/arduino_samd_nano_33_iot_9d4f17967e2821b4176c24606b1aa8f8/core.a(Print.cpp.o)
                0x0000000000003f94                arduino::Print::println()
 .text._ZN7arduino5Print7printlnERKNS_6StringE
                0x0000000000003fa4       0x14 /tmp/arduino/sketches/AD145EEC5CF834A88ADD190452DD55BA/../../cores/arduino_samd_nano_33_iot_9d4f17967e2821b4176c24606b1aa8f8/core.a(Print.cpp.o)
                0x0000000000003fa4                arduino::Print::println(arduino::String const&)
 .text._ZN7arduino5Print11printNumberEmh
                0x0000000000003fb8       0x48 /tmp/arduino/sketches/AD145EEC5CF834A88ADD190452DD55BA/../../cores/arduino_samd_nano_33_iot_9d4f17967e2821b4176c24606b1aa8f8/core.a(Print.cpp.o)
                0x0000000000003fb8                arduino::Print::printNumber(unsigned long, unsigned char)
 .text._ZN7arduino5Print5printEmi
                0x0000000000004000       0x18 /tmp/arduino/sketches/AD145EEC5CF834A88ADD190452DD55BA/../../cores/arduino_samd_nano_33_iot_9d4f17967e2821b4176c24606b1aa8f8/core.a(Print.cpp.o)
                0x0000000000004000                arduino::Print::print(unsigned long, int)
 .text._ZN7arduino5Print5printEhi
                0x0000000000004018        0x8 /tmp/arduino/sketches/AD145EEC5CF834A88ADD190452DD55BA/../../cores/arduino_samd_nano_33_iot_9d4f17967e2821b4176c24606b1aa8f8/core.a(Print.cpp.o)
                0x0000000000004018                arduino::Print::print(unsigned char, int)
 .text._ZN7arduino6StringD2Ev
                0x0000000000004020       0x12 /tmp/arduino/sketches/AD145EEC5CF834A88ADD190452DD55BA/../../cores/arduino_samd_nano_33_iot_9d4f17967e2821b4176c24606b1aa8f8/core.a(String.cpp.o)
                0x0000000000004020                arduino::String::~String()
                0x0000000000004020                arduino::String::~String()
 .text._ZN7arduino6String10invalidateEv
                0x0000000000004032       0x18 /tmp/arduino/sketches/AD145EEC5CF834A88ADD190452DD55BA/../../cores/arduino_samd_nano_33_iot_9d4f17967e2821b4176c24606b1aa8f8/core.a(String.cpp.o)
                0x0000000000004032                arduino::String::invalidate()
 .text._ZN7arduino6String12changeBufferEj
                0x000000000000404a       0x18 /tmp/arduino/sketches/AD145EEC5CF834A88ADD190452DD55BA/../../cores/arduino_samd_nano_33_iot_9d4f17967e2821b4176c24606b1aa8f8/core.a(String.cpp.o)
                0x000000000000404a                arduino::String::changeBuffer(unsigned int)
 .text._ZN7arduino6String7reserveEj
                0x0000000000004062       0x2a /tmp/arduino/sketches/AD145EEC5CF834A88ADD190452DD55BA/../../cores/arduino_samd_nano_33_iot_9d4f17967e2821b4176c24606b1aa8f8/core.a(String.cpp.o)
                0x0000000000004062                arduino::String::reserve(unsigned int)
 .text._ZN7arduino6String4copyEPKcj
                0x000000000000408c       0x32 /tmp/arduino/sketches/AD145EEC5CF834A88ADD190452DD55BA/../../cores/arduino_samd_nano_33_iot_9d4f17967e2821b4176c24606b1aa8f8/core.a(String.cpp.o)
                0x000000000000408c                arduino::String::copy(char const*, unsigned int)
 .text._ZN7arduino6StringC2EPKc
                0x00000000000040be       0x26 /tmp/arduino/sketches/AD145EEC5CF834A88ADD190452DD55BA/../../cores/arduino_samd_nano_33_iot_9d4f17967e2821b4176c24606b1aa8f8/core.a(String.cpp.o)
                0x00000000000040be                arduino::String::String(char const*)
                0x00000000000040be                arduino::String::String(char const*)
 .text._ZN7arduino6StringaSEPKc.part.4
                0x00000000000040e4       0x18 /tmp/arduino/sketches/AD145EEC5CF834A88ADD190452DD55BA/../../cores/arduino_samd_nano_33_iot_9d4f17967e2821b4176c24606b1aa8f8/core.a(String.cpp.o)
 .text._ZN7arduino6StringC2Ehh
                0x00000000000040fc       0x22 /tmp/arduino/sketches/AD145EEC5CF834A88ADD190452DD55BA/../../cores/arduino_samd_nano_33_iot_9d4f17967e2821b4176c24606b1aa8f8/core.a(String.cpp.o)
                0x00000000000040fc                arduino::String::String(unsigned char, unsigned char)
                0x00000000000040fc                arduino::String::String(unsigned char, unsigned char)
 .text._ZN7arduino6StringaSERKS0_
                0x000000000000411e       0x20 /tmp/arduino/sketches/AD145EEC5CF834A88ADD190452DD55BA/../../cores/arduino_samd_nano_33_iot_9d4f17967e2821b4176c24606b1aa8f8/core.a(String.cpp.o)
                0x000000000000411e                arduino::String::operator=(arduino::String const&)
 .text._ZN7arduino6StringC2ERKS0_
                0x000000000000413e       0x14 /tmp/arduino/sketches/AD145EEC5CF834A88ADD190452DD55BA/../../cores/arduino_samd_nano_33_iot_9d4f17967e2821b4176c24606b1aa8f8/core.a(String.cpp.o)
                0x000000000000413e                arduino::String::String(arduino::String const&)
                0x000000000000413e                arduino::String::String(arduino::String const&)
 .text._ZN7arduino6String6concatEPKcj
                0x0000000000004152       0x42 /tmp/arduino/sketches/AD145EEC5CF834A88ADD190452DD55BA/../../cores/arduino_samd_nano_33_iot_9d4f17967e2821b4176c24606b1aa8f8/core.a(String.cpp.o)
                0x0000000000004152                arduino::String::concat(char const*, unsigned int)
 .text._ZN7arduino6String6concatERKS0_
                0x0000000000004194        0xc /tmp/arduino/sketches/AD145EEC5CF834A88ADD190452DD55BA/../../cores/arduino_samd_nano_33_iot_9d4f17967e2821b4176c24606b1aa8f8/core.a(String.cpp.o)
                0x0000000000004194                arduino::String::concat(arduino::String const&)
 .text._ZN7arduino6String6concatEPKc.part.6
                0x00000000000041a0       0x18 /tmp/arduino/sketches/AD145EEC5CF834A88ADD190452DD55BA/../../cores/arduino_samd_nano_33_iot_9d4f17967e2821b4176c24606b1aa8f8/core.a(String.cpp.o)
 .text._ZN7arduino6String6concatEPKc
                0x00000000000041b8       0x12 /tmp/arduino/sketches/AD145EEC5CF834A88ADD190452DD55BA/../../cores/arduino_samd_nano_33_iot_9d4f17967e2821b4176c24606b1aa8f8/core.a(String.cpp.o)
                0x00000000000041b8                arduino::String::concat(char const*)
 .text._ZN7arduinoplERKNS_15StringSumHelperERKNS_6StringE
                0x00000000000041ca       0x1a /tmp/arduino/sketches/AD145EEC5CF834A88ADD190452DD55BA/../../cores/arduino_samd_nano_33_iot_9d4f17967e2821b4176c24606b1aa8f8/core.a(String.cpp.o)
                0x00000000000041ca                arduino::operator+(arduino::StringSumHelper const&, arduino::String const&)
 .text._ZN7arduinoplERKNS_15StringSumHelperEPKc
                0x00000000000041e4       0x1c /tmp/arduino/sketches/AD145EEC5CF834A88ADD190452DD55BA/../../cores/arduino_samd_nano_33_iot_9d4f17967e2821b4176c24606b1aa8f8/core.a(String.cpp.o)
                0x00000000000041e4                arduino::operator+(arduino::StringSumHelper const&, char const*)
 .text._ZNK7arduino6String7indexOfEcj
                0x0000000000004200       0x1e /tmp/arduino/sketches/AD145EEC5CF834A88ADD190452DD55BA/../../cores/arduino_samd_nano_33_iot_9d4f17967e2821b4176c24606b1aa8f8/core.a(String.cpp.o)
                0x0000000000004200                arduino::String::indexOf(char, unsigned int) const
 *fill*         0x000000000000421e        0x2 
 .text._ZNK7arduino6String9substringEjj
                0x0000000000004220       0x3c /tmp/arduino/sketches/AD145EEC5CF834A88ADD190452DD55BA/../../cores/arduino_samd_nano_33_iot_9d4f17967e2821b4176c24606b1aa8f8/core.a(String.cpp.o)
                0x0000000000004220                arduino::String::substring(unsigned int, unsigned int) const
 .text._ZNK7arduino6String5toIntEv
                0x000000000000425c       0x12 /tmp/arduino/sketches/AD145EEC5CF834A88ADD190452DD55BA/../../cores/arduino_samd_nano_33_iot_9d4f17967e2821b4176c24606b1aa8f8/core.a(String.cpp.o)
                0x000000000000425c                arduino::String::toInt() const
 .text.Dummy_Handler
                0x000000000000426e        0x2 /tmp/arduino/sketches/AD145EEC5CF834A88ADD190452DD55BA/../../cores/arduino_samd_nano_33_iot_9d4f17967e2821b4176c24606b1aa8f8/core.a(cortex_handlers.c.o)
                0x000000000000426e                DMAC_Handler
                0x000000000000426e                HardFault_Handler
                0x000000000000426e                AC_Handler
                0x000000000000426e                PendSV_Handler
                0x000000000000426e                NMI_Handler
                0x000000000000426e                TC7_Handler
                0x000000000000426e                SERCOM1_Handler
                0x000000000000426e                ADC_Handler
                0x000000000000426e                TCC1_Handler
                0x000000000000426e                TCC0_Handler
                0x000000000000426e                RTC_Handler
                0x000000000000426e                EIC_Handler
                0x000000000000426e                TC6_Handler
                0x000000000000426e                WDT_Handler
                0x000000000000426e                TC4_Handler
                0x000000000000426e                TC3_Handler
                0x000000000000426e                Dummy_Handler
                0x000000000000426e                PM_Handler
                0x000000000000426e                SVC_Handler
                0x000000000000426e                TCC2_Handler
                0x000000000000426e                EVSYS_Handler
                0x000000000000426e                SERCOM4_Handler
                0x000000000000426e                I2S_Handler
                0x000000000000426e                NVMCTRL_Handler
                0x000000000000426e                SERCOM0_Handler
                0x000000000000426e                DAC_Handler
                0x000000000000426e                PTC_Handler
                0x000000000000426e                SYSCTRL_Handler
 .text.USB_Handler
                0x0000000000004270       0x14 /tmp/arduino/sketches/AD145EEC5CF834A88ADD190452DD55BA/../../cores/arduino_samd_nano_33_iot_9d4f17967e2821b4176c24606b1aa8f8/core.a(cortex_handlers.c.o)
                0x0000000000004270                USB_Handler
 .text.Reset_Handler
                0x0000000000004284       0x54 /tmp/arduino/sketches/AD145EEC5CF834A88ADD190452DD55BA/../../cores/arduino_samd_nano_33_iot_9d4f17967e2821b4176c24606b1aa8f8/core.a(cortex_handlers.c.o)
                0x0000000000004284                Reset_Handler
 .text.SysTick_Handler
                0x00000000000042d8       0x10 /tmp/arduino/sketches/AD145EEC5CF834A88ADD190452DD55BA/../../cores/arduino_samd_nano_33_iot_9d4f17967e2821b4176c24606b1aa8f8/core.a(cortex_handlers.c.o)
                0x00000000000042d8                SysTick_Handler
 .text.USB_SetHandler
                0x00000000000042e8        0xc /tmp/arduino/sketches/AD145EEC5CF834A88ADD190452DD55BA/../../cores/arduino_samd_nano_33_iot_9d4f17967e2821b4176c24606b1aa8f8/core.a(cortex_handlers.c.o)
                0x00000000000042e8                USB_SetHandler
 .text.millis   0x00000000000042f4        0xc /tmp/arduino/sketches/AD145EEC5CF834A88ADD190452DD55BA/../../cores/arduino_samd_nano_33_iot_9d4f17967e2821b4176c24606b1aa8f8/core.a(delay.c.o)
                0x00000000000042f4                millis
 .text.micros   0x0000000000004300       0x60 /tmp/arduino/sketches/AD145EEC5CF834A88ADD190452DD55BA/../../cores/arduino_samd_nano_33_iot_9d4f17967e2821b4176c24606b1aa8f8/core.a(delay.c.o)
                0x0000000000004300                micros
 .text.delay    0x0000000000004360       0x30 /tmp/arduino/sketches/AD145EEC5CF834A88ADD190452DD55BA/../../cores/arduino_samd_nano_33_iot_9d4f17967e2821b4176c24606b1aa8f8/core.a(delay.c.o)
                0x0000000000004360                delay
 .text.SysTick_DefaultHandler
                0x0000000000004390       0x14 /tmp/arduino/sketches/AD145EEC5CF834A88ADD190452DD55BA/../../cores/arduino_samd_nano_33_iot_9d4f17967e2821b4176c24606b1aa8f8/core.a(delay.c.o)
                0x0000000000004390                SysTick_DefaultHandler
 .text.__empty  0x00000000000043a4        0x2 /tmp/arduino/sketches/AD145EEC5CF834A88ADD190452DD55BA/../../cores/arduino_samd_nano_33_iot_9d4f17967e2821b4176c24606b1aa8f8/core.a(hooks.c.o)
                0x00000000000043a4                yield
 .text.__false  0x00000000000043a6        0x4 /tmp/arduino/sketches/AD145EEC5CF834A88ADD190452DD55BA/../../cores/arduino_samd_nano_33_iot_9d4f17967e2821b4176c24606b1aa8f8/core.a(hooks.c.o)
                0x00000000000043a6                sysTickHook
 .text.ultoa    0x00000000000043aa       0x56 /tmp/arduino/sketches/AD145EEC5CF834A88ADD190452DD55BA/../../cores/arduino_samd_nano_33_iot_9d4f17967e2821b4176c24606b1aa8f8/core.a(itoa.c.o)
                0x00000000000043aa                ultoa
 .text.utoa     0x0000000000004400        0x8 /tmp/arduino/sketches/AD145EEC5CF834A88ADD190452DD55BA/../../cores/arduino_samd_nano_33_iot_9d4f17967e2821b4176c24606b1aa8f8/core.a(itoa.c.o)
                0x0000000000004400                utoa
 .text.startup.main
                0x0000000000004408       0x40 /tmp/arduino/sketches/AD145EEC5CF834A88ADD190452DD55BA/../../cores/arduino_samd_nano_33_iot_9d4f17967e2821b4176c24606b1aa8f8/core.a(main.cpp.o)
                0x0000000000004408                main
 .text._Znwj    0x0000000000004448        0x8 /tmp/arduino/sketches/AD145EEC5CF834A88ADD190452DD55BA/../../cores/arduino_samd_nano_33_iot_9d4f17967e2821b4176c24606b1aa8f8/core.a(new.cpp.o)
                0x0000000000004448                operator new(unsigned int)
 .text._ZdlPv   0x0000000000004450        0x8 /tmp/arduino/sketches/AD145EEC5CF834A88ADD190452DD55BA/../../cores/arduino_samd_nano_33_iot_9d4f17967e2821b4176c24606b1aa8f8/core.a(new.cpp.o)
                0x0000000000004450                operator delete(void*)
 .text.SystemInit
                0x0000000000004458      0x194 /tmp/arduino/sketches/AD145EEC5CF834A88ADD190452DD55BA/../../cores/arduino_samd_nano_33_iot_9d4f17967e2821b4176c24606b1aa8f8/core.a(startup.c.o)
                0x0000000000004458                SystemInit
 .text.init     0x00000000000045ec       0xf0 /tmp/arduino/sketches/AD145EEC5CF834A88ADD190452DD55BA/../../cores/arduino_samd_nano_33_iot_9d4f17967e2821b4176c24606b1aa8f8/core.a(wiring.c.o)
                0x00000000000045ec                init
 .text.analogReference
                0x00000000000046dc       0x64 /tmp/arduino/sketches/AD145EEC5CF834A88ADD190452DD55BA/../../cores/arduino_samd_nano_33_iot_9d4f17967e2821b4176c24606b1aa8f8/core.a(wiring_analog.c.o)
                0x00000000000046dc                analogReference
 .text.pinMode  0x0000000000004740       0x98 /tmp/arduino/sketches/AD145EEC5CF834A88ADD190452DD55BA/../../cores/arduino_samd_nano_33_iot_9d4f17967e2821b4176c24606b1aa8f8/core.a(wiring_digital.c.o)
                0x0000000000004740                pinMode
 .text.digitalWrite
                0x00000000000047d8       0x58 /tmp/arduino/sketches/AD145EEC5CF834A88ADD190452DD55BA/../../cores/arduino_samd_nano_33_iot_9d4f17967e2821b4176c24606b1aa8f8/core.a(wiring_digital.c.o)
                0x00000000000047d8                digitalWrite
 .text.pinPeripheral
                0x0000000000004830       0xc0 /tmp/arduino/sketches/AD145EEC5CF834A88ADD190452DD55BA/../../cores/arduino_samd_nano_33_iot_9d4f17967e2821b4176c24606b1aa8f8/core.a(wiring_private.c.o)
                0x0000000000004830                pinPeripheral
 .text.initiateReset
                0x00000000000048f0       0x14 /tmp/arduino/sketches/AD145EEC5CF834A88ADD190452DD55BA/../../cores/arduino_samd_nano_33_iot_9d4f17967e2821b4176c24606b1aa8f8/core.a(Reset.cpp.o)
                0x00000000000048f0                initiateReset
 .text.cancelReset
                0x0000000000004904       0x10 /tmp/arduino/sketches/AD145EEC5CF834A88ADD190452DD55BA/../../cores/arduino_samd_nano_33_iot_9d4f17967e2821b4176c24606b1aa8f8/core.a(Reset.cpp.o)
                0x0000000000004904                cancelReset
 .text.tickReset
                0x0000000000004914       0x78 /tmp/arduino/sketches/AD145EEC5CF834A88ADD190452DD55BA/../../cores/arduino_samd_nano_33_iot_9d4f17967e2821b4176c24606b1aa8f8/core.a(Reset.cpp.o)
                0x0000000000004914                tickReset
 .text          0x000000000000498c       0x14 /home/alireza/.arduino15/packages/arduino/tools/arm-none-eabi-gcc/7-2017q4/bin/../lib/gcc/arm-none-eabi/7.2.1/thumb/v6-m/libgcc.a(_thumb1_case_uqi.o)
                0x000000000000498c                __gnu_thumb1_case_uqi
 .text          0x00000000000049a0      0x114 /home/alireza/.arduino15/packages/arduino/tools/arm-none-eabi-gcc/7-2017q4/bin/../lib/gcc/arm-none-eabi/7.2.1/thumb/v6-m/libgcc.a(_udivsi3.o)
                0x00000000000049a0                __udivsi3
                0x00000000000049a0                __aeabi_uidiv
                0x0000000000004aac                __aeabi_uidivmod
 .text          0x0000000000004ab4        0x4 /home/alireza/.arduino15/packages/arduino/tools/arm-none-eabi-gcc/7-2017q4/bin/../lib/gcc/arm-none-eabi/7.2.1/thumb/v6-m/libgcc.a(_dvmd_tls.o)
                0x0000000000004ab4                __aeabi_ldiv0
                0x0000000000004ab4                __aeabi_idiv0
 .text.atol     0x0000000000004ab8        0xc /home/alireza/.arduino15/packages/arduino/tools/arm-none-eabi-gcc/7-2017q4/bin/../lib/gcc/arm-none-eabi/7.2.1/../../../../arm-none-eabi/lib/thumb/v6-m/libc_nano.a(lib_a-atol.o)
                0x0000000000004ab8                atol
 .text.__libc_init_array
                0x0000000000004ac4       0x48 /home/alireza/.arduino15/packages/arduino/tools/arm-none-eabi-gcc/7-2017q4/bin/../lib/gcc/arm-none-eabi/7.2.1/../../../../arm-none-eabi/lib/thumb/v6-m/libc_nano.a(lib_a-init.o)
                0x0000000000004ac4                __libc_init_array
 .text.__locale_ctype_ptr_l
                0x0000000000004b0c        0x6 /home/alireza/.arduino15/packages/arduino/tools/arm-none-eabi-gcc/7-2017q4/bin/../lib/gcc/arm-none-eabi/7.2.1/../../../../arm-none-eabi/lib/thumb/v6-m/libc_nano.a(lib_a-locale.o)
                0x0000000000004b0c                __locale_ctype_ptr_l
 *fill*         0x0000000000004b12        0x2 
 .text.malloc   0x0000000000004b14       0x14 /home/alireza/.arduino15/packages/arduino/tools/arm-none-eabi-gcc/7-2017q4/bin/../lib/gcc/arm-none-eabi/7.2.1/../../../../arm-none-eabi/lib/thumb/v6-m/libc_nano.a(lib_a-malloc.o)
                0x0000000000004b14                malloc
 .text.free     0x0000000000004b28       0x14 /home/alireza/.arduino15/packages/arduino/tools/arm-none-eabi-gcc/7-2017q4/bin/../lib/gcc/arm-none-eabi/7.2.1/../../../../arm-none-eabi/lib/thumb/v6-m/libc_nano.a(lib_a-malloc.o)
                0x0000000000004b28                free
 .text.__ascii_mbtowc
                0x0000000000004b3c       0x24 /home/alireza/.arduino15/packages/arduino/tools/arm-none-eabi-gcc/7-2017q4/bin/../lib/gcc/arm-none-eabi/7.2.1/../../../../arm-none-eabi/lib/thumb/v6-m/libc_nano.a(lib_a-mbtowc_r.o)
                0x0000000000004b3c                __ascii_mbtowc
 .text.memcpy   0x0000000000004b60       0x12 /home/alireza/.arduino15/packages/arduino/tools/arm-none-eabi-gcc/7-2017q4/bin/../lib/gcc/arm-none-eabi/7.2.1/../../../../arm-none-eabi/lib/thumb/v6-m/libc_nano.a(lib_a-memcpy-stub.o)
                0x0000000000004b60                memcpy
 .text.memset   0x0000000000004b72       0x10 /home/alireza/.arduino15/packages/arduino/tools/arm-none-eabi-gcc/7-2017q4/bin/../lib/gcc/arm-none-eabi/7.2.1/../../../../arm-none-eabi/lib/thumb/v6-m/libc_nano.a(lib_a-memset.o)
                0x0000000000004b72                memset
 *fill*         0x0000000000004b82        0x2 
 .text._free_r  0x0000000000004b84       0x94 /home/alireza/.arduino15/packages/arduino/tools/arm-none-eabi-gcc/7-2017q4/bin/../lib/gcc/arm-none-eabi/7.2.1/../../../../arm-none-eabi/lib/thumb/v6-m/libc_nano.a(lib_a-nano-freer.o)
                0x0000000000004b84                _free_r
 .text._malloc_r
                0x0000000000004c18       0xbc /home/alireza/.arduino15/packages/arduino/tools/arm-none-eabi-gcc/7-2017q4/bin/../lib/gcc/arm-none-eabi/7.2.1/../../../../arm-none-eabi/lib/thumb/v6-m/libc_nano.a(lib_a-nano-mallocr.o)
                0x0000000000004c18                _malloc_r
 .text.realloc  0x0000000000004cd4       0x14 /home/alireza/.arduino15/packages/arduino/tools/arm-none-eabi-gcc/7-2017q4/bin/../lib/gcc/arm-none-eabi/7.2.1/../../../../arm-none-eabi/lib/thumb/v6-m/libc_nano.a(lib_a-realloc.o)
                0x0000000000004cd4                realloc
 .text._sbrk_r  0x0000000000004ce8       0x24 /home/alireza/.arduino15/packages/arduino/tools/arm-none-eabi-gcc/7-2017q4/bin/../lib/gcc/arm-none-eabi/7.2.1/../../../../arm-none-eabi/lib/thumb/v6-m/libc_nano.a(lib_a-sbrkr.o)
                0x0000000000004ce8                _sbrk_r
 .text.strchr   0x0000000000004d0c       0x1c /home/alireza/.arduino15/packages/arduino/tools/arm-none-eabi-gcc/7-2017q4/bin/../lib/gcc/arm-none-eabi/7.2.1/../../../../arm-none-eabi/lib/thumb/v6-m/libc_nano.a(lib_a-strchr.o)
                0x0000000000004d0c                strchr
 .text          0x0000000000004d28        0xe /home/alireza/.arduino15/packages/arduino/tools/arm-none-eabi-gcc/7-2017q4/bin/../lib/gcc/arm-none-eabi/7.2.1/../../../../arm-none-eabi/lib/thumb/v6-m/libc_nano.a(lib_a-strlen.o)
                0x0000000000004d28                strlen
 *fill*         0x0000000000004d36        0x2 
 .text._strtol_l.isra.0
                0x0000000000004d38      0x104 /home/alireza/.arduino15/packages/arduino/tools/arm-none-eabi-gcc/7-2017q4/bin/../lib/gcc/arm-none-eabi/7.2.1/../../../../arm-none-eabi/lib/thumb/v6-m/libc_nano.a(lib_a-strtol.o)
 .text.strtol   0x0000000000004e3c       0x28 /home/alireza/.arduino15/packages/arduino/tools/arm-none-eabi-gcc/7-2017q4/bin/../lib/gcc/arm-none-eabi/7.2.1/../../../../arm-none-eabi/lib/thumb/v6-m/libc_nano.a(lib_a-strtol.o)
                0x0000000000004e3c                strtol
 .text.__ascii_wctomb
                0x0000000000004e64       0x18 /home/alireza/.arduino15/packages/arduino/tools/arm-none-eabi-gcc/7-2017q4/bin/../lib/gcc/arm-none-eabi/7.2.1/../../../../arm-none-eabi/lib/thumb/v6-m/libc_nano.a(lib_a-wctomb_r.o)
                0x0000000000004e64                __ascii_wctomb
 .text.__malloc_lock
                0x0000000000004e7c        0x2 /home/alireza/.arduino15/packages/arduino/tools/arm-none-eabi-gcc/7-2017q4/bin/../lib/gcc/arm-none-eabi/7.2.1/../../../../arm-none-eabi/lib/thumb/v6-m/libc_nano.a(lib_a-mlock.o)
                0x0000000000004e7c                __malloc_lock
 .text.__malloc_unlock
                0x0000000000004e7e        0x2 /home/alireza/.arduino15/packages/arduino/tools/arm-none-eabi-gcc/7-2017q4/bin/../lib/gcc/arm-none-eabi/7.2.1/../../../../arm-none-eabi/lib/thumb/v6-m/libc_nano.a(lib_a-mlock.o)
                0x0000000000004e7e                __malloc_unlock
 .text._realloc_r
                0x0000000000004e80       0x4c /home/alireza/.arduino15/packages/arduino/tools/arm-none-eabi-gcc/7-2017q4/bin/../lib/gcc/arm-none-eabi/7.2.1/../../../../arm-none-eabi/lib/thumb/v6-m/libc_nano.a(lib_a-nano-reallocr.o)
                0x0000000000004e80                _realloc_r
 .text._malloc_usable_size_r
                0x0000000000004ecc       0x10 /home/alireza/.arduino15/packages/arduino/tools/arm-none-eabi-gcc/7-2017q4/bin/../lib/gcc/arm-none-eabi/7.2.1/../../../../arm-none-eabi/lib/thumb/v6-m/libc_nano.a(lib_a-nano-msizer.o)
                0x0000000000004ecc                _malloc_usable_size_r
 .text._sbrk    0x0000000000004edc       0x1c /home/alireza/.arduino15/packages/arduino/tools/arm-none-eabi-gcc/7-2017q4/bin/../lib/gcc/arm-none-eabi/7.2.1/../../../../arm-none-eabi/lib/thumb/v6-m/libnosys.a(sbrk.o)
                0x0000000000004edc                _sbrk
 *(.init)
 .init          0x0000000000004ef8        0x4 /home/alireza/.arduino15/packages/arduino/tools/arm-none-eabi-gcc/7-2017q4/bin/../lib/gcc/arm-none-eabi/7.2.1/thumb/v6-m/crti.o
                0x0000000000004ef8                _init
 .init          0x0000000000004efc        0x8 /home/alireza/.arduino15/packages/arduino/tools/arm-none-eabi-gcc/7-2017q4/bin/../lib/gcc/arm-none-eabi/7.2.1/thumb/v6-m/crtn.o
 *(.fini)
 .fini          0x0000000000004f04        0x4 /home/alireza/.arduino15/packages/arduino/tools/arm-none-eabi-gcc/7-2017q4/bin/../lib/gcc/arm-none-eabi/7.2.1/thumb/v6-m/crti.o
                0x0000000000004f04                _fini
 .fini          0x0000000000004f08        0x8 /home/alireza/.arduino15/packages/arduino/tools/arm-none-eabi-gcc/7-2017q4/bin/../lib/gcc/arm-none-eabi/7.2.1/thumb/v6-m/crtn.o
 *crtbegin.o(.ctors)
 *crtbegin?.o(.ctors)
 *(EXCLUDE_FILE(*crtend.o *crtend?.o) .ctors)
 *(SORT_BY_NAME(.ctors.*))
 *(.ctors)
 *crtbegin.o(.dtors)
 *crtbegin?.o(.dtors)
 *(EXCLUDE_FILE(*crtend.o *crtend?.o) .dtors)
 *(SORT_BY_NAME(.dtors.*))
 *(.dtors)
 *(.rodata*)
 .rodata        0x0000000000004f10        0x9 /tmp/arduino/sketches/AD145EEC5CF834A88ADD190452DD55BA/sketch/lossless.ino.cpp.o
 .rodata._Z11rleCompressPKhj.str1.1
                0x0000000000004f19        0x4 /tmp/arduino/sketches/AD145EEC5CF834A88ADD190452DD55BA/sketch/lossless.ino.cpp.o
                                          0x5 (size before relaxing)
 .rodata.setup.str1.1
                0x0000000000004f1d       0x26 /tmp/arduino/sketches/AD145EEC5CF834A88ADD190452DD55BA/sketch/lossless.ino.cpp.o
                                         0x28 (size before relaxing)
 *fill*         0x0000000000004f43        0x1 
 .rodata.g_APinDescription
                0x0000000000004f44      0x318 /tmp/arduino/sketches/AD145EEC5CF834A88ADD190452DD55BA/core/variant.cpp.o
                0x0000000000004f44                g_APinDescription
 .rodata._ZTV7Serial_
                0x000000000000525c       0x60 /tmp/arduino/sketches/AD145EEC5CF834A88ADD190452DD55BA/../../cores/arduino_samd_nano_33_iot_9d4f17967e2821b4176c24606b1aa8f8/core.a(CDC.cpp.o)
                0x000000000000525c                vtable for Serial_
 .rodata._ZTV26DoubleBufferedEPOutHandler
                0x00000000000052bc       0x24 /tmp/arduino/sketches/AD145EEC5CF834A88ADD190452DD55BA/../../cores/arduino_samd_nano_33_iot_9d4f17967e2821b4176c24606b1aa8f8/core.a(USBCore.cpp.o)
                0x00000000000052bc                vtable for DoubleBufferedEPOutHandler
 .rodata._ZL14STRING_PRODUCT
                0x00000000000052e0       0x14 /tmp/arduino/sketches/AD145EEC5CF834A88ADD190452DD55BA/../../cores/arduino_samd_nano_33_iot_9d4f17967e2821b4176c24606b1aa8f8/core.a(USBCore.cpp.o)
 .rodata._ZL15STRING_LANGUAGE
                0x00000000000052f4        0x4 /tmp/arduino/sketches/AD145EEC5CF834A88ADD190452DD55BA/../../cores/arduino_samd_nano_33_iot_9d4f17967e2821b4176c24606b1aa8f8/core.a(USBCore.cpp.o)
 .rodata._ZL19STRING_MANUFACTURER
                0x00000000000052f8        0xc /tmp/arduino/sketches/AD145EEC5CF834A88ADD190452DD55BA/../../cores/arduino_samd_nano_33_iot_9d4f17967e2821b4176c24606b1aa8f8/core.a(USBCore.cpp.o)
 .rodata._ZL21USB_DeviceDescriptorB
                0x0000000000005304       0x12 /tmp/arduino/sketches/AD145EEC5CF834A88ADD190452DD55BA/../../cores/arduino_samd_nano_33_iot_9d4f17967e2821b4176c24606b1aa8f8/core.a(USBCore.cpp.o)
 *fill*         0x0000000000005316        0x2 
 .rodata._ZTV4Uart
                0x0000000000005318       0x34 /tmp/arduino/sketches/AD145EEC5CF834A88ADD190452DD55BA/../../cores/arduino_samd_nano_33_iot_9d4f17967e2821b4176c24606b1aa8f8/core.a(Uart.cpp.o)
                0x0000000000005318                vtable for Uart
 .rodata._ZN7arduino5Print7printlnEv.str1.1
                0x000000000000534c        0x3 /tmp/arduino/sketches/AD145EEC5CF834A88ADD190452DD55BA/../../cores/arduino_samd_nano_33_iot_9d4f17967e2821b4176c24606b1aa8f8/core.a(Print.cpp.o)
 .rodata._ZNK7arduino6String9substringEjj.str1.1
                0x000000000000534f        0x1 /tmp/arduino/sketches/AD145EEC5CF834A88ADD190452DD55BA/../../cores/arduino_samd_nano_33_iot_9d4f17967e2821b4176c24606b1aa8f8/core.a(String.cpp.o)
 .rodata._setlocale_r.str1.1
                0x000000000000534f        0x8 /home/alireza/.arduino15/packages/arduino/tools/arm-none-eabi-gcc/7-2017q4/bin/../lib/gcc/arm-none-eabi/7.2.1/../../../../arm-none-eabi/lib/thumb/v6-m/libc_nano.a(lib_a-locale.o)
                                          0x9 (size before relaxing)
 .rodata.str1.1
                0x0000000000005357        0x2 /home/alireza/.arduino15/packages/arduino/tools/arm-none-eabi-gcc/7-2017q4/bin/../lib/gcc/arm-none-eabi/7.2.1/../../../../arm-none-eabi/lib/thumb/v6-m/libc_nano.a(lib_a-locale.o)
 .rodata._ctype_
                0x0000000000005359      0x101 /home/alireza/.arduino15/packages/arduino/tools/arm-none-eabi-gcc/7-2017q4/bin/../lib/gcc/arm-none-eabi/7.2.1/../../../../arm-none-eabi/lib/thumb/v6-m/libc_nano.a(lib_a-ctype_.o)
                0x0000000000005359                _ctype_
 *(.eh_frame*)
 *fill*         0x000000000000545a        0x2 
 .eh_frame      0x000000000000545c        0x0 /home/alireza/.arduino15/packages/arduino/tools/arm-none-eabi-gcc/7-2017q4/bin/../lib/gcc/arm-none-eabi/7.2.1/thumb/v6-m/crtbegin.o
 .eh_frame      0x000000000000545c        0x4 /home/alireza/.arduino15/packages/arduino/tools/arm-none-eabi-gcc/7-2017q4/bin/../lib/gcc/arm-none-eabi/7.2.1/thumb/v6-m/crtend.o

.glue_7         0x0000000000005460        0x0
 .glue_7        0x0000000000005460        0x0 linker stubs

.glue_7t        0x0000000000005460        0x0
 .glue_7t       0x0000000000005460        0x0 linker stubs

.vfp11_veneer   0x0000000000005460        0x0
 .vfp11_veneer  0x0000000000005460        0x0 linker stubs

.v4_bx          0x0000000000005460        0x0
 .v4_bx         0x0000000000005460        0x0 linker stubs

.iplt           0x0000000000005460        0x0
 .iplt          0x0000000000005460        0x0 /home/alireza/.arduino15/packages/arduino/tools/arm-none-eabi-gcc/7-2017q4/bin/../lib/gcc/arm-none-eabi/7.2.1/thumb/v6-m/crtbegin.o

.rel.dyn        0x0000000000005460        0x0
 .rel.iplt      0x0000000000005460        0x0 /home/alireza/.arduino15/packages/arduino/tools/arm-none-eabi-gcc/7-2017q4/bin/../lib/gcc/arm-none-eabi/7.2.1/thumb/v6-m/crtbegin.o

.ARM.extab
 *(.ARM.extab* .gnu.linkonce.armextab.*)
                0x0000000000005460                __exidx_start = .

.ARM.exidx
 *(.ARM.exidx* .gnu.linkonce.armexidx.*)
                0x0000000000005460                __exidx_end = .
                0x0000000000005460                __etext = .

.data           0x0000000020000000      0x1fc load address 0x0000000000005460
                0x0000000020000000                __data_start__ = .
 *(vtable)
 *(.data*)
 .data._ZL10breakValue
                0x0000000020000000        0x4 /tmp/arduino/sketches/AD145EEC5CF834A88ADD190452DD55BA/../../cores/arduino_samd_nano_33_iot_9d4f17967e2821b4176c24606b1aa8f8/core.a(CDC.cpp.o)
 .data._ZL12_usbLineInfo
                0x0000000020000004        0x8 /tmp/arduino/sketches/AD145EEC5CF834A88ADD190452DD55BA/../../cores/arduino_samd_nano_33_iot_9d4f17967e2821b4176c24606b1aa8f8/core.a(CDC.cpp.o)
 .data._serialPeek
                0x000000002000000c        0x4 /tmp/arduino/sketches/AD145EEC5CF834A88ADD190452DD55BA/../../cores/arduino_samd_nano_33_iot_9d4f17967e2821b4176c24606b1aa8f8/core.a(CDC.cpp.o)
                0x000000002000000c                _serialPeek
 .data.SystemCoreClock
                0x0000000020000010        0x4 /tmp/arduino/sketches/AD145EEC5CF834A88ADD190452DD55BA/../../cores/arduino_samd_nano_33_iot_9d4f17967e2821b4176c24606b1aa8f8/core.a(wiring.c.o)
                0x0000000020000010                SystemCoreClock
 .data._ZL5ticks
                0x0000000020000014        0x4 /tmp/arduino/sketches/AD145EEC5CF834A88ADD190452DD55BA/../../cores/arduino_samd_nano_33_iot_9d4f17967e2821b4176c24606b1aa8f8/core.a(Reset.cpp.o)
 .data._impure_ptr
                0x0000000020000018        0x4 /home/alireza/.arduino15/packages/arduino/tools/arm-none-eabi-gcc/7-2017q4/bin/../lib/gcc/arm-none-eabi/7.2.1/../../../../arm-none-eabi/lib/thumb/v6-m/libc_nano.a(lib_a-impure.o)
                0x0000000020000018                _impure_ptr
 .data.impure_data
                0x000000002000001c       0x60 /home/alireza/.arduino15/packages/arduino/tools/arm-none-eabi-gcc/7-2017q4/bin/../lib/gcc/arm-none-eabi/7.2.1/../../../../arm-none-eabi/lib/thumb/v6-m/libc_nano.a(lib_a-impure.o)
 .data.__global_locale
                0x000000002000007c      0x16c /home/alireza/.arduino15/packages/arduino/tools/arm-none-eabi-gcc/7-2017q4/bin/../lib/gcc/arm-none-eabi/7.2.1/../../../../arm-none-eabi/lib/thumb/v6-m/libc_nano.a(lib_a-locale.o)
                0x000000002000007c                __global_locale
                0x00000000200001e8                . = ALIGN (0x4)
                0x00000000200001e8                PROVIDE (__preinit_array_start, .)
 *(.preinit_array)
                0x00000000200001e8                PROVIDE (__preinit_array_end, .)
                0x00000000200001e8                . = ALIGN (0x4)
                0x00000000200001e8                PROVIDE (__init_array_start, .)
 *(SORT_BY_NAME(.init_array.*))
 *(.init_array)
 .init_array    0x00000000200001e8        0x4 /home/alireza/.arduino15/packages/arduino/tools/arm-none-eabi-gcc/7-2017q4/bin/../lib/gcc/arm-none-eabi/7.2.1/thumb/v6-m/crtbegin.o
 .init_array    0x00000000200001ec        0x4 /tmp/arduino/sketches/AD145EEC5CF834A88ADD190452DD55BA/core/variant.cpp.o
 .init_array    0x00000000200001f0        0x4 /tmp/arduino/sketches/AD145EEC5CF834A88ADD190452DD55BA/../../cores/arduino_samd_nano_33_iot_9d4f17967e2821b4176c24606b1aa8f8/core.a(CDC.cpp.o)
 .init_array    0x00000000200001f4        0x4 /tmp/arduino/sketches/AD145EEC5CF834A88ADD190452DD55BA/../../cores/arduino_samd_nano_33_iot_9d4f17967e2821b4176c24606b1aa8f8/core.a(USBCore.cpp.o)
                0x00000000200001f8                PROVIDE (__init_array_end, .)
                0x00000000200001f8                . = ALIGN (0x4)
                [!provide]                        PROVIDE (__fini_array_start, .)
 *(SORT_BY_NAME(.fini_array.*))
 *(.fini_array)
 .fini_array    0x00000000200001f8        0x4 /home/alireza/.arduino15/packages/arduino/tools/arm-none-eabi-gcc/7-2017q4/bin/../lib/gcc/arm-none-eabi/7.2.1/thumb/v6-m/crtbegin.o
                [!provide]                        PROVIDE (__fini_array_end, .)
 *(.jcr*)
                0x00000000200001fc                . = ALIGN (0x4)
                0x00000000200001fc                __data_end__ = .

.igot.plt       0x00000000200001fc        0x0 load address 0x000000000000565c
 .igot.plt      0x00000000200001fc        0x0 /home/alireza/.arduino15/packages/arduino/tools/arm-none-eabi-gcc/7-2017q4/bin/../lib/gcc/arm-none-eabi/7.2.1/thumb/v6-m/crtbegin.o

.bss            0x00000000200001fc      0xd58 load address 0x000000000000565c
                0x00000000200001fc                . = ALIGN (0x4)
                0x00000000200001fc                __bss_start__ = .
 *(.bss*)
 .bss           0x00000000200001fc       0x1c /home/alireza/.arduino15/packages/arduino/tools/arm-none-eabi-gcc/7-2017q4/bin/../lib/gcc/arm-none-eabi/7.2.1/thumb/v6-m/crtbegin.o
 .bss.Serial1   0x0000000020000218      0x244 /tmp/arduino/sketches/AD145EEC5CF834A88ADD190452DD55BA/core/variant.cpp.o
                0x0000000020000218                Serial1
 .bss.Serial2   0x000000002000045c      0x244 /tmp/arduino/sketches/AD145EEC5CF834A88ADD190452DD55BA/core/variant.cpp.o
                0x000000002000045c                Serial2
 .bss.SerialHCI
                0x00000000200006a0      0x244 /tmp/arduino/sketches/AD145EEC5CF834A88ADD190452DD55BA/core/variant.cpp.o
                0x00000000200006a0                SerialHCI
 .bss.sercom0   0x00000000200008e4        0x8 /tmp/arduino/sketches/AD145EEC5CF834A88ADD190452DD55BA/core/variant.cpp.o
                0x00000000200008e4                sercom0
 .bss.sercom1   0x00000000200008ec        0x8 /tmp/arduino/sketches/AD145EEC5CF834A88ADD190452DD55BA/core/variant.cpp.o
                0x00000000200008ec                sercom1
 .bss.sercom2   0x00000000200008f4        0x8 /tmp/arduino/sketches/AD145EEC5CF834A88ADD190452DD55BA/core/variant.cpp.o
                0x00000000200008f4                sercom2
 .bss.sercom3   0x00000000200008fc        0x8 /tmp/arduino/sketches/AD145EEC5CF834A88ADD190452DD55BA/core/variant.cpp.o
                0x00000000200008fc                sercom3
 .bss.sercom4   0x0000000020000904        0x8 /tmp/arduino/sketches/AD145EEC5CF834A88ADD190452DD55BA/core/variant.cpp.o
                0x0000000020000904                sercom4
 .bss.sercom5   0x000000002000090c        0x8 /tmp/arduino/sketches/AD145EEC5CF834A88ADD190452DD55BA/core/variant.cpp.o
                0x000000002000090c                sercom5
 .bss.SerialUSB
                0x0000000020000914       0x34 /tmp/arduino/sketches/AD145EEC5CF834A88ADD190452DD55BA/../../cores/arduino_samd_nano_33_iot_9d4f17967e2821b4176c24606b1aa8f8/core.a(CDC.cpp.o)
                0x0000000020000914                SerialUSB
 .bss.EndPoints
                0x0000000020000948       0x28 /tmp/arduino/sketches/AD145EEC5CF834A88ADD190452DD55BA/../../cores/arduino_samd_nano_33_iot_9d4f17967e2821b4176c24606b1aa8f8/core.a(USBCore.cpp.o)
                0x0000000020000948                EndPoints
 .bss.USBDevice
                0x0000000020000970        0x1 /tmp/arduino/sketches/AD145EEC5CF834A88ADD190452DD55BA/../../cores/arduino_samd_nano_33_iot_9d4f17967e2821b4176c24606b1aa8f8/core.a(USBCore.cpp.o)
                0x0000000020000970                USBDevice
 *fill*         0x0000000020000971        0x3 
 .bss._ZL10epHandlers
                0x0000000020000974       0x1c /tmp/arduino/sketches/AD145EEC5CF834A88ADD190452DD55BA/../../cores/arduino_samd_nano_33_iot_9d4f17967e2821b4176c24606b1aa8f8/core.a(USBCore.cpp.o)
 .bss._ZL14isEndpointHalt
                0x0000000020000990        0x1 /tmp/arduino/sketches/AD145EEC5CF834A88ADD190452DD55BA/../../cores/arduino_samd_nano_33_iot_9d4f17967e2821b4176c24606b1aa8f8/core.a(USBCore.cpp.o)
 .bss._ZL20LastTransmitTimedOut
                0x0000000020000991        0x7 /tmp/arduino/sketches/AD145EEC5CF834A88ADD190452DD55BA/../../cores/arduino_samd_nano_33_iot_9d4f17967e2821b4176c24606b1aa8f8/core.a(USBCore.cpp.o)
 .bss._ZL21isRemoteWakeUpEnabled
                0x0000000020000998        0x1 /tmp/arduino/sketches/AD145EEC5CF834A88ADD190452DD55BA/../../cores/arduino_samd_nano_33_iot_9d4f17967e2821b4176c24606b1aa8f8/core.a(USBCore.cpp.o)
 *fill*         0x0000000020000999        0x3 
 .bss._ZL22udd_ep_in_cache_buffer
                0x000000002000099c      0x1c0 /tmp/arduino/sketches/AD145EEC5CF834A88ADD190452DD55BA/../../cores/arduino_samd_nano_33_iot_9d4f17967e2821b4176c24606b1aa8f8/core.a(USBCore.cpp.o)
 .bss._ZL23udd_ep_out_cache_buffer
                0x0000000020000b5c      0x1c0 /tmp/arduino/sketches/AD145EEC5CF834A88ADD190452DD55BA/../../cores/arduino_samd_nano_33_iot_9d4f17967e2821b4176c24606b1aa8f8/core.a(USBCore.cpp.o)
 .bss._dry_run  0x0000000020000d1c        0x1 /tmp/arduino/sketches/AD145EEC5CF834A88ADD190452DD55BA/../../cores/arduino_samd_nano_33_iot_9d4f17967e2821b4176c24606b1aa8f8/core.a(USBCore.cpp.o)
                0x0000000020000d1c                _dry_run
 .bss._pack_buffer
                0x0000000020000d1d      0x100 /tmp/arduino/sketches/AD145EEC5CF834A88ADD190452DD55BA/../../cores/arduino_samd_nano_33_iot_9d4f17967e2821b4176c24606b1aa8f8/core.a(USBCore.cpp.o)
                0x0000000020000d1d                _pack_buffer
 .bss._pack_message
                0x0000000020000e1d        0x1 /tmp/arduino/sketches/AD145EEC5CF834A88ADD190452DD55BA/../../cores/arduino_samd_nano_33_iot_9d4f17967e2821b4176c24606b1aa8f8/core.a(USBCore.cpp.o)
                0x0000000020000e1d                _pack_message
 .bss._pack_size
                0x0000000020000e1e        0x2 /tmp/arduino/sketches/AD145EEC5CF834A88ADD190452DD55BA/../../cores/arduino_samd_nano_33_iot_9d4f17967e2821b4176c24606b1aa8f8/core.a(USBCore.cpp.o)
                0x0000000020000e1e                _pack_size
 .bss._usbConfiguration
                0x0000000020000e20        0x4 /tmp/arduino/sketches/AD145EEC5CF834A88ADD190452DD55BA/../../cores/arduino_samd_nano_33_iot_9d4f17967e2821b4176c24606b1aa8f8/core.a(USBCore.cpp.o)
                0x0000000020000e20                _usbConfiguration
 .bss._usbSetInterface
                0x0000000020000e24        0x4 /tmp/arduino/sketches/AD145EEC5CF834A88ADD190452DD55BA/../../cores/arduino_samd_nano_33_iot_9d4f17967e2821b4176c24606b1aa8f8/core.a(USBCore.cpp.o)
                0x0000000020000e24                _usbSetInterface
 .bss.usbd      0x0000000020000e28      0x104 /tmp/arduino/sketches/AD145EEC5CF834A88ADD190452DD55BA/../../cores/arduino_samd_nano_33_iot_9d4f17967e2821b4176c24606b1aa8f8/core.a(USBCore.cpp.o)
                0x0000000020000e28                usbd
 .bss._ZGVZ12PluggableUSBvE3obj
                0x0000000020000f2c        0x4 /tmp/arduino/sketches/AD145EEC5CF834A88ADD190452DD55BA/../../cores/arduino_samd_nano_33_iot_9d4f17967e2821b4176c24606b1aa8f8/core.a(PluggableUSB.cpp.o)
 .bss._ZZ12PluggableUSBvE3obj
                0x0000000020000f30        0xc /tmp/arduino/sketches/AD145EEC5CF834A88ADD190452DD55BA/../../cores/arduino_samd_nano_33_iot_9d4f17967e2821b4176c24606b1aa8f8/core.a(PluggableUSB.cpp.o)
 .bss.usb_isr   0x0000000020000f3c        0x4 /tmp/arduino/sketches/AD145EEC5CF834A88ADD190452DD55BA/../../cores/arduino_samd_nano_33_iot_9d4f17967e2821b4176c24606b1aa8f8/core.a(cortex_handlers.c.o)
 .bss._ulTickCount
                0x0000000020000f40        0x4 /tmp/arduino/sketches/AD145EEC5CF834A88ADD190452DD55BA/../../cores/arduino_samd_nano_33_iot_9d4f17967e2821b4176c24606b1aa8f8/core.a(delay.c.o)
 .bss.__malloc_free_list
                0x0000000020000f44        0x4 /home/alireza/.arduino15/packages/arduino/tools/arm-none-eabi-gcc/7-2017q4/bin/../lib/gcc/arm-none-eabi/7.2.1/../../../../arm-none-eabi/lib/thumb/v6-m/libc_nano.a(lib_a-nano-mallocr.o)
                0x0000000020000f44                __malloc_free_list
 .bss.__malloc_sbrk_start
                0x0000000020000f48        0x4 /home/alireza/.arduino15/packages/arduino/tools/arm-none-eabi-gcc/7-2017q4/bin/../lib/gcc/arm-none-eabi/7.2.1/../../../../arm-none-eabi/lib/thumb/v6-m/libc_nano.a(lib_a-nano-mallocr.o)
                0x0000000020000f48                __malloc_sbrk_start
 .bss.heap_end.4102
                0x0000000020000f4c        0x4 /home/alireza/.arduino15/packages/arduino/tools/arm-none-eabi-gcc/7-2017q4/bin/../lib/gcc/arm-none-eabi/7.2.1/../../../../arm-none-eabi/lib/thumb/v6-m/libnosys.a(sbrk.o)
 *(COMMON)
 COMMON         0x0000000020000f50        0x4 /home/alireza/.arduino15/packages/arduino/tools/arm-none-eabi-gcc/7-2017q4/bin/../lib/gcc/arm-none-eabi/7.2.1/../../../../arm-none-eabi/lib/thumb/v6-m/libc_nano.a(lib_a-reent.o)
                0x0000000020000f50                errno
                0x0000000020000f54                . = ALIGN (0x4)
                0x0000000020000f54                __bss_end__ = .

.heap           0x0000000020000f54        0x0
                0x0000000020000f54                __end__ = .
                0x0000000020000f54                PROVIDE (end, .)
 *(.heap*)
                0x0000000020000f54                __HeapLimit = .

.stack_dummy    0x0000000020000f54        0x0
 *(.stack*)
                0x0000000020008000                __StackTop = (ORIGIN (RAM) + LENGTH (RAM))
                0x0000000020008000                __StackLimit = (__StackTop - SIZEOF (.stack_dummy))
                0x0000000020008000                PROVIDE (__stack, __StackTop)
                0x0000000020007fff                __ram_end__ = ((ORIGIN (RAM) + LENGTH (RAM)) - 0x1)
                0x0000000000000001                ASSERT ((__StackLimit >= __HeapLimit), region RAM overflowed with stack)
OUTPUT(/tmp/arduino/sketches/AD145EEC5CF834A88ADD190452DD55BA/lossless.ino.elf elf32-littlearm)

.ARM.attributes
                0x0000000000000000       0x28
 .ARM.attributes
                0x0000000000000000       0x1e /home/alireza/.arduino15/packages/arduino/tools/arm-none-eabi-gcc/7-2017q4/bin/../lib/gcc/arm-none-eabi/7.2.1/thumb/v6-m/crti.o
 .ARM.attributes
                0x000000000000001e       0x2c /home/alireza/.arduino15/packages/arduino/tools/arm-none-eabi-gcc/7-2017q4/bin/../lib/gcc/arm-none-eabi/7.2.1/thumb/v6-m/crtbegin.o
 .ARM.attributes
                0x000000000000004a       0x32 /tmp/arduino/sketches/AD145EEC5CF834A88ADD190452DD55BA/sketch/lossless.ino.cpp.o
 .ARM.attributes
                0x000000000000007c       0x32 /tmp/arduino/sketches/AD145EEC5CF834A88ADD190452DD55BA/core/variant.cpp.o
 .ARM.attributes
                0x00000000000000ae       0x32 /tmp/arduino/sketches/AD145EEC5CF834A88ADD190452DD55BA/../../cores/arduino_samd_nano_33_iot_9d4f17967e2821b4176c24606b1aa8f8/core.a(SERCOM.cpp.o)
 .ARM.attributes
                0x00000000000000e0       0x32 /tmp/arduino/sketches/AD145EEC5CF834A88ADD190452DD55BA/../../cores/arduino_samd_nano_33_iot_9d4f17967e2821b4176c24606b1aa8f8/core.a(CDC.cpp.o)
 .ARM.attributes
                0x0000000000000112       0x32 /tmp/arduino/sketches/AD145EEC5CF834A88ADD190452DD55BA/../../cores/arduino_samd_nano_33_iot_9d4f17967e2821b4176c24606b1aa8f8/core.a(USBCore.cpp.o)
 .ARM.attributes
                0x0000000000000144       0x32 /tmp/arduino/sketches/AD145EEC5CF834A88ADD190452DD55BA/../../cores/arduino_samd_nano_33_iot_9d4f17967e2821b4176c24606b1aa8f8/core.a(Uart.cpp.o)
 .ARM.attributes
                0x0000000000000176       0x32 /tmp/arduino/sketches/AD145EEC5CF834A88ADD190452DD55BA/../../cores/arduino_samd_nano_33_iot_9d4f17967e2821b4176c24606b1aa8f8/core.a(PluggableUSB.cpp.o)
 .ARM.attributes
                0x00000000000001a8       0x32 /tmp/arduino/sketches/AD145EEC5CF834A88ADD190452DD55BA/../../cores/arduino_samd_nano_33_iot_9d4f17967e2821b4176c24606b1aa8f8/core.a(Print.cpp.o)
 .ARM.attributes
                0x00000000000001da       0x32 /tmp/arduino/sketches/AD145EEC5CF834A88ADD190452DD55BA/../../cores/arduino_samd_nano_33_iot_9d4f17967e2821b4176c24606b1aa8f8/core.a(String.cpp.o)
 .ARM.attributes
                0x000000000000020c       0x32 /tmp/arduino/sketches/AD145EEC5CF834A88ADD190452DD55BA/../../cores/arduino_samd_nano_33_iot_9d4f17967e2821b4176c24606b1aa8f8/core.a(cortex_handlers.c.o)
 .ARM.attributes
                0x000000000000023e       0x32 /tmp/arduino/sketches/AD145EEC5CF834A88ADD190452DD55BA/../../cores/arduino_samd_nano_33_iot_9d4f17967e2821b4176c24606b1aa8f8/core.a(delay.c.o)
 .ARM.attributes
                0x0000000000000270       0x32 /tmp/arduino/sketches/AD145EEC5CF834A88ADD190452DD55BA/../../cores/arduino_samd_nano_33_iot_9d4f17967e2821b4176c24606b1aa8f8/core.a(hooks.c.o)
 .ARM.attributes
                0x00000000000002a2       0x32 /tmp/arduino/sketches/AD145EEC5CF834A88ADD190452DD55BA/../../cores/arduino_samd_nano_33_iot_9d4f17967e2821b4176c24606b1aa8f8/core.a(itoa.c.o)
 .ARM.attributes
                0x00000000000002d4       0x32 /tmp/arduino/sketches/AD145EEC5CF834A88ADD190452DD55BA/../../cores/arduino_samd_nano_33_iot_9d4f17967e2821b4176c24606b1aa8f8/core.a(main.cpp.o)
 .ARM.attributes
                0x0000000000000306       0x32 /tmp/arduino/sketches/AD145EEC5CF834A88ADD190452DD55BA/../../cores/arduino_samd_nano_33_iot_9d4f17967e2821b4176c24606b1aa8f8/core.a(new.cpp.o)
 .ARM.attributes
                0x0000000000000338       0x32 /tmp/arduino/sketches/AD145EEC5CF834A88ADD190452DD55BA/../../cores/arduino_samd_nano_33_iot_9d4f17967e2821b4176c24606b1aa8f8/core.a(startup.c.o)
 .ARM.attributes
                0x000000000000036a       0x32 /tmp/arduino/sketches/AD145EEC5CF834A88ADD190452DD55BA/../../cores/arduino_samd_nano_33_iot_9d4f17967e2821b4176c24606b1aa8f8/core.a(wiring.c.o)
 .ARM.attributes
                0x000000000000039c       0x32 /tmp/arduino/sketches/AD145EEC5CF834A88ADD190452DD55BA/../../cores/arduino_samd_nano_33_iot_9d4f17967e2821b4176c24606b1aa8f8/core.a(wiring_analog.c.o)
 .ARM.attributes
                0x00000000000003ce       0x32 /tmp/arduino/sketches/AD145EEC5CF834A88ADD190452DD55BA/../../cores/arduino_samd_nano_33_iot_9d4f17967e2821b4176c24606b1aa8f8/core.a(wiring_digital.c.o)
 .ARM.attributes
                0x0000000000000400       0x32 /tmp/arduino/sketches/AD145EEC5CF834A88ADD190452DD55BA/../../cores/arduino_samd_nano_33_iot_9d4f17967e2821b4176c24606b1aa8f8/core.a(wiring_private.c.o)
 .ARM.attributes
                0x0000000000000432       0x32 /tmp/arduino/sketches/AD145EEC5CF834A88ADD190452DD55BA/../../cores/arduino_samd_nano_33_iot_9d4f17967e2821b4176c24606b1aa8f8/core.a(Reset.cpp.o)
 .ARM.attributes
                0x0000000000000464       0x1e /home/alireza/.arduino15/packages/arduino/tools/arm-none-eabi-gcc/7-2017q4/bin/../lib/gcc/arm-none-eabi/7.2.1/thumb/v6-m/libgcc.a(_thumb1_case_uqi.o)
 .ARM.attributes
                0x0000000000000482       0x1e /home/alireza/.arduino15/packages/arduino/tools/arm-none-eabi-gcc/7-2017q4/bin/../lib/gcc/arm-none-eabi/7.2.1/thumb/v6-m/libgcc.a(_udivsi3.o)
 .ARM.attributes
                0x00000000000004a0       0x1e /home/alireza/.arduino15/packages/arduino/tools/arm-none-eabi-gcc/7-2017q4/bin/../lib/gcc/arm-none-eabi/7.2.1/thumb/v6-m/libgcc.a(_dvmd_tls.o)
 .ARM.attributes
                0x00000000000004be       0x2c /home/alireza/.arduino15/packages/arduino/tools/arm-none-eabi-gcc/7-2017q4/bin/../lib/gcc/arm-none-eabi/7.2.1/../../../../arm-none-eabi/lib/thumb/v6-m/libc_nano.a(lib_a-atol.o)
 .ARM.attributes
                0x00000000000004ea       0x2c /home/alireza/.arduino15/packages/arduino/tools/arm-none-eabi-gcc/7-2017q4/bin/../lib/gcc/arm-none-eabi/7.2.1/../../../../arm-none-eabi/lib/thumb/v6-m/libc_nano.a(lib_a-impure.o)
 .ARM.attributes
                0x0000000000000516       0x2c /home/alireza/.arduino15/packages/arduino/tools/arm-none-eabi-gcc/7-2017q4/bin/../lib/gcc/arm-none-eabi/7.2.1/../../../../arm-none-eabi/lib/thumb/v6-m/libc_nano.a(lib_a-init.o)
 .ARM.attributes
                0x0000000000000542       0x2c /home/alireza/.arduino15/packages/arduino/tools/arm-none-eabi-gcc/7-2017q4/bin/../lib/gcc/arm-none-eabi/7.2.1/../../../../arm-none-eabi/lib/thumb/v6-m/libc_nano.a(lib_a-locale.o)
 .ARM.attributes
                0x000000000000056e       0x2c /home/alireza/.arduino15/packages/arduino/tools/arm-none-eabi-gcc/7-2017q4/bin/../lib/gcc/arm-none-eabi/7.2.1/../../../../arm-none-eabi/lib/thumb/v6-m/libc_nano.a(lib_a-malloc.o)
 .ARM.attributes
                0x000000000000059a       0x2c /home/alireza/.arduino15/packages/arduino/tools/arm-none-eabi-gcc/7-2017q4/bin/../lib/gcc/arm-none-eabi/7.2.1/../../../../arm-none-eabi/lib/thumb/v6-m/libc_nano.a(lib_a-mbtowc_r.o)
 .ARM.attributes
                0x00000000000005c6       0x2c /home/alireza/.arduino15/packages/arduino/tools/arm-none-eabi-gcc/7-2017q4/bin/../lib/gcc/arm-none-eabi/7.2.1/../../../../arm-none-eabi/lib/thumb/v6-m/libc_nano.a(lib_a-memcpy-stub.o)
 .ARM.attributes
                0x00000000000005f2       0x2c /home/alireza/.arduino15/packages/arduino/tools/arm-none-eabi-gcc/7-2017q4/bin/../lib/gcc/arm-none-eabi/7.2.1/../../../../arm-none-eabi/lib/thumb/v6-m/libc_nano.a(lib_a-memset.o)
 .ARM.attributes